<?xml version="1.0" encoding="ISO-8859-1" ?>
<link_info>
   <banner>TI ARM Linker PC v20.2.7.LTS</banner>
   <copyright>Copyright (c) 1996-2018 Texas Instruments Incorporated</copyright>
   <link_time>0x69b3250f</link_time>
   <link_errors>0x0</link_errors>
   <output_file>EEC 172 Final Project.out</output_file>
   <entry_point>
      <name>_c_int00_noargs</name>
      <address>0x20010fa1</address>
   </entry_point>
   <input_file_list>
      <input_file id="fl-2">
         <path>.\</path>
         <kind>object</kind>
         <file>Adafruit_GFX.obj</file>
         <name>Adafruit_GFX.obj</name>
      </input_file>
      <input_file id="fl-3">
         <path>.\</path>
         <kind>object</kind>
         <file>Adafruit_OLED.obj</file>
         <name>Adafruit_OLED.obj</name>
      </input_file>
      <input_file id="fl-4">
         <path>.\</path>
         <kind>object</kind>
         <file>gpio_if.obj</file>
         <name>gpio_if.obj</name>
      </input_file>
      <input_file id="fl-5">
         <path>.\</path>
         <kind>object</kind>
         <file>i2c_if.obj</file>
         <name>i2c_if.obj</name>
      </input_file>
      <input_file id="fl-6">
         <path>.\</path>
         <kind>object</kind>
         <file>main.obj</file>
         <name>main.obj</name>
      </input_file>
      <input_file id="fl-7">
         <path>.\</path>
         <kind>object</kind>
         <file>network_common.obj</file>
         <name>network_common.obj</name>
      </input_file>
      <input_file id="fl-8">
         <path>.\</path>
         <kind>object</kind>
         <file>pinmux.obj</file>
         <name>pinmux.obj</name>
      </input_file>
      <input_file id="fl-9">
         <path>.\</path>
         <kind>object</kind>
         <file>startup_ccs.obj</file>
         <name>startup_ccs.obj</name>
      </input_file>
      <input_file id="fl-a">
         <path>.\</path>
         <kind>object</kind>
         <file>timer_if.obj</file>
         <name>timer_if.obj</name>
      </input_file>
      <input_file id="fl-b">
         <path>.\</path>
         <kind>object</kind>
         <file>uart_if.obj</file>
         <name>uart_if.obj</name>
      </input_file>
      <input_file id="fl-c">
         <path>.\utils\</path>
         <kind>object</kind>
         <file>network_utils.obj</file>
         <name>network_utils.obj</name>
      </input_file>
      <input_file id="fl-12">
         <kind>object</kind>
         <file>&lt;internal&gt;</file>
         <name>&lt;internal&gt;</name>
      </input_file>
      <input_file id="fl-c8">
         <path>C:\ti\ccs1250\ccs\tools\compiler\ti-cgt-arm_20.2.7.LTS\lib\</path>
         <kind>archive</kind>
         <file>rtsv7M4_T_le_eabi.lib</file>
         <name>s_cos.c.obj</name>
      </input_file>
      <input_file id="fl-c9">
         <path>C:\ti\ccs1250\ccs\tools\compiler\ti-cgt-arm_20.2.7.LTS\lib\</path>
         <kind>archive</kind>
         <file>rtsv7M4_T_le_eabi.lib</file>
         <name>s_sin.c.obj</name>
      </input_file>
      <input_file id="fl-ca">
         <path>C:\ti\ccs1250\ccs\tools\compiler\ti-cgt-arm_20.2.7.LTS\lib\</path>
         <kind>archive</kind>
         <file>rtsv7M4_T_le_eabi.lib</file>
         <name>sprintf.c.obj</name>
      </input_file>
      <input_file id="fl-cb">
         <path>C:\ti\ccs1250\ccs\tools\compiler\ti-cgt-arm_20.2.7.LTS\lib\</path>
         <kind>archive</kind>
         <file>rtsv7M4_T_le_eabi.lib</file>
         <name>vsnprintf.c.obj</name>
      </input_file>
      <input_file id="fl-cc">
         <path>C:\ti\ccs1250\ccs\tools\compiler\ti-cgt-arm_20.2.7.LTS\lib\</path>
         <kind>archive</kind>
         <file>rtsv7M4_T_le_eabi.lib</file>
         <name>fd_add_t2.asm.obj</name>
      </input_file>
      <input_file id="fl-cd">
         <path>C:\ti\ccs1250\ccs\tools\compiler\ti-cgt-arm_20.2.7.LTS\lib\</path>
         <kind>archive</kind>
         <file>rtsv7M4_T_le_eabi.lib</file>
         <name>fd_cmp_t2.asm.obj</name>
      </input_file>
      <input_file id="fl-ce">
         <path>C:\ti\ccs1250\ccs\tools\compiler\ti-cgt-arm_20.2.7.LTS\lib\</path>
         <kind>archive</kind>
         <file>rtsv7M4_T_le_eabi.lib</file>
         <name>fd_div_t2.asm.obj</name>
      </input_file>
      <input_file id="fl-cf">
         <path>C:\ti\ccs1250\ccs\tools\compiler\ti-cgt-arm_20.2.7.LTS\lib\</path>
         <kind>archive</kind>
         <file>rtsv7M4_T_le_eabi.lib</file>
         <name>fd_mul_t2.asm.obj</name>
      </input_file>
      <input_file id="fl-d0">
         <path>C:\ti\ccs1250\ccs\tools\compiler\ti-cgt-arm_20.2.7.LTS\lib\</path>
         <kind>archive</kind>
         <file>rtsv7M4_T_le_eabi.lib</file>
         <name>fd_toi_t2.asm.obj</name>
      </input_file>
      <input_file id="fl-d1">
         <path>C:\ti\ccs1250\ccs\tools\compiler\ti-cgt-arm_20.2.7.LTS\lib\</path>
         <kind>archive</kind>
         <file>rtsv7M4_T_le_eabi.lib</file>
         <name>fs_add_t2.asm.obj</name>
      </input_file>
      <input_file id="fl-d2">
         <path>C:\ti\ccs1250\ccs\tools\compiler\ti-cgt-arm_20.2.7.LTS\lib\</path>
         <kind>archive</kind>
         <file>rtsv7M4_T_le_eabi.lib</file>
         <name>fs_cmp_t2.asm.obj</name>
      </input_file>
      <input_file id="fl-d3">
         <path>C:\ti\ccs1250\ccs\tools\compiler\ti-cgt-arm_20.2.7.LTS\lib\</path>
         <kind>archive</kind>
         <file>rtsv7M4_T_le_eabi.lib</file>
         <name>fs_toi_t2.asm.obj</name>
      </input_file>
      <input_file id="fl-d4">
         <path>C:\ti\ccs1250\ccs\tools\compiler\ti-cgt-arm_20.2.7.LTS\lib\</path>
         <kind>archive</kind>
         <file>rtsv7M4_T_le_eabi.lib</file>
         <name>i_tofd_t2.asm.obj</name>
      </input_file>
      <input_file id="fl-d5">
         <path>C:\ti\ccs1250\ccs\tools\compiler\ti-cgt-arm_20.2.7.LTS\lib\</path>
         <kind>archive</kind>
         <file>rtsv7M4_T_le_eabi.lib</file>
         <name>i_tofs_t2.asm.obj</name>
      </input_file>
      <input_file id="fl-d6">
         <path>C:\ti\ccs1250\ccs\tools\compiler\ti-cgt-arm_20.2.7.LTS\lib\</path>
         <kind>archive</kind>
         <file>rtsv7M4_T_le_eabi.lib</file>
         <name>memcpy_t2.asm.obj</name>
      </input_file>
      <input_file id="fl-d7">
         <path>C:\ti\ccs1250\ccs\tools\compiler\ti-cgt-arm_20.2.7.LTS\lib\</path>
         <kind>archive</kind>
         <file>rtsv7M4_T_le_eabi.lib</file>
         <name>memset_t2.asm.obj</name>
      </input_file>
      <input_file id="fl-d8">
         <path>C:\ti\ccs1250\ccs\tools\compiler\ti-cgt-arm_20.2.7.LTS\lib\</path>
         <kind>archive</kind>
         <file>rtsv7M4_T_le_eabi.lib</file>
         <name>copy_zero_init.c.obj</name>
      </input_file>
      <input_file id="fl-d9">
         <path>C:\ti\ccs1250\ccs\tools\compiler\ti-cgt-arm_20.2.7.LTS\lib\</path>
         <kind>archive</kind>
         <file>rtsv7M4_T_le_eabi.lib</file>
         <name>copy_decompress_none.c.obj</name>
      </input_file>
      <input_file id="fl-da">
         <path>C:\ti\ccs1250\ccs\tools\compiler\ti-cgt-arm_20.2.7.LTS\lib\</path>
         <kind>archive</kind>
         <file>rtsv7M4_T_le_eabi.lib</file>
         <name>copy_decompress_lzss.c.obj</name>
      </input_file>
      <input_file id="fl-db">
         <path>C:\ti\ccs1250\ccs\tools\compiler\ti-cgt-arm_20.2.7.LTS\lib\</path>
         <kind>archive</kind>
         <file>rtsv7M4_T_le_eabi.lib</file>
         <name>atof.c.obj</name>
      </input_file>
      <input_file id="fl-dc">
         <path>C:\ti\ccs1250\ccs\tools\compiler\ti-cgt-arm_20.2.7.LTS\lib\</path>
         <kind>archive</kind>
         <file>rtsv7M4_T_le_eabi.lib</file>
         <name>memmov.c.obj</name>
      </input_file>
      <input_file id="fl-dd">
         <path>C:\ti\ccs1250\ccs\tools\compiler\ti-cgt-arm_20.2.7.LTS\lib\</path>
         <kind>archive</kind>
         <file>rtsv7M4_T_le_eabi.lib</file>
         <name>memory.c.obj</name>
      </input_file>
      <input_file id="fl-de">
         <path>C:\ti\ccs1250\ccs\tools\compiler\ti-cgt-arm_20.2.7.LTS\lib\</path>
         <kind>archive</kind>
         <file>rtsv7M4_T_le_eabi.lib</file>
         <name>strcpy.c.obj</name>
      </input_file>
      <input_file id="fl-df">
         <path>C:\ti\ccs1250\ccs\tools\compiler\ti-cgt-arm_20.2.7.LTS\lib\</path>
         <kind>archive</kind>
         <file>rtsv7M4_T_le_eabi.lib</file>
         <name>strlen.c.obj</name>
      </input_file>
      <input_file id="fl-e0">
         <path>C:\ti\ccs1250\ccs\tools\compiler\ti-cgt-arm_20.2.7.LTS\lib\</path>
         <kind>archive</kind>
         <file>rtsv7M4_T_le_eabi.lib</file>
         <name>strtod.c.obj</name>
      </input_file>
      <input_file id="fl-e1">
         <path>C:\ti\ccs1250\ccs\tools\compiler\ti-cgt-arm_20.2.7.LTS\lib\</path>
         <kind>archive</kind>
         <file>rtsv7M4_T_le_eabi.lib</file>
         <name>k_rem_pio2.c.obj</name>
      </input_file>
      <input_file id="fl-e2">
         <path>C:\ti\ccs1250\ccs\tools\compiler\ti-cgt-arm_20.2.7.LTS\lib\</path>
         <kind>archive</kind>
         <file>rtsv7M4_T_le_eabi.lib</file>
         <name>boot_cortex_m.c.obj</name>
      </input_file>
      <input_file id="fl-e3">
         <path>C:\ti\ccs1250\ccs\tools\compiler\ti-cgt-arm_20.2.7.LTS\lib\</path>
         <kind>archive</kind>
         <file>rtsv7M4_T_le_eabi.lib</file>
         <name>errno.c.obj</name>
      </input_file>
      <input_file id="fl-e4">
         <path>C:\ti\ccs1250\ccs\tools\compiler\ti-cgt-arm_20.2.7.LTS\lib\</path>
         <kind>archive</kind>
         <file>rtsv7M4_T_le_eabi.lib</file>
         <name>k_cos.c.obj</name>
      </input_file>
      <input_file id="fl-e5">
         <path>C:\ti\ccs1250\ccs\tools\compiler\ti-cgt-arm_20.2.7.LTS\lib\</path>
         <kind>archive</kind>
         <file>rtsv7M4_T_le_eabi.lib</file>
         <name>k_sin.c.obj</name>
      </input_file>
      <input_file id="fl-e6">
         <path>C:\ti\ccs1250\ccs\tools\compiler\ti-cgt-arm_20.2.7.LTS\lib\</path>
         <kind>archive</kind>
         <file>rtsv7M4_T_le_eabi.lib</file>
         <name>s_floor.c.obj</name>
      </input_file>
      <input_file id="fl-e7">
         <path>C:\ti\ccs1250\ccs\tools\compiler\ti-cgt-arm_20.2.7.LTS\lib\</path>
         <kind>archive</kind>
         <file>rtsv7M4_T_le_eabi.lib</file>
         <name>s_scalbn.c.obj</name>
      </input_file>
      <input_file id="fl-e8">
         <path>C:\ti\ccs1250\ccs\tools\compiler\ti-cgt-arm_20.2.7.LTS\lib\</path>
         <kind>archive</kind>
         <file>rtsv7M4_T_le_eabi.lib</file>
         <name>_printfi.c.obj</name>
      </input_file>
      <input_file id="fl-e9">
         <path>C:\ti\ccs1250\ccs\tools\compiler\ti-cgt-arm_20.2.7.LTS\lib\</path>
         <kind>archive</kind>
         <file>rtsv7M4_T_le_eabi.lib</file>
         <name>ull_div_t2.asm.obj</name>
      </input_file>
      <input_file id="fl-ea">
         <path>C:\ti\ccs1250\ccs\tools\compiler\ti-cgt-arm_20.2.7.LTS\lib\</path>
         <kind>archive</kind>
         <file>rtsv7M4_T_le_eabi.lib</file>
         <name>autoinit.c.obj</name>
      </input_file>
      <input_file id="fl-eb">
         <path>C:\ti\ccs1250\ccs\tools\compiler\ti-cgt-arm_20.2.7.LTS\lib\</path>
         <kind>archive</kind>
         <file>rtsv7M4_T_le_eabi.lib</file>
         <name>pre_init.c.obj</name>
      </input_file>
      <input_file id="fl-ec">
         <path>C:\ti\ccs1250\ccs\tools\compiler\ti-cgt-arm_20.2.7.LTS\lib\</path>
         <kind>archive</kind>
         <file>rtsv7M4_T_le_eabi.lib</file>
         <name>cpy_tbl.c.obj</name>
      </input_file>
      <input_file id="fl-ed">
         <path>C:\ti\ccs1250\ccs\tools\compiler\ti-cgt-arm_20.2.7.LTS\lib\</path>
         <kind>archive</kind>
         <file>rtsv7M4_T_le_eabi.lib</file>
         <name>exit.c.obj</name>
      </input_file>
      <input_file id="fl-ee">
         <path>C:\ti\ccs1250\ccs\tools\compiler\ti-cgt-arm_20.2.7.LTS\lib\</path>
         <kind>archive</kind>
         <file>rtsv7M4_T_le_eabi.lib</file>
         <name>_lock.c.obj</name>
      </input_file>
      <input_file id="fl-ef">
         <path>C:\ti\ccs1250\ccs\tools\compiler\ti-cgt-arm_20.2.7.LTS\lib\</path>
         <kind>archive</kind>
         <file>rtsv7M4_T_le_eabi.lib</file>
         <name>_ltoa.c.obj</name>
      </input_file>
      <input_file id="fl-f0">
         <path>C:\ti\ccs1250\ccs\tools\compiler\ti-cgt-arm_20.2.7.LTS\lib\</path>
         <kind>archive</kind>
         <file>rtsv7M4_T_le_eabi.lib</file>
         <name>args_main.c.obj</name>
      </input_file>
      <input_file id="fl-f1">
         <path>C:\ti\ccs1250\ccs\tools\compiler\ti-cgt-arm_20.2.7.LTS\lib\</path>
         <kind>archive</kind>
         <file>rtsv7M4_T_le_eabi.lib</file>
         <name>atoi.c.obj</name>
      </input_file>
      <input_file id="fl-f2">
         <path>C:\ti\ccs1250\ccs\tools\compiler\ti-cgt-arm_20.2.7.LTS\lib\</path>
         <kind>archive</kind>
         <file>rtsv7M4_T_le_eabi.lib</file>
         <name>ctype.c.obj</name>
      </input_file>
      <input_file id="fl-f3">
         <path>C:\ti\ccs1250\ccs\tools\compiler\ti-cgt-arm_20.2.7.LTS\lib\</path>
         <kind>archive</kind>
         <file>rtsv7M4_T_le_eabi.lib</file>
         <name>memccpy.c.obj</name>
      </input_file>
      <input_file id="fl-f4">
         <path>C:\ti\ccs1250\ccs\tools\compiler\ti-cgt-arm_20.2.7.LTS\lib\</path>
         <kind>archive</kind>
         <file>rtsv7M4_T_le_eabi.lib</file>
         <name>strchr.c.obj</name>
      </input_file>
      <input_file id="fl-f5">
         <path>C:\ti\ccs1250\ccs\tools\compiler\ti-cgt-arm_20.2.7.LTS\lib\</path>
         <kind>archive</kind>
         <file>rtsv7M4_T_le_eabi.lib</file>
         <name>wcslen.c.obj</name>
      </input_file>
      <input_file id="fl-f6">
         <path>C:\ti\ccs1250\ccs\tools\compiler\ti-cgt-arm_20.2.7.LTS\lib\</path>
         <kind>archive</kind>
         <file>rtsv7M4_T_le_eabi.lib</file>
         <name>s_copysign.c.obj</name>
      </input_file>
      <input_file id="fl-f7">
         <path>C:\ti\ccs1250\ccs\tools\compiler\ti-cgt-arm_20.2.7.LTS\lib\</path>
         <kind>archive</kind>
         <file>rtsv7M4_T_le_eabi.lib</file>
         <name>s_frexp.c.obj</name>
      </input_file>
      <input_file id="fl-f8">
         <path>C:\ti\ccs1250\ccs\tools\compiler\ti-cgt-arm_20.2.7.LTS\lib\</path>
         <kind>archive</kind>
         <file>rtsv7M4_T_le_eabi.lib</file>
         <name>div0.asm.obj</name>
      </input_file>
      <input_file id="fl-f9">
         <path>C:\ti\CC3200SDK_1.5.0\cc3200-sdk\driverlib\ccs\Release\</path>
         <kind>archive</kind>
         <file>driverlib.a</file>
         <name>gpio.obj</name>
      </input_file>
      <input_file id="fl-fa">
         <path>C:\ti\CC3200SDK_1.5.0\cc3200-sdk\driverlib\ccs\Release\</path>
         <kind>archive</kind>
         <file>driverlib.a</file>
         <name>i2c.obj</name>
      </input_file>
      <input_file id="fl-fb">
         <path>C:\ti\CC3200SDK_1.5.0\cc3200-sdk\driverlib\ccs\Release\</path>
         <kind>archive</kind>
         <file>driverlib.a</file>
         <name>interrupt.obj</name>
      </input_file>
      <input_file id="fl-fc">
         <path>C:\ti\CC3200SDK_1.5.0\cc3200-sdk\driverlib\ccs\Release\</path>
         <kind>archive</kind>
         <file>driverlib.a</file>
         <name>pin.obj</name>
      </input_file>
      <input_file id="fl-fd">
         <path>C:\ti\CC3200SDK_1.5.0\cc3200-sdk\driverlib\ccs\Release\</path>
         <kind>archive</kind>
         <file>driverlib.a</file>
         <name>prcm.obj</name>
      </input_file>
      <input_file id="fl-fe">
         <path>C:\ti\CC3200SDK_1.5.0\cc3200-sdk\driverlib\ccs\Release\</path>
         <kind>archive</kind>
         <file>driverlib.a</file>
         <name>spi.obj</name>
      </input_file>
      <input_file id="fl-ff">
         <path>C:\ti\CC3200SDK_1.5.0\cc3200-sdk\driverlib\ccs\Release\</path>
         <kind>archive</kind>
         <file>driverlib.a</file>
         <name>systick.obj</name>
      </input_file>
      <input_file id="fl-100">
         <path>C:\ti\CC3200SDK_1.5.0\cc3200-sdk\driverlib\ccs\Release\</path>
         <kind>archive</kind>
         <file>driverlib.a</file>
         <name>timer.obj</name>
      </input_file>
      <input_file id="fl-101">
         <path>C:\ti\CC3200SDK_1.5.0\cc3200-sdk\driverlib\ccs\Release\</path>
         <kind>archive</kind>
         <file>driverlib.a</file>
         <name>uart.obj</name>
      </input_file>
      <input_file id="fl-102">
         <path>C:\ti\CC3200SDK_1.5.0\cc3200-sdk\driverlib\ccs\Release\</path>
         <kind>archive</kind>
         <file>driverlib.a</file>
         <name>utils.obj</name>
      </input_file>
      <input_file id="fl-103">
         <path>C:\ti\CC3200SDK_1.5.0\cc3200-sdk\driverlib\ccs\Release\</path>
         <kind>archive</kind>
         <file>driverlib.a</file>
         <name>cpu.obj</name>
      </input_file>
      <input_file id="fl-104">
         <path>C:\ti\CC3200SDK_1.5.0\cc3200-sdk\driverlib\ccs\Release\</path>
         <kind>archive</kind>
         <file>driverlib.a</file>
         <name>flash.obj</name>
      </input_file>
      <input_file id="fl-105">
         <path>C:\ti\CC3200SDK_1.5.0\cc3200-sdk\simplelink\ccs\NON_OS\</path>
         <kind>archive</kind>
         <file>simplelink.a</file>
         <name>device.obj</name>
      </input_file>
      <input_file id="fl-106">
         <path>C:\ti\CC3200SDK_1.5.0\cc3200-sdk\simplelink\ccs\NON_OS\</path>
         <kind>archive</kind>
         <file>simplelink.a</file>
         <name>driver.obj</name>
      </input_file>
      <input_file id="fl-107">
         <path>C:\ti\CC3200SDK_1.5.0\cc3200-sdk\simplelink\ccs\NON_OS\</path>
         <kind>archive</kind>
         <file>simplelink.a</file>
         <name>netapp.obj</name>
      </input_file>
      <input_file id="fl-108">
         <path>C:\ti\CC3200SDK_1.5.0\cc3200-sdk\simplelink\ccs\NON_OS\</path>
         <kind>archive</kind>
         <file>simplelink.a</file>
         <name>netcfg.obj</name>
      </input_file>
      <input_file id="fl-109">
         <path>C:\ti\CC3200SDK_1.5.0\cc3200-sdk\simplelink\ccs\NON_OS\</path>
         <kind>archive</kind>
         <file>simplelink.a</file>
         <name>nonos.obj</name>
      </input_file>
      <input_file id="fl-10a">
         <path>C:\ti\CC3200SDK_1.5.0\cc3200-sdk\simplelink\ccs\NON_OS\</path>
         <kind>archive</kind>
         <file>simplelink.a</file>
         <name>socket.obj</name>
      </input_file>
      <input_file id="fl-10b">
         <path>C:\ti\CC3200SDK_1.5.0\cc3200-sdk\simplelink\ccs\NON_OS\</path>
         <kind>archive</kind>
         <file>simplelink.a</file>
         <name>wlan.obj</name>
      </input_file>
      <input_file id="fl-10c">
         <path>C:\ti\CC3200SDK_1.5.0\cc3200-sdk\simplelink\ccs\NON_OS\</path>
         <kind>archive</kind>
         <file>simplelink.a</file>
         <name>cc_pal.obj</name>
      </input_file>
      <input_file id="fl-10d">
         <path>C:\ti\CC3200SDK_1.5.0\cc3200-sdk\driverlib\ccs\Release\</path>
         <kind>archive</kind>
         <file>driverlib.a</file>
         <name>udma.obj</name>
      </input_file>
   </input_file_list>
   <object_component_list>
      <object_component id="oc-12">
         <name>.intvecs</name>
         <load_address>0x20004000</load_address>
         <run_address>0x20004000</run_address>
         <size>0x400</size>
         <input_file_ref idref="fl-9"/>
      </object_component>
      <object_component id="oc-97">
         <name>.text</name>
         <load_address>0x20004400</load_address>
         <run_address>0x20004400</run_address>
         <size>0x17fc</size>
         <input_file_ref idref="fl-6"/>
      </object_component>
      <object_component id="oc-14a">
         <name>.text</name>
         <load_address>0x20005bfc</load_address>
         <run_address>0x20005bfc</run_address>
         <size>0xee4</size>
         <input_file_ref idref="fl-c"/>
      </object_component>
      <object_component id="oc-113">
         <name>.text</name>
         <load_address>0x20006ae0</load_address>
         <run_address>0x20006ae0</run_address>
         <size>0xa80</size>
         <input_file_ref idref="fl-2"/>
      </object_component>
      <object_component id="oc-33a">
         <name>.text:__TI_printfi</name>
         <load_address>0x20007560</load_address>
         <run_address>0x20007560</run_address>
         <size>0xa4e</size>
         <input_file_ref idref="fl-e8"/>
      </object_component>
      <object_component id="oc-91e">
         <name>.text:IntDefaultHandler</name>
         <load_address>0x20007fae</load_address>
         <run_address>0x20007fae</run_address>
         <size>0x2</size>
         <input_file_ref idref="fl-fb"/>
      </object_component>
      <object_component id="oc-2cd">
         <name>.text:__kernel_rem_pio2</name>
         <load_address>0x20007fb0</load_address>
         <run_address>0x20007fb0</run_address>
         <size>0x730</size>
         <input_file_ref idref="fl-e1"/>
      </object_component>
      <object_component id="oc-103">
         <name>.text:cos</name>
         <load_address>0x200086e0</load_address>
         <run_address>0x200086e0</run_address>
         <size>0x5c0</size>
         <input_file_ref idref="fl-c8"/>
      </object_component>
      <object_component id="oc-f8">
         <name>.text:sin</name>
         <load_address>0x20008ca0</load_address>
         <run_address>0x20008ca0</run_address>
         <size>0x5c0</size>
         <input_file_ref idref="fl-c9"/>
      </object_component>
      <object_component id="oc-7be">
         <name>.text:_SlDrvMsgRead</name>
         <load_address>0x20009260</load_address>
         <run_address>0x20009260</run_address>
         <size>0x590</size>
         <input_file_ref idref="fl-106"/>
      </object_component>
      <object_component id="oc-109">
         <name>.text</name>
         <load_address>0x200097f0</load_address>
         <run_address>0x200097f0</run_address>
         <size>0x4a2</size>
         <input_file_ref idref="fl-3"/>
      </object_component>
      <object_component id="oc-78a">
         <name>.text:_nop</name>
         <load_address>0x20009c92</load_address>
         <run_address>0x20009c92</run_address>
         <size>0x2</size>
         <input_file_ref idref="fl-ee"/>
      </object_component>
      <object_component id="oc-350">
         <name>.text:strtod</name>
         <load_address>0x20009c94</load_address>
         <run_address>0x20009c94</run_address>
         <size>0x454</size>
         <input_file_ref idref="fl-e0"/>
      </object_component>
      <object_component id="oc-3bf">
         <name>.text</name>
         <load_address>0x2000a0e8</load_address>
         <run_address>0x2000a0e8</run_address>
         <size>0x398</size>
         <input_file_ref idref="fl-4"/>
      </object_component>
      <object_component id="oc-156">
         <name>.text</name>
         <load_address>0x2000a480</load_address>
         <run_address>0x2000a480</run_address>
         <size>0x2a0</size>
         <input_file_ref idref="fl-5"/>
      </object_component>
      <object_component id="oc-3b9">
         <name>.text:sl_WlanConnect</name>
         <load_address>0x2000a720</load_address>
         <run_address>0x2000a720</run_address>
         <size>0x280</size>
         <input_file_ref idref="fl-10b"/>
      </object_component>
      <object_component id="oc-e3">
         <name>.text</name>
         <load_address>0x2000a9a0</load_address>
         <run_address>0x2000a9a0</run_address>
         <size>0x27c</size>
         <input_file_ref idref="fl-b"/>
      </object_component>
      <object_component id="oc-602">
         <name>.text:_pconv_a</name>
         <load_address>0x2000ac1c</load_address>
         <run_address>0x2000ac1c</run_address>
         <size>0x268</size>
         <input_file_ref idref="fl-e8"/>
      </object_component>
      <object_component id="oc-95e">
         <name>.text:_SlDrvRxHdrRead</name>
         <load_address>0x2000ae84</load_address>
         <run_address>0x2000ae84</run_address>
         <size>0x248</size>
         <input_file_ref idref="fl-106"/>
      </object_component>
      <object_component id="oc-4e2">
         <name>.text:_SlDrvDataReadOp</name>
         <load_address>0x2000b0cc</load_address>
         <run_address>0x2000b0cc</run_address>
         <size>0x1e4</size>
         <input_file_ref idref="fl-106"/>
      </object_component>
      <object_component id="oc-661">
         <name>.text:_SlDrvReleasePoolObj</name>
         <load_address>0x2000b2b0</load_address>
         <run_address>0x2000b2b0</run_address>
         <size>0x1d0</size>
         <input_file_ref idref="fl-106"/>
      </object_component>
      <object_component id="oc-5f0">
         <name>.text:_pconv_g</name>
         <load_address>0x2000b480</load_address>
         <run_address>0x2000b480</run_address>
         <size>0x1cc</size>
         <input_file_ref idref="fl-e8"/>
      </object_component>
      <object_component id="oc-128">
         <name>.text</name>
         <load_address>0x2000b64c</load_address>
         <run_address>0x2000b64c</run_address>
         <size>0x1b6</size>
         <input_file_ref idref="fl-cc"/>
      </object_component>
      <object_component id="oc-987">
         <name>.text</name>
         <load_address>0x2000b802</load_address>
         <run_address>0x2000b802</run_address>
         <size>0x2</size>
         <input_file_ref idref="fl-f8"/>
      </object_component>
      <object_component id="oc-637">
         <name>.text:_SlDrvDriverCBInit</name>
         <load_address>0x2000b804</load_address>
         <run_address>0x2000b804</run_address>
         <size>0x1b4</size>
         <input_file_ref idref="fl-106"/>
      </object_component>
      <object_component id="oc-538">
         <name>.text:_SlDrvMsgWrite</name>
         <load_address>0x2000b9b8</load_address>
         <run_address>0x2000b9b8</run_address>
         <size>0x19c</size>
         <input_file_ref idref="fl-106"/>
      </object_component>
      <object_component id="oc-1a5">
         <name>.text</name>
         <load_address>0x2000bb54</load_address>
         <run_address>0x2000bb54</run_address>
         <size>0x198</size>
         <input_file_ref idref="fl-a"/>
      </object_component>
      <object_component id="oc-6e0">
         <name>.text:_SlDrvWaitForPoolObj</name>
         <load_address>0x2000bcec</load_address>
         <run_address>0x2000bcec</run_address>
         <size>0x190</size>
         <input_file_ref idref="fl-106"/>
      </object_component>
      <object_component id="oc-3e8">
         <name>.text:sl_Connect</name>
         <load_address>0x2000be7c</load_address>
         <run_address>0x2000be7c</run_address>
         <size>0x18c</size>
         <input_file_ref idref="fl-10a"/>
      </object_component>
      <object_component id="oc-d7">
         <name>.text:PRCMCC3200MCUInit</name>
         <load_address>0x2000c008</load_address>
         <run_address>0x2000c008</run_address>
         <size>0x178</size>
         <input_file_ref idref="fl-fd"/>
      </object_component>
      <object_component id="oc-970">
         <name>.text:_SlFindAndSetActiveObj</name>
         <load_address>0x2000c180</load_address>
         <run_address>0x2000c180</run_address>
         <size>0x170</size>
         <input_file_ref idref="fl-106"/>
      </object_component>
      <object_component id="oc-2c2">
         <name>.text:__kernel_sin</name>
         <load_address>0x2000c2f0</load_address>
         <run_address>0x2000c2f0</run_address>
         <size>0x168</size>
         <input_file_ref idref="fl-e5"/>
      </object_component>
      <object_component id="oc-2d3">
         <name>.text:__kernel_cos</name>
         <load_address>0x2000c458</load_address>
         <run_address>0x2000c458</run_address>
         <size>0x160</size>
         <input_file_ref idref="fl-e4"/>
      </object_component>
      <object_component id="oc-4d7">
         <name>.text:_SlDrvDataWriteOp</name>
         <load_address>0x2000c5b8</load_address>
         <run_address>0x2000c5b8</run_address>
         <size>0x150</size>
         <input_file_ref idref="fl-106"/>
      </object_component>
      <object_component id="oc-63d">
         <name>.text:spi_Open</name>
         <load_address>0x2000c708</load_address>
         <run_address>0x2000c708</run_address>
         <size>0x148</size>
         <input_file_ref idref="fl-10c"/>
      </object_component>
      <object_component id="oc-53e">
         <name>.text:_SlDrvMsgReadCmdCtx</name>
         <load_address>0x2000c850</load_address>
         <run_address>0x2000c850</run_address>
         <size>0x144</size>
         <input_file_ref idref="fl-106"/>
      </object_component>
      <object_component id="oc-3ca">
         <name>.text:sl_NetAppDnsGetHostByName</name>
         <load_address>0x2000c994</load_address>
         <run_address>0x2000c994</run_address>
         <size>0x144</size>
         <input_file_ref idref="fl-107"/>
      </object_component>
      <object_component id="oc-5fc">
         <name>.text:_pconv_e</name>
         <load_address>0x2000cad8</load_address>
         <run_address>0x2000cad8</run_address>
         <size>0x13c</size>
         <input_file_ref idref="fl-e8"/>
      </object_component>
      <object_component id="oc-15d">
         <name>.text</name>
         <load_address>0x2000cc14</load_address>
         <run_address>0x2000cc14</run_address>
         <size>0x138</size>
         <input_file_ref idref="fl-8"/>
      </object_component>
      <object_component id="oc-f3">
         <name>.text</name>
         <load_address>0x2000cd4c</load_address>
         <run_address>0x2000cd4c</run_address>
         <size>0x136</size>
         <input_file_ref idref="fl-ce"/>
      </object_component>
      <object_component id="oc-1b7">
         <name>.text:sl_Send</name>
         <load_address>0x2000ce84</load_address>
         <run_address>0x2000ce84</run_address>
         <size>0x134</size>
         <input_file_ref idref="fl-10a"/>
      </object_component>
      <object_component id="oc-68f">
         <name>.text:_SlDrvDriverCBDeinit</name>
         <load_address>0x2000cfb8</load_address>
         <run_address>0x2000cfb8</run_address>
         <size>0x130</size>
         <input_file_ref idref="fl-106"/>
      </object_component>
      <object_component id="oc-824">
         <name>.text:fcvt</name>
         <load_address>0x2000d0e8</load_address>
         <run_address>0x2000d0e8</run_address>
         <size>0x120</size>
         <input_file_ref idref="fl-e8"/>
      </object_component>
      <object_component id="oc-a0e">
         <name>.text:_SlDrvNetAppEventHandler</name>
         <load_address>0x2000d208</load_address>
         <run_address>0x2000d208</run_address>
         <size>0x104</size>
         <input_file_ref idref="fl-107"/>
      </object_component>
      <object_component id="oc-58b">
         <name>.text:aligned_alloc</name>
         <load_address>0x2000d30c</load_address>
         <run_address>0x2000d30c</run_address>
         <size>0x100</size>
         <input_file_ref idref="fl-dd"/>
      </object_component>
      <object_component id="oc-ee">
         <name>.text</name>
         <load_address>0x2000d40c</load_address>
         <run_address>0x2000d40c</run_address>
         <size>0xfc</size>
         <input_file_ref idref="fl-cf"/>
      </object_component>
      <object_component id="oc-13b">
         <name>.text</name>
         <load_address>0x2000d508</load_address>
         <run_address>0x2000d508</run_address>
         <size>0xfa</size>
         <input_file_ref idref="fl-d1"/>
      </object_component>
      <object_component id="oc-5b3">
         <name>.text:floor</name>
         <load_address>0x2000d604</load_address>
         <run_address>0x2000d604</run_address>
         <size>0xf4</size>
         <input_file_ref idref="fl-e6"/>
      </object_component>
      <object_component id="oc-37c">
         <name>.text:sl_Stop</name>
         <load_address>0x2000d6f8</load_address>
         <run_address>0x2000d6f8</run_address>
         <size>0xf0</size>
         <input_file_ref idref="fl-105"/>
      </object_component>
      <object_component id="oc-96a">
         <name>.text:spi_Read</name>
         <load_address>0x2000d7e8</load_address>
         <run_address>0x2000d7e8</run_address>
         <size>0xf0</size>
         <input_file_ref idref="fl-10c"/>
      </object_component>
      <object_component id="oc-a5c">
         <name>.text:uDMAChannelTransferSet</name>
         <load_address>0x2000d8d8</load_address>
         <run_address>0x2000d8d8</run_address>
         <size>0xf0</size>
         <input_file_ref idref="fl-10d"/>
      </object_component>
      <object_component id="oc-36a">
         <name>.text:sl_Start</name>
         <load_address>0x2000d9c8</load_address>
         <run_address>0x2000d9c8</run_address>
         <size>0xec</size>
         <input_file_ref idref="fl-105"/>
      </object_component>
      <object_component id="oc-7c4">
         <name>.text:_SlAsyncEventGenericHandler</name>
         <load_address>0x2000dab4</load_address>
         <run_address>0x2000dab4</run_address>
         <size>0xe8</size>
         <input_file_ref idref="fl-106"/>
      </object_component>
      <object_component id="oc-7d7">
         <name>.text:_SlDrvMsgReadSpawnCtx</name>
         <load_address>0x2000db9c</load_address>
         <run_address>0x2000db9c</run_address>
         <size>0xe8</size>
         <input_file_ref idref="fl-106"/>
      </object_component>
      <object_component id="oc-2aa">
         <name>.text:free</name>
         <load_address>0x2000dc84</load_address>
         <run_address>0x2000dc84</run_address>
         <size>0xe4</size>
         <input_file_ref idref="fl-dd"/>
      </object_component>
      <object_component id="oc-2a4">
         <name>.text:realloc</name>
         <load_address>0x2000dd68</load_address>
         <run_address>0x2000dd68</run_address>
         <size>0xe4</size>
         <input_file_ref idref="fl-dd"/>
      </object_component>
      <object_component id="oc-6ba">
         <name>.text:sl_NetAppMDNSRegisterUnregisterService</name>
         <load_address>0x2000de4c</load_address>
         <run_address>0x2000de4c</run_address>
         <size>0xe4</size>
         <input_file_ref idref="fl-107"/>
      </object_component>
      <object_component id="oc-964">
         <name>.text:_SlDrvClassifyRxMsg</name>
         <load_address>0x2000df30</load_address>
         <run_address>0x2000df30</run_address>
         <size>0xdc</size>
         <input_file_ref idref="fl-106"/>
      </object_component>
      <object_component id="oc-5ad">
         <name>.text:scalbn</name>
         <load_address>0x2000e00c</load_address>
         <run_address>0x2000e00c</run_address>
         <size>0xd0</size>
         <input_file_ref idref="fl-e7"/>
      </object_component>
      <object_component id="oc-a87">
         <name>.text:_sl_HandleAsync_DnsGetHostByService</name>
         <load_address>0x2000e0dc</load_address>
         <run_address>0x2000e0dc</run_address>
         <size>0xcc</size>
         <input_file_ref idref="fl-107"/>
      </object_component>
      <object_component id="oc-382">
         <name>.text:sl_DevGet</name>
         <load_address>0x2000e1a8</load_address>
         <run_address>0x2000e1a8</run_address>
         <size>0xcc</size>
         <input_file_ref idref="fl-105"/>
      </object_component>
      <object_component id="oc-8b3">
         <name>.text:_SlRemoveFromList</name>
         <load_address>0x2000e274</load_address>
         <run_address>0x2000e274</run_address>
         <size>0xc4</size>
         <input_file_ref idref="fl-106"/>
      </object_component>
      <object_component id="oc-25a">
         <name>.text:_SlDrvCmdOp</name>
         <load_address>0x2000e338</load_address>
         <run_address>0x2000e338</run_address>
         <size>0xc0</size>
         <input_file_ref idref="fl-106"/>
      </object_component>
      <object_component id="oc-5ea">
         <name>.text:_ltostr</name>
         <load_address>0x2000e3f8</load_address>
         <run_address>0x2000e3f8</run_address>
         <size>0xb1</size>
         <input_file_ref idref="fl-e8"/>
      </object_component>
      <object_component id="oc-772">
         <name>.text:_SlNonOsSemGet</name>
         <load_address>0x2000e4ac</load_address>
         <run_address>0x2000e4ac</run_address>
         <size>0xb0</size>
         <input_file_ref idref="fl-109"/>
      </object_component>
      <object_component id="oc-754">
         <name>.text:IntDisable</name>
         <load_address>0x2000e55c</load_address>
         <run_address>0x2000e55c</run_address>
         <size>0xa8</size>
         <input_file_ref idref="fl-fb"/>
      </object_component>
      <object_component id="oc-d1">
         <name>.text:IntEnable</name>
         <load_address>0x2000e604</load_address>
         <run_address>0x2000e604</run_address>
         <size>0xa8</size>
         <input_file_ref idref="fl-fb"/>
      </object_component>
      <object_component id="oc-7ca">
         <name>.text:_SlDriverHandleError</name>
         <load_address>0x2000e6ac</load_address>
         <run_address>0x2000e6ac</run_address>
         <size>0xa4</size>
         <input_file_ref idref="fl-106"/>
      </object_component>
      <object_component id="oc-17b">
         <name>.text:SPIConfigSetExpClk</name>
         <load_address>0x2000e750</load_address>
         <run_address>0x2000e750</run_address>
         <size>0xa0</size>
         <input_file_ref idref="fl-fe"/>
      </object_component>
      <object_component id="oc-1bd">
         <name>.text:sl_Recv</name>
         <load_address>0x2000e7f0</load_address>
         <run_address>0x2000e7f0</run_address>
         <size>0xa0</size>
         <input_file_ref idref="fl-10a"/>
      </object_component>
      <object_component id="oc-3d">
         <name>.text</name>
         <load_address>0x2000e890</load_address>
         <run_address>0x2000e890</run_address>
         <size>0x9c</size>
         <input_file_ref idref="fl-d6"/>
      </object_component>
      <object_component id="oc-a6d">
         <name>.text:_SlDrvDeviceEventHandler</name>
         <load_address>0x2000e92c</load_address>
         <run_address>0x2000e92c</run_address>
         <size>0x9a</size>
         <input_file_ref idref="fl-105"/>
      </object_component>
      <object_component id="oc-dd">
         <name>.text:sl_DevSet</name>
         <load_address>0x2000e9c8</load_address>
         <run_address>0x2000e9c8</run_address>
         <size>0x98</size>
         <input_file_ref idref="fl-105"/>
      </object_component>
      <object_component id="oc-39a">
         <name>.text:sl_NetCfgSet</name>
         <load_address>0x2000ea60</load_address>
         <run_address>0x2000ea60</run_address>
         <size>0x98</size>
         <input_file_ref idref="fl-108"/>
      </object_component>
      <object_component id="oc-3e2">
         <name>.text:sl_SetSockOpt</name>
         <load_address>0x2000eaf8</load_address>
         <run_address>0x2000eaf8</run_address>
         <size>0x98</size>
         <input_file_ref idref="fl-10a"/>
      </object_component>
      <object_component id="oc-3a0">
         <name>.text:sl_WlanSet</name>
         <load_address>0x2000eb90</load_address>
         <run_address>0x2000eb90</run_address>
         <size>0x98</size>
         <input_file_ref idref="fl-10b"/>
      </object_component>
      <object_component id="oc-7b4">
         <name>.text:spi_Write</name>
         <load_address>0x2000ec28</load_address>
         <run_address>0x2000ec28</run_address>
         <size>0x98</size>
         <input_file_ref idref="fl-10c"/>
      </object_component>
      <object_component id="oc-80b">
         <name>.text</name>
         <load_address>0x2000ecc0</load_address>
         <run_address>0x2000ecc0</run_address>
         <size>0x96</size>
         <input_file_ref idref="fl-e9"/>
      </object_component>
      <object_component id="oc-175">
         <name>.text:PRCMPeripheralClockGet</name>
         <load_address>0x2000ed58</load_address>
         <run_address>0x2000ed58</run_address>
         <size>0x94</size>
         <input_file_ref idref="fl-fd"/>
      </object_component>
      <object_component id="oc-a81">
         <name>.text:_sl_HandleAsync_DnsGetHostByName</name>
         <load_address>0x2000edec</load_address>
         <run_address>0x2000edec</run_address>
         <size>0x90</size>
         <input_file_ref idref="fl-107"/>
      </object_component>
      <object_component id="oc-a14">
         <name>.text:_sl_HandleAsync_PingResponse</name>
         <load_address>0x2000ee7c</load_address>
         <run_address>0x2000ee7c</run_address>
         <size>0x90</size>
         <input_file_ref idref="fl-107"/>
      </object_component>
      <object_component id="oc-388">
         <name>.text:sl_WlanPolicySet</name>
         <load_address>0x2000ef0c</load_address>
         <run_address>0x2000ef0c</run_address>
         <size>0x90</size>
         <input_file_ref idref="fl-10b"/>
      </object_component>
      <object_component id="oc-a1b">
         <name>.text:SetupDMAReceive</name>
         <load_address>0x2000ef9c</load_address>
         <run_address>0x2000ef9c</run_address>
         <size>0x8c</size>
         <input_file_ref idref="fl-10c"/>
      </object_component>
      <object_component id="oc-949">
         <name>.text:SetupDMASend</name>
         <load_address>0x2000f028</load_address>
         <run_address>0x2000f028</run_address>
         <size>0x8c</size>
         <input_file_ref idref="fl-10c"/>
      </object_component>
      <object_component id="oc-92e">
         <name>.text:_SlDrvIsTimeoutExpired</name>
         <load_address>0x2000f0b4</load_address>
         <run_address>0x2000f0b4</run_address>
         <size>0x8c</size>
         <input_file_ref idref="fl-106"/>
      </object_component>
      <object_component id="oc-ac7">
         <name>.text:_sl_HandleAsync_InitComplete</name>
         <load_address>0x2000f140</load_address>
         <run_address>0x2000f140</run_address>
         <size>0x8c</size>
         <input_file_ref idref="fl-105"/>
      </object_component>
      <object_component id="oc-3dc">
         <name>.text:sl_Socket</name>
         <load_address>0x2000f1cc</load_address>
         <run_address>0x2000f1cc</run_address>
         <size>0x8c</size>
         <input_file_ref idref="fl-10a"/>
      </object_component>
      <object_component id="oc-729">
         <name>.text:PinConfigSet</name>
         <load_address>0x2000f258</load_address>
         <run_address>0x2000f258</run_address>
         <size>0x88</size>
         <input_file_ref idref="fl-fc"/>
      </object_component>
      <object_component id="oc-2c8">
         <name>.text:__aeabi_cdcmple</name>
         <load_address>0x2000f2e0</load_address>
         <run_address>0x2000f2e0</run_address>
         <size>0x86</size>
         <input_file_ref idref="fl-cd"/>
      </object_component>
      <object_component id="oc-5b9">
         <name>.text:__aeabi_cdrcmple</name>
         <load_address>0x2000f366</load_address>
         <run_address>0x2000f366</run_address>
         <size>0x86</size>
         <input_file_ref idref="fl-cd"/>
      </object_component>
      <object_component id="oc-434">
         <name>.text:I2CMasterInitExpClk</name>
         <load_address>0x2000f3ec</load_address>
         <run_address>0x2000f3ec</run_address>
         <size>0x84</size>
         <input_file_ref idref="fl-fa"/>
      </object_component>
      <object_component id="oc-3af">
         <name>.text:sl_WlanRxFilterSet</name>
         <load_address>0x2000f470</load_address>
         <run_address>0x2000f470</run_address>
         <size>0x84</size>
         <input_file_ref idref="fl-10b"/>
      </object_component>
      <object_component id="oc-18d">
         <name>.text:GPIOIntTypeSet</name>
         <load_address>0x2000f4f4</load_address>
         <run_address>0x2000f4f4</run_address>
         <size>0x82</size>
         <input_file_ref idref="fl-f9"/>
      </object_component>
      <object_component id="oc-aa9">
         <name>.text:_sl_HandleAsync_Connect</name>
         <load_address>0x2000f578</load_address>
         <run_address>0x2000f578</run_address>
         <size>0x80</size>
         <input_file_ref idref="fl-10a"/>
      </object_component>
      <object_component id="oc-a21">
         <name>.text:spi_Read_CPU</name>
         <load_address>0x2000f5f8</load_address>
         <run_address>0x2000f5f8</run_address>
         <size>0x80</size>
         <input_file_ref idref="fl-10c"/>
      </object_component>
      <object_component id="oc-955">
         <name>.text:spi_Write_CPU</name>
         <load_address>0x2000f678</load_address>
         <run_address>0x2000f678</run_address>
         <size>0x80</size>
         <input_file_ref idref="fl-10c"/>
      </object_component>
      <object_component id="oc-8b">
         <name>.text</name>
         <load_address>0x2000f6f8</load_address>
         <run_address>0x2000f6f8</run_address>
         <size>0x7a</size>
         <input_file_ref idref="fl-d7"/>
      </object_component>
      <object_component id="oc-689">
         <name>.text:spi_Close</name>
         <load_address>0x2000f774</load_address>
         <run_address>0x2000f774</run_address>
         <size>0x78</size>
         <input_file_ref idref="fl-10c"/>
      </object_component>
      <object_component id="oc-27a">
         <name>.text:UARTConfigSetExpClk</name>
         <load_address>0x2000f7ec</load_address>
         <run_address>0x2000f7ec</run_address>
         <size>0x76</size>
         <input_file_ref idref="fl-101"/>
      </object_component>
      <object_component id="oc-370">
         <name>.text:_SlNonOsMainLoopTask</name>
         <load_address>0x2000f864</load_address>
         <run_address>0x2000f864</run_address>
         <size>0x74</size>
         <input_file_ref idref="fl-109"/>
      </object_component>
      <object_component id="oc-48f">
         <name>.text:TimerIntRegister</name>
         <load_address>0x2000f8d8</load_address>
         <run_address>0x2000f8d8</run_address>
         <size>0x70</size>
         <input_file_ref idref="fl-100"/>
      </object_component>
      <object_component id="oc-598">
         <name>.text:split</name>
         <load_address>0x2000f948</load_address>
         <run_address>0x2000f948</run_address>
         <size>0x70</size>
         <input_file_ref idref="fl-dd"/>
      </object_component>
      <object_component id="oc-81d">
         <name>.text:_mcpy</name>
         <load_address>0x2000f9b8</load_address>
         <run_address>0x2000f9b8</run_address>
         <size>0x6e</size>
         <input_file_ref idref="fl-e8"/>
      </object_component>
      <object_component id="oc-adf">
         <name>.text:_SlDrvCmdSend</name>
         <load_address>0x2000fa28</load_address>
         <run_address>0x2000fa28</run_address>
         <size>0x6c</size>
         <input_file_ref idref="fl-106"/>
      </object_component>
      <object_component id="oc-a93">
         <name>.text:_sl_NetAppSendTokenValue</name>
         <load_address>0x2000fa94</load_address>
         <run_address>0x2000fa94</run_address>
         <size>0x6c</size>
         <input_file_ref idref="fl-107"/>
      </object_component>
      <object_component id="oc-4bf">
         <name>.text:TimerIntUnregister</name>
         <load_address>0x2000fb00</load_address>
         <run_address>0x2000fb00</run_address>
         <size>0x68</size>
         <input_file_ref idref="fl-100"/>
      </object_component>
      <object_component id="oc-15">
         <name>.text:decompress:lzss:__TI_decompress_lzss</name>
         <load_address>0x2000fb68</load_address>
         <run_address>0x2000fb68</run_address>
         <size>0x68</size>
         <input_file_ref idref="fl-da"/>
      </object_component>
      <object_component id="oc-7d0">
         <name>.text:_SlNonOsSpawn</name>
         <load_address>0x2000fbd0</load_address>
         <run_address>0x2000fbd0</run_address>
         <size>0x64</size>
         <input_file_ref idref="fl-109"/>
      </object_component>
      <object_component id="oc-aa3">
         <name>.text:_sl_HandleAsync_Accept</name>
         <load_address>0x2000fc34</load_address>
         <run_address>0x2000fc34</run_address>
         <size>0x64</size>
         <input_file_ref idref="fl-10a"/>
      </object_component>
      <object_component id="oc-3a6">
         <name>.text:sl_NetAppMDNSUnRegisterService</name>
         <load_address>0x2000fc98</load_address>
         <run_address>0x2000fc98</run_address>
         <size>0x64</size>
         <input_file_ref idref="fl-107"/>
      </object_component>
      <object_component id="oc-9b5">
         <name>.text:uDMAChannelAttributeDisable</name>
         <load_address>0x2000fcfc</load_address>
         <run_address>0x2000fcfc</run_address>
         <size>0x64</size>
         <input_file_ref idref="fl-10d"/>
      </object_component>
      <object_component id="oc-a56">
         <name>.text:uDMAChannelAttributeEnable</name>
         <load_address>0x2000fd60</load_address>
         <run_address>0x2000fd60</run_address>
         <size>0x64</size>
         <input_file_ref idref="fl-10d"/>
      </object_component>
      <object_component id="oc-145">
         <name>.text:__aeabi_cfcmple</name>
         <load_address>0x2000fdc4</load_address>
         <run_address>0x2000fdc4</run_address>
         <size>0x60</size>
         <input_file_ref idref="fl-d2"/>
      </object_component>
      <object_component id="oc-150">
         <name>.text:sl_Close</name>
         <load_address>0x2000fe24</load_address>
         <run_address>0x2000fe24</run_address>
         <size>0x60</size>
         <input_file_ref idref="fl-10a"/>
      </object_component>
      <object_component id="oc-38e">
         <name>.text:sl_WlanProfileDel</name>
         <load_address>0x2000fe84</load_address>
         <run_address>0x2000fe84</run_address>
         <size>0x60</size>
         <input_file_ref idref="fl-10b"/>
      </object_component>
      <object_component id="oc-376">
         <name>.text:sl_WlanSetMode</name>
         <load_address>0x2000fee4</load_address>
         <run_address>0x2000fee4</run_address>
         <size>0x60</size>
         <input_file_ref idref="fl-10b"/>
      </object_component>
      <object_component id="oc-832">
         <name>.text:frexp</name>
         <load_address>0x2000ff44</load_address>
         <run_address>0x2000ff44</run_address>
         <size>0x5c</size>
         <input_file_ref idref="fl-f7"/>
      </object_component>
      <object_component id="oc-8a4">
         <name>.text:IntPendClear</name>
         <load_address>0x2000ffa0</load_address>
         <run_address>0x2000ffa0</run_address>
         <size>0x58</size>
         <input_file_ref idref="fl-fb"/>
      </object_component>
      <object_component id="oc-16f">
         <name>.text:PRCMPeripheralReset</name>
         <load_address>0x2000fff8</load_address>
         <run_address>0x2000fff8</run_address>
         <size>0x58</size>
         <input_file_ref idref="fl-fd"/>
      </object_component>
      <object_component id="oc-5f6">
         <name>.text:_pconv_f</name>
         <load_address>0x20010050</load_address>
         <run_address>0x20010050</run_address>
         <size>0x56</size>
         <input_file_ref idref="fl-e8"/>
      </object_component>
      <object_component id="oc-489">
         <name>.text:IntPrioritySet</name>
         <load_address>0x200100a8</load_address>
         <run_address>0x200100a8</run_address>
         <size>0x54</size>
         <input_file_ref idref="fl-fb"/>
      </object_component>
      <object_component id="oc-66d">
         <name>.text:_SlDrvRxIrqHandler</name>
         <load_address>0x200100fc</load_address>
         <run_address>0x200100fc</run_address>
         <size>0x54</size>
         <input_file_ref idref="fl-106"/>
      </object_component>
      <object_component id="oc-811">
         <name>.text:__TI_ltoa</name>
         <load_address>0x20010150</load_address>
         <run_address>0x20010150</run_address>
         <size>0x54</size>
         <input_file_ref idref="fl-ef"/>
      </object_component>
      <object_component id="oc-aaf">
         <name>.text:_sl_HandleAsync_Select</name>
         <load_address>0x200101a4</load_address>
         <run_address>0x200101a4</run_address>
         <size>0x54</size>
         <input_file_ref idref="fl-10a"/>
      </object_component>
      <object_component id="oc-817">
         <name>.text:_ecpy</name>
         <load_address>0x200101f8</load_address>
         <run_address>0x200101f8</run_address>
         <size>0x52</size>
         <input_file_ref idref="fl-e8"/>
      </object_component>
      <object_component id="oc-ab5">
         <name>.text:_sl_HandleAsync_Stop</name>
         <load_address>0x2001024c</load_address>
         <run_address>0x2001024c</run_address>
         <size>0x50</size>
         <input_file_ref idref="fl-105"/>
      </object_component>
      <object_component id="oc-888">
         <name>.text:SPIIntEnable</name>
         <load_address>0x2001029c</load_address>
         <run_address>0x2001029c</run_address>
         <size>0x4c</size>
         <input_file_ref idref="fl-fe"/>
      </object_component>
      <object_component id="oc-9e0">
         <name>.text:SPIIntNumberGet</name>
         <load_address>0x200102e8</load_address>
         <run_address>0x200102e8</run_address>
         <size>0x4c</size>
         <input_file_ref idref="fl-fe"/>
      </object_component>
      <object_component id="oc-643">
         <name>.text:_SlDrvProtectAsyncRespSetting</name>
         <load_address>0x20010334</load_address>
         <run_address>0x20010334</run_address>
         <size>0x4c</size>
         <input_file_ref idref="fl-106"/>
      </object_component>
      <object_component id="oc-70b">
         <name>.text:_sl_BuildAddress</name>
         <load_address>0x20010380</load_address>
         <run_address>0x20010380</run_address>
         <size>0x4c</size>
         <input_file_ref idref="fl-10a"/>
      </object_component>
      <object_component id="oc-5e4">
         <name>.text:atoi</name>
         <load_address>0x200103cc</load_address>
         <run_address>0x200103cc</run_address>
         <size>0x4c</size>
         <input_file_ref idref="fl-f1"/>
      </object_component>
      <object_component id="oc-9af">
         <name>.text:uDMAChannelAssign</name>
         <load_address>0x20010418</load_address>
         <run_address>0x20010418</run_address>
         <size>0x4c</size>
         <input_file_ref idref="fl-10d"/>
      </object_component>
      <object_component id="oc-46b">
         <name>.text:GPIOGetIntNumber</name>
         <load_address>0x20010464</load_address>
         <run_address>0x20010464</run_address>
         <size>0x48</size>
         <input_file_ref idref="fl-f9"/>
      </object_component>
      <object_component id="oc-9cf">
         <name>.text:SPIIntClear</name>
         <load_address>0x200104ac</load_address>
         <run_address>0x200104ac</run_address>
         <size>0x48</size>
         <input_file_ref idref="fl-fe"/>
      </object_component>
      <object_component id="oc-6a5">
         <name>.text:_SlDrvBasicCmd</name>
         <load_address>0x200104f4</load_address>
         <run_address>0x200104f4</run_address>
         <size>0x48</size>
         <input_file_ref idref="fl-106"/>
      </object_component>
      <object_component id="oc-fe">
         <name>.text</name>
         <load_address>0x2001053c</load_address>
         <run_address>0x2001053c</run_address>
         <size>0x48</size>
         <input_file_ref idref="fl-d0"/>
      </object_component>
      <object_component id="oc-9bf">
         <name>.text:SPIDmaMaskGet</name>
         <load_address>0x20010584</load_address>
         <run_address>0x20010584</run_address>
         <size>0x44</size>
         <input_file_ref idref="fl-fe"/>
      </object_component>
      <object_component id="oc-47d">
         <name>.text:TimerConfigure</name>
         <load_address>0x200105c8</load_address>
         <run_address>0x200105c8</run_address>
         <size>0x44</size>
         <input_file_ref idref="fl-100"/>
      </object_component>
      <object_component id="oc-ad8">
         <name>.text:_SlDrvHandleHttpServerEvents</name>
         <load_address>0x2001060c</load_address>
         <run_address>0x2001060c</run_address>
         <size>0x44</size>
         <input_file_ref idref="fl-106"/>
      </object_component>
      <object_component id="oc-65b">
         <name>.text:_SlDrvSyncObjWaitTimeout</name>
         <load_address>0x20010650</load_address>
         <run_address>0x20010650</run_address>
         <size>0x44</size>
         <input_file_ref idref="fl-106"/>
      </object_component>
      <object_component id="oc-1f8">
         <name>.text:__TI_auto_init_nobinit_nopinit:__TI_auto_init_nobinit_nopinit</name>
         <load_address>0x20010694</load_address>
         <run_address>0x20010694</run_address>
         <size>0x44</size>
         <input_file_ref idref="fl-ea"/>
      </object_component>
      <object_component id="oc-9fb">
         <name>.text:cc_SetupTransfer</name>
         <load_address>0x200106d8</load_address>
         <run_address>0x200106d8</run_address>
         <size>0x44</size>
         <input_file_ref idref="fl-10c"/>
      </object_component>
      <object_component id="oc-3d6">
         <name>.text:sl_Htonl</name>
         <load_address>0x2001071c</load_address>
         <run_address>0x2001071c</run_address>
         <size>0x42</size>
         <input_file_ref idref="fl-10a"/>
      </object_component>
      <object_component id="oc-45a">
         <name>.text:PinModeSet</name>
         <load_address>0x20010760</load_address>
         <run_address>0x20010760</run_address>
         <size>0x40</size>
         <input_file_ref idref="fl-fc"/>
      </object_component>
      <object_component id="oc-a79">
         <name>.text:_SlDrvHandleNetAppEvents</name>
         <load_address>0x200107a0</load_address>
         <run_address>0x200107a0</run_address>
         <size>0x40</size>
         <input_file_ref idref="fl-106"/>
      </object_component>
      <object_component id="oc-a73">
         <name>.text:_SlDrvHandleWlanEvents</name>
         <load_address>0x200107e0</load_address>
         <run_address>0x200107e0</run_address>
         <size>0x40</size>
         <input_file_ref idref="fl-106"/>
      </object_component>
      <object_component id="oc-4d1">
         <name>.text:_sl_TruncatePayloadByProtocol</name>
         <load_address>0x20010820</load_address>
         <run_address>0x20010820</run_address>
         <size>0x40</size>
         <input_file_ref idref="fl-10a"/>
      </object_component>
      <object_component id="oc-119">
         <name>.text:sprintf</name>
         <load_address>0x20010860</load_address>
         <run_address>0x20010860</run_address>
         <size>0x40</size>
         <input_file_ref idref="fl-ca"/>
      </object_component>
      <object_component id="oc-286">
         <name>.text:vsnprintf</name>
         <load_address>0x200108a0</load_address>
         <run_address>0x200108a0</run_address>
         <size>0x40</size>
         <input_file_ref idref="fl-cb"/>
      </object_component>
      <object_component id="oc-64f">
         <name>.text:NwpRegisterInterruptHandler</name>
         <load_address>0x200108e0</load_address>
         <run_address>0x200108e0</run_address>
         <size>0x3e</size>
         <input_file_ref idref="fl-10c"/>
      </object_component>
      <object_component id="oc-82a">
         <name>.text:_fcpy</name>
         <load_address>0x2001091e</load_address>
         <run_address>0x2001091e</run_address>
         <size>0x3e</size>
         <input_file_ref idref="fl-e8"/>
      </object_component>
      <object_component id="oc-a9a">
         <name>.text:CopyPingResultsToReport</name>
         <load_address>0x2001095c</load_address>
         <run_address>0x2001095c</run_address>
         <size>0x3c</size>
         <input_file_ref idref="fl-107"/>
      </object_component>
      <object_component id="oc-163">
         <name>.text:PRCMPeripheralClkEnable</name>
         <load_address>0x20010998</load_address>
         <run_address>0x20010998</run_address>
         <size>0x3c</size>
         <input_file_ref idref="fl-fd"/>
      </object_component>
      <object_component id="oc-a49">
         <name>.text:simplelink_timerA2_start</name>
         <load_address>0x200109d4</load_address>
         <run_address>0x200109d4</run_address>
         <size>0x3c</size>
         <input_file_ref idref="fl-10c"/>
      </object_component>
      <object_component id="oc-3d0">
         <name>.text:sl_Htons</name>
         <load_address>0x20010a10</load_address>
         <run_address>0x20010a10</run_address>
         <size>0x3c</size>
         <input_file_ref idref="fl-10a"/>
      </object_component>
      <object_component id="oc-a50">
         <name>.text:uDMAChannelControlSet</name>
         <load_address>0x20010a4c</load_address>
         <run_address>0x20010a4c</run_address>
         <size>0x3c</size>
         <input_file_ref idref="fl-10d"/>
      </object_component>
      <object_component id="oc-649">
         <name>.text:NwpPowerOff</name>
         <load_address>0x20010a88</load_address>
         <run_address>0x20010a88</run_address>
         <size>0x38</size>
         <input_file_ref idref="fl-10c"/>
      </object_component>
      <object_component id="oc-136">
         <name>.text</name>
         <load_address>0x20010ac0</load_address>
         <run_address>0x20010ac0</run_address>
         <size>0x38</size>
         <input_file_ref idref="fl-d3"/>
      </object_component>
      <object_component id="oc-140">
         <name>.text</name>
         <load_address>0x20010af8</load_address>
         <run_address>0x20010af8</run_address>
         <size>0x38</size>
         <input_file_ref idref="fl-d5"/>
      </object_component>
      <object_component id="oc-394">
         <name>.text:sl_WlanDisconnect</name>
         <load_address>0x20010b30</load_address>
         <run_address>0x20010b30</run_address>
         <size>0x38</size>
         <input_file_ref idref="fl-10b"/>
      </object_component>
      <object_component id="oc-442">
         <name>.text:GPIODirModeSet</name>
         <load_address>0x20010b68</load_address>
         <run_address>0x20010b68</run_address>
         <size>0x36</size>
         <input_file_ref idref="fl-f9"/>
      </object_component>
      <object_component id="oc-86a">
         <name>.text:PRCMPeripheralStatusGet</name>
         <load_address>0x20010ba0</load_address>
         <run_address>0x20010ba0</run_address>
         <size>0x34</size>
         <input_file_ref idref="fl-fd"/>
      </object_component>
      <object_component id="oc-882">
         <name>.text:SPIFIFOLevelSet</name>
         <load_address>0x20010bd4</load_address>
         <run_address>0x20010bd4</run_address>
         <size>0x34</size>
         <input_file_ref idref="fl-fe"/>
      </object_component>
      <object_component id="oc-43c">
         <name>.text:PinTypeGPIO</name>
         <load_address>0x20010c08</load_address>
         <run_address>0x20010c08</run_address>
         <size>0x30</size>
         <input_file_ref idref="fl-fc"/>
      </object_component>
      <object_component id="oc-561">
         <name>.text:UARTDisable</name>
         <load_address>0x20010c38</load_address>
         <run_address>0x20010c38</run_address>
         <size>0x30</size>
         <input_file_ref idref="fl-101"/>
      </object_component>
      <object_component id="oc-56f">
         <name>.text:_outs</name>
         <load_address>0x20010c68</load_address>
         <run_address>0x20010c68</run_address>
         <size>0x30</size>
         <input_file_ref idref="fl-cb"/>
      </object_component>
      <object_component id="oc-e9">
         <name>.text</name>
         <load_address>0x20010c98</load_address>
         <run_address>0x20010c98</run_address>
         <size>0x2e</size>
         <input_file_ref idref="fl-d4"/>
      </object_component>
      <object_component id="oc-410">
         <name>.text:I2CMasterErr</name>
         <load_address>0x20010cc6</load_address>
         <run_address>0x20010cc6</run_address>
         <size>0x2c</size>
         <input_file_ref idref="fl-fa"/>
      </object_component>
      <object_component id="oc-655">
         <name>.text:NwpPowerOn</name>
         <load_address>0x20010cf4</load_address>
         <run_address>0x20010cf4</run_address>
         <size>0x2c</size>
         <input_file_ref idref="fl-10c"/>
      </object_component>
      <object_component id="oc-23b">
         <name>.text:PRCMSysResetCauseGet</name>
         <load_address>0x20010d20</load_address>
         <run_address>0x20010d20</run_address>
         <size>0x2c</size>
         <input_file_ref idref="fl-fd"/>
      </object_component>
      <object_component id="oc-52c">
         <name>.text:_SlDrvObjGlobalLockWaitForever</name>
         <load_address>0x20010d4c</load_address>
         <run_address>0x20010d4c</run_address>
         <size>0x2c</size>
         <input_file_ref idref="fl-106"/>
      </object_component>
      <object_component id="oc-6e6">
         <name>.text:_SlDrvProtectionObjLockWaitForever</name>
         <load_address>0x20010d78</load_address>
         <run_address>0x20010d78</run_address>
         <size>0x2c</size>
         <input_file_ref idref="fl-106"/>
      </object_component>
      <object_component id="oc-4a7">
         <name>.text:TimerLoadSet</name>
         <load_address>0x20010da4</load_address>
         <run_address>0x20010da4</run_address>
         <size>0x2a</size>
         <input_file_ref idref="fl-100"/>
      </object_component>
      <object_component id="oc-483">
         <name>.text:TimerPrescaleSet</name>
         <load_address>0x20010dce</load_address>
         <run_address>0x20010dce</run_address>
         <size>0x2a</size>
         <input_file_ref idref="fl-100"/>
      </object_component>
      <object_component id="oc-24d">
         <name>.text:PRCMPeripheralClkDisable</name>
         <load_address>0x20010df8</load_address>
         <run_address>0x20010df8</run_address>
         <size>0x28</size>
         <input_file_ref idref="fl-fd"/>
      </object_component>
      <object_component id="oc-532">
         <name>.text:_SlDrvGlobalObjUnLock</name>
         <load_address>0x20010e20</load_address>
         <run_address>0x20010e20</run_address>
         <size>0x28</size>
         <input_file_ref idref="fl-106"/>
      </object_component>
      <object_component id="oc-6ec">
         <name>.text:_SlDrvProtectionObjUnLock</name>
         <load_address>0x20010e48</load_address>
         <run_address>0x20010e48</run_address>
         <size>0x28</size>
         <input_file_ref idref="fl-106"/>
      </object_component>
      <object_component id="oc-6f2">
         <name>.text:_SlDrvSyncObjWaitForever</name>
         <load_address>0x20010e70</load_address>
         <run_address>0x20010e70</run_address>
         <size>0x28</size>
         <input_file_ref idref="fl-106"/>
      </object_component>
      <object_component id="oc-59f">
         <name>.text:free_list_insert</name>
         <load_address>0x20010e98</load_address>
         <run_address>0x20010e98</run_address>
         <size>0x28</size>
         <input_file_ref idref="fl-dd"/>
      </object_component>
      <object_component id="oc-298">
         <name>.text:memmove</name>
         <load_address>0x20010ec0</load_address>
         <run_address>0x20010ec0</run_address>
         <size>0x28</size>
         <input_file_ref idref="fl-dc"/>
      </object_component>
      <object_component id="oc-76c">
         <name>.text:_SlDrvObjLockWaitForever</name>
         <load_address>0x20010ee8</load_address>
         <run_address>0x20010ee8</run_address>
         <size>0x26</size>
         <input_file_ref idref="fl-106"/>
      </object_component>
      <object_component id="oc-af6">
         <name>.text</name>
         <load_address>0x20010f0e</load_address>
         <run_address>0x20010f0e</run_address>
         <size>0x26</size>
         <input_file_ref idref="fl-7"/>
      </object_component>
      <object_component id="oc-894">
         <name>.text:DmaSpiSwIntHandler</name>
         <load_address>0x20010f34</load_address>
         <run_address>0x20010f34</run_address>
         <size>0x24</size>
         <input_file_ref idref="fl-10c"/>
      </object_component>
      <object_component id="oc-75a">
         <name>.text:IntUnregister</name>
         <load_address>0x20010f58</load_address>
         <run_address>0x20010f58</run_address>
         <size>0x24</size>
         <input_file_ref idref="fl-fb"/>
      </object_component>
      <object_component id="oc-567">
         <name>.text:UARTEnable</name>
         <load_address>0x20010f7c</load_address>
         <run_address>0x20010f7c</run_address>
         <size>0x24</size>
         <input_file_ref idref="fl-101"/>
      </object_component>
      <object_component id="oc-5b">
         <name>.text:_c_int00_noargs:_c_int00_noargs</name>
         <load_address>0x20010fa0</load_address>
         <run_address>0x20010fa0</run_address>
         <size>0x24</size>
         <input_file_ref idref="fl-e2"/>
      </object_component>
      <object_component id="oc-193">
         <name>.text:GPIOIntStatus</name>
         <load_address>0x20010fc4</load_address>
         <run_address>0x20010fc4</run_address>
         <size>0x22</size>
         <input_file_ref idref="fl-f9"/>
      </object_component>
      <object_component id="oc-416">
         <name>.text:I2CMasterSlaveAddrSet</name>
         <load_address>0x20010fe6</load_address>
         <run_address>0x20010fe6</run_address>
         <size>0x22</size>
         <input_file_ref idref="fl-fa"/>
      </object_component>
      <object_component id="oc-169">
         <name>.text:SPIReset</name>
         <load_address>0x20011008</load_address>
         <run_address>0x20011008</run_address>
         <size>0x22</size>
         <input_file_ref idref="fl-fe"/>
      </object_component>
      <object_component id="oc-94f">
         <name>.text:SPIWordCountSet</name>
         <load_address>0x2001102a</load_address>
         <run_address>0x2001102a</run_address>
         <size>0x22</size>
         <input_file_ref idref="fl-fe"/>
      </object_component>
      <object_component id="oc-2e9">
         <name>.text:GPIOPinWrite</name>
         <load_address>0x2001104c</load_address>
         <run_address>0x2001104c</run_address>
         <size>0x20</size>
         <input_file_ref idref="fl-f9"/>
      </object_component>
      <object_component id="oc-471">
         <name>.text:IntRegister</name>
         <load_address>0x2001106c</load_address>
         <run_address>0x2001106c</run_address>
         <size>0x20</size>
         <input_file_ref idref="fl-fb"/>
      </object_component>
      <object_component id="oc-683">
         <name>.text:NwpPrePowerOffTimout0</name>
         <load_address>0x2001108c</load_address>
         <run_address>0x2001108c</run_address>
         <size>0x20</size>
         <input_file_ref idref="fl-10c"/>
      </object_component>
      <object_component id="oc-2f5">
         <name>.text:SPIDataGet</name>
         <load_address>0x200110ac</load_address>
         <run_address>0x200110ac</run_address>
         <size>0x20</size>
         <input_file_ref idref="fl-fe"/>
      </object_component>
      <object_component id="oc-9f1">
         <name>.text:TimerGetCurrentTimestamp</name>
         <load_address>0x200110cc</load_address>
         <run_address>0x200110cc</run_address>
         <size>0x20</size>
         <input_file_ref idref="fl-10c"/>
      </object_component>
      <object_component id="oc-778">
         <name>.text:_SlDrvObjUnLock</name>
         <load_address>0x200110ec</load_address>
         <run_address>0x200110ec</run_address>
         <size>0x20</size>
         <input_file_ref idref="fl-106"/>
      </object_component>
      <object_component id="oc-8b9">
         <name>.text:_SlDrvSyncObjSignal</name>
         <load_address>0x2001110c</load_address>
         <run_address>0x2001110c</run_address>
         <size>0x20</size>
         <input_file_ref idref="fl-106"/>
      </object_component>
      <object_component id="oc-187">
         <name>.text:GPIOIntRegister</name>
         <load_address>0x2001112c</load_address>
         <run_address>0x2001112c</run_address>
         <size>0x1e</size>
         <input_file_ref idref="fl-f9"/>
      </object_component>
      <object_component id="oc-40a">
         <name>.text:I2CMasterIntStatusEx</name>
         <load_address>0x2001114a</load_address>
         <run_address>0x2001114a</run_address>
         <size>0x1e</size>
         <input_file_ref idref="fl-fa"/>
      </object_component>
      <object_component id="oc-2ef">
         <name>.text:SPIDataPut</name>
         <load_address>0x20011168</load_address>
         <run_address>0x20011168</run_address>
         <size>0x1e</size>
         <input_file_ref idref="fl-fe"/>
      </object_component>
      <object_component id="oc-4b3">
         <name>.text:TimerDisable</name>
         <load_address>0x20011186</load_address>
         <run_address>0x20011186</run_address>
         <size>0x1e</size>
         <input_file_ref idref="fl-100"/>
      </object_component>
      <object_component id="oc-4ad">
         <name>.text:TimerEnable</name>
         <load_address>0x200111a4</load_address>
         <run_address>0x200111a4</run_address>
         <size>0x1e</size>
         <input_file_ref idref="fl-100"/>
      </object_component>
      <object_component id="oc-49b">
         <name>.text:TimerIntStatus</name>
         <load_address>0x200111c2</load_address>
         <run_address>0x200111c2</run_address>
         <size>0x1e</size>
         <input_file_ref idref="fl-100"/>
      </object_component>
      <object_component id="oc-280">
         <name>.text:UARTCharPut</name>
         <load_address>0x200111e0</load_address>
         <run_address>0x200111e0</run_address>
         <size>0x1e</size>
         <input_file_ref idref="fl-101"/>
      </object_component>
      <object_component id="oc-870">
         <name>.text:cc_UDMAChannelSelect</name>
         <load_address>0x200111fe</load_address>
         <run_address>0x200111fe</run_address>
         <size>0x1e</size>
         <input_file_ref idref="fl-10c"/>
      </object_component>
      <object_component id="oc-454">
         <name>.text:PinTypeI2C</name>
         <load_address>0x2001121c</load_address>
         <run_address>0x2001121c</run_address>
         <size>0x1c</size>
         <input_file_ref idref="fl-fc"/>
      </object_component>
      <object_component id="oc-1cf">
         <name>.text:SysTickIntRegister</name>
         <load_address>0x20011238</load_address>
         <run_address>0x20011238</run_address>
         <size>0x1c</size>
         <input_file_ref idref="fl-ff"/>
      </object_component>
      <object_component id="oc-4c5">
         <name>.text:TimerValueGet</name>
         <load_address>0x20011254</load_address>
         <run_address>0x20011254</run_address>
         <size>0x1c</size>
         <input_file_ref idref="fl-100"/>
      </object_component>
      <object_component id="oc-292">
         <name>.text:UARTCharGetNonBlocking</name>
         <load_address>0x20011270</load_address>
         <run_address>0x20011270</run_address>
         <size>0x1c</size>
         <input_file_ref idref="fl-101"/>
      </object_component>
      <object_component id="oc-928">
         <name>.text:_SlDrvStartMeasureTimeout</name>
         <load_address>0x2001128c</load_address>
         <run_address>0x2001128c</run_address>
         <size>0x1c</size>
         <input_file_ref idref="fl-106"/>
      </object_component>
      <object_component id="oc-49">
         <name>.text:decompress:ZI:__TI_zero_init_nomemset:__TI_zero_init_nomemset</name>
         <load_address>0x200112a8</load_address>
         <run_address>0x200112a8</run_address>
         <size>0x1c</size>
         <input_file_ref idref="fl-d8"/>
      </object_component>
      <object_component id="oc-592">
         <name>.text:free_list_remove</name>
         <load_address>0x200112c4</load_address>
         <run_address>0x200112c4</run_address>
         <size>0x1c</size>
         <input_file_ref idref="fl-dd"/>
      </object_component>
      <object_component id="oc-608">
         <name>.text:memccpy</name>
         <load_address>0x200112e0</load_address>
         <run_address>0x200112e0</run_address>
         <size>0x1c</size>
         <input_file_ref idref="fl-f3"/>
      </object_component>
      <object_component id="oc-a62">
         <name>.text:uDMAChannelEnable</name>
         <load_address>0x200112fc</load_address>
         <run_address>0x200112fc</run_address>
         <size>0x1c</size>
         <input_file_ref idref="fl-10d"/>
      </object_component>
      <object_component id="oc-19f">
         <name>.text:GPIOIntEnable</name>
         <load_address>0x20011318</load_address>
         <run_address>0x20011318</run_address>
         <size>0x1a</size>
         <input_file_ref idref="fl-f9"/>
      </object_component>
      <object_component id="oc-448">
         <name>.text:PinTypeSPI</name>
         <load_address>0x20011332</load_address>
         <run_address>0x20011332</run_address>
         <size>0x1a</size>
         <input_file_ref idref="fl-fc"/>
      </object_component>
      <object_component id="oc-44e">
         <name>.text:PinTypeUART</name>
         <load_address>0x2001134c</load_address>
         <run_address>0x2001134c</run_address>
         <size>0x1a</size>
[...]
         <value>0x200111c3</value>
         <object_component_ref idref="oc-49b"/>
      </symbol>
      <symbol id="sm-fe3">
         <name>TimerIntDisable</name>
         <value>0x20011491</value>
         <object_component_ref idref="oc-4b9"/>
      </symbol>
      <symbol id="sm-fe4">
         <name>TimerValueGet</name>
         <value>0x20011255</value>
         <object_component_ref idref="oc-4c5"/>
      </symbol>
      <symbol id="sm-fe5">
         <name>TimerPrescaleSet</name>
         <value>0x20010dcf</value>
         <object_component_ref idref="oc-483"/>
      </symbol>
      <symbol id="sm-fe6">
         <name>TimerIntEnable</name>
         <value>0x200114a9</value>
         <object_component_ref idref="oc-495"/>
      </symbol>
      <symbol id="sm-fe7">
         <name>TimerConfigure</name>
         <value>0x200105c9</value>
         <object_component_ref idref="oc-47d"/>
      </symbol>
      <symbol id="sm-fe8">
         <name>TimerIntClear</name>
         <value>0x2001165d</value>
         <object_component_ref idref="oc-4a1"/>
      </symbol>
      <symbol id="sm-1024">
         <name>UARTConfigSetExpClk</name>
         <value>0x2000f7ed</value>
         <object_component_ref idref="oc-27a"/>
      </symbol>
      <symbol id="sm-1025">
         <name>UARTDisable</name>
         <value>0x20010c39</value>
         <object_component_ref idref="oc-561"/>
      </symbol>
      <symbol id="sm-1026">
         <name>UARTCharsAvail</name>
         <value>0x200114c1</value>
         <object_component_ref idref="oc-28c"/>
      </symbol>
      <symbol id="sm-1027">
         <name>UARTCharGetNonBlocking</name>
         <value>0x20011271</value>
         <object_component_ref idref="oc-292"/>
      </symbol>
      <symbol id="sm-1028">
         <name>UARTCharPut</name>
         <value>0x200111e1</value>
         <object_component_ref idref="oc-280"/>
      </symbol>
      <symbol id="sm-1029">
         <name>UARTEnable</name>
         <value>0x20010f7d</value>
         <object_component_ref idref="oc-567"/>
      </symbol>
      <symbol id="sm-102d">
         <name>UtilsDelay</name>
         <value>0x2001172d</value>
         <object_component_ref idref="oc-3c5"/>
      </symbol>
      <symbol id="sm-1037">
         <name>CPUcpsie</name>
         <value>0x200115d3</value>
         <object_component_ref idref="oc-22b"/>
      </symbol>
      <symbol id="sm-10f3">
         <name>_sl_HandleAsync_InitComplete</name>
         <value>0x2000f141</value>
         <object_component_ref idref="oc-ac7"/>
      </symbol>
      <symbol id="sm-10f4">
         <name>_SlDrvDeviceEventHandler</name>
         <value>0x2000e92d</value>
         <object_component_ref idref="oc-a6d"/>
      </symbol>
      <symbol id="sm-10f5">
         <name>_sl_HandleAsync_Stop</name>
         <value>0x2001024d</value>
         <object_component_ref idref="oc-ab5"/>
      </symbol>
      <symbol id="sm-10f6">
         <name>sl_DevSet</name>
         <value>0x2000e9c9</value>
         <object_component_ref idref="oc-dd"/>
      </symbol>
      <symbol id="sm-10f7">
         <name>sl_Stop</name>
         <value>0x2000d6f9</value>
         <object_component_ref idref="oc-37c"/>
      </symbol>
      <symbol id="sm-10f8">
         <name>sl_Start</name>
         <value>0x2000d9c9</value>
         <object_component_ref idref="oc-36a"/>
      </symbol>
      <symbol id="sm-10f9">
         <name>sl_DevGet</name>
         <value>0x2000e1a9</value>
         <object_component_ref idref="oc-382"/>
      </symbol>
      <symbol id="sm-13e7">
         <name>RxIrqCnt</name>
         <value>0x2001ff6c</value>
      </symbol>
      <symbol id="sm-13e8">
         <name>g_bDeviceRestartIsRequired</name>
         <value>0x2001ff6d</value>
      </symbol>
      <symbol id="sm-13e9">
         <name>_SlDrvProtectionObjUnLock</name>
         <value>0x20010e49</value>
         <object_component_ref idref="oc-6ec"/>
      </symbol>
      <symbol id="sm-13ea">
         <name>_SlDrvBasicCmd</name>
         <value>0x200104f5</value>
         <object_component_ref idref="oc-6a5"/>
      </symbol>
      <symbol id="sm-13eb">
         <name>_SlDrvObjUnLock</name>
         <value>0x200110ed</value>
         <object_component_ref idref="oc-778"/>
      </symbol>
      <symbol id="sm-13ec">
         <name>_SlDrvObjLockWaitForever</name>
         <value>0x20010ee9</value>
         <object_component_ref idref="oc-76c"/>
      </symbol>
      <symbol id="sm-13ed">
         <name>_SlDrvMsgReadSpawnCtx</name>
         <value>0x2000db9d</value>
         <object_component_ref idref="oc-7d7"/>
      </symbol>
      <symbol id="sm-13ee">
         <name>_SlDrvDispatchHttpServerEvents</name>
         <value>0x20011691</value>
         <object_component_ref idref="oc-a8d"/>
      </symbol>
      <symbol id="sm-13ef">
         <name>_SlDrvHandleNetAppEvents</name>
         <value>0x200107a1</value>
         <object_component_ref idref="oc-a79"/>
      </symbol>
      <symbol id="sm-13f0">
         <name>_SlDriverHandleError</name>
         <value>0x2000e6ad</value>
         <object_component_ref idref="oc-7ca"/>
      </symbol>
      <symbol id="sm-13f1">
         <name>_SlDrvDriverCBDeinit</name>
         <value>0x2000cfb9</value>
         <object_component_ref idref="oc-68f"/>
      </symbol>
      <symbol id="sm-13f2">
         <name>_SlDrvStartMeasureTimeout</name>
         <value>0x2001128d</value>
         <object_component_ref idref="oc-928"/>
      </symbol>
      <symbol id="sm-13f3">
         <name>_SlDrvResetCmdExt</name>
         <value>0x200116af</value>
         <object_component_ref idref="oc-254"/>
      </symbol>
      <symbol id="sm-13f4">
         <name>_SlDrvIsTimeoutExpired</name>
         <value>0x2000f0b5</value>
         <object_component_ref idref="oc-92e"/>
      </symbol>
      <symbol id="sm-13f5">
         <name>_SlDrvProtectAsyncRespSetting</name>
         <value>0x20010335</value>
         <object_component_ref idref="oc-643"/>
      </symbol>
      <symbol id="sm-13f6">
         <name>_SlDrvReleasePoolObj</name>
         <value>0x2000b2b1</value>
         <object_component_ref idref="oc-661"/>
      </symbol>
      <symbol id="sm-13f7">
         <name>_SlDrvHandleWlanEvents</name>
         <value>0x200107e1</value>
         <object_component_ref idref="oc-a73"/>
      </symbol>
      <symbol id="sm-13f8">
         <name>OpcodeTranslateTable</name>
         <value>0x200129e0</value>
         <object_component_ref idref="oc-977"/>
      </symbol>
      <symbol id="sm-13f9">
         <name>pPingCallBackFunc</name>
         <value>0x2001fd04</value>
         <object_component_ref idref="oc-263"/>
      </symbol>
      <symbol id="sm-13fa">
         <name>_SlDrvDriverCBInit</name>
         <value>0x2000b805</value>
         <object_component_ref idref="oc-637"/>
      </symbol>
      <symbol id="sm-13fb">
         <name>g_pCB</name>
         <value>0x2001fd00</value>
         <object_component_ref idref="oc-263"/>
      </symbol>
      <symbol id="sm-13fc">
         <name>_SlDrvProtectionObjLockWaitForever</name>
         <value>0x20010d79</value>
         <object_component_ref idref="oc-6e6"/>
      </symbol>
      <symbol id="sm-13fd">
         <name>_SlDrvCmdOp</name>
         <value>0x2000e339</value>
         <object_component_ref idref="oc-25a"/>
      </symbol>
      <symbol id="sm-13fe">
         <name>_SlDrvSyncObjWaitTimeout</name>
         <value>0x20010651</value>
         <object_component_ref idref="oc-65b"/>
      </symbol>
      <symbol id="sm-13ff">
         <name>_SlDrvGlobalObjUnLock</name>
         <value>0x20010e21</value>
         <object_component_ref idref="oc-532"/>
      </symbol>
      <symbol id="sm-1400">
         <name>_SlDrvMemZero</name>
         <value>0x200115a7</value>
         <object_component_ref idref="oc-525"/>
      </symbol>
      <symbol id="sm-1401">
         <name>_SlDrvWaitForPoolObj</name>
         <value>0x2000bced</value>
         <object_component_ref idref="oc-6e0"/>
      </symbol>
      <symbol id="sm-1402">
         <name>_SlDrvSyncObjSignal</name>
         <value>0x2001110d</value>
         <object_component_ref idref="oc-8b9"/>
      </symbol>
      <symbol id="sm-1403">
         <name>_SlDrvDataReadOp</name>
         <value>0x2000b0cd</value>
         <object_component_ref idref="oc-4e2"/>
      </symbol>
      <symbol id="sm-1404">
         <name>_SlDrvDataWriteOp</name>
         <value>0x2000c5b9</value>
         <object_component_ref idref="oc-4d7"/>
      </symbol>
      <symbol id="sm-1405">
         <name>_SlDrvRxIrqHandler</name>
         <value>0x200100fd</value>
         <object_component_ref idref="oc-66d"/>
      </symbol>
      <symbol id="sm-1406">
         <name>_SlDrvHandleHttpServerEvents</name>
         <value>0x2001060d</value>
         <object_component_ref idref="oc-ad8"/>
      </symbol>
      <symbol id="sm-1407">
         <name>_SlDrvSyncObjWaitForever</name>
         <value>0x20010e71</value>
         <object_component_ref idref="oc-6f2"/>
      </symbol>
      <symbol id="sm-1408">
         <name>g_SlDeviceStatus</name>
         <value>0x2001fcfc</value>
         <object_component_ref idref="oc-263"/>
      </symbol>
      <symbol id="sm-1409">
         <name>_SlDrvCmdSend</name>
         <value>0x2000fa29</value>
         <object_component_ref idref="oc-adf"/>
      </symbol>
      <symbol id="sm-140a">
         <name>_SlActionLookupTable</name>
         <value>0x20012a1c</value>
         <object_component_ref idref="oc-a28"/>
      </symbol>
      <symbol id="sm-14b2">
         <name>sl_NetAppMDNSUnRegisterService</name>
         <value>0x2000fc99</value>
         <object_component_ref idref="oc-3a6"/>
      </symbol>
      <symbol id="sm-14b3">
         <name>_SlNetAppSendTokenValueCmdCtrl</name>
         <value>0x20012be8</value>
         <object_component_ref idref="oc-ae5"/>
      </symbol>
      <symbol id="sm-14b4">
         <name>sl_NetAppDnsGetHostByName</name>
         <value>0x2000c995</value>
         <object_component_ref idref="oc-3ca"/>
      </symbol>
      <symbol id="sm-14b5">
         <name>_sl_HandleAsync_DnsGetHostByName</name>
         <value>0x2000eded</value>
         <object_component_ref idref="oc-a81"/>
      </symbol>
      <symbol id="sm-14b6">
         <name>_sl_HandleAsync_PingResponse</name>
         <value>0x2000ee7d</value>
         <object_component_ref idref="oc-a14"/>
      </symbol>
      <symbol id="sm-14b7">
         <name>_SlDrvNetAppEventHandler</name>
         <value>0x2000d209</value>
         <object_component_ref idref="oc-a0e"/>
      </symbol>
      <symbol id="sm-14b8">
         <name>_sl_HandleAsync_DnsGetHostByService</name>
         <value>0x2000e0dd</value>
         <object_component_ref idref="oc-a87"/>
      </symbol>
      <symbol id="sm-14b9">
         <name>_sl_NetAppSendTokenValue</name>
         <value>0x2000fa95</value>
         <object_component_ref idref="oc-a93"/>
      </symbol>
      <symbol id="sm-14ba">
         <name>sl_NetAppMDNSRegisterUnregisterService</name>
         <value>0x2000de4d</value>
         <object_component_ref idref="oc-6ba"/>
      </symbol>
      <symbol id="sm-14dc">
         <name>sl_NetCfgSet</name>
         <value>0x2000ea61</value>
         <object_component_ref idref="oc-39a"/>
      </symbol>
      <symbol id="sm-1524">
         <name>_SlNonOsSemSet</name>
         <value>0x200114d9</value>
         <object_component_ref idref="oc-7ad"/>
      </symbol>
      <symbol id="sm-1525">
         <name>_SlNonOsSpawn</name>
         <value>0x2000fbd1</value>
         <object_component_ref idref="oc-7d0"/>
      </symbol>
      <symbol id="sm-1526">
         <name>_SlNonOsSemGet</name>
         <value>0x2000e4ad</value>
         <object_component_ref idref="oc-772"/>
      </symbol>
      <symbol id="sm-1527">
         <name>_SlNonOsMainLoopTask</name>
         <value>0x2000f865</value>
         <object_component_ref idref="oc-370"/>
      </symbol>
      <symbol id="sm-1528">
         <name>g__SlNonOsCB</name>
         <value>0x2001fc94</value>
         <object_component_ref idref="oc-674"/>
      </symbol>
      <symbol id="sm-1629">
         <name>sl_Recv</name>
         <value>0x2000e7f1</value>
         <object_component_ref idref="oc-1bd"/>
      </symbol>
      <symbol id="sm-162a">
         <name>sl_Send</name>
         <value>0x2000ce85</value>
         <object_component_ref idref="oc-1b7"/>
      </symbol>
      <symbol id="sm-162b">
         <name>_sl_HandleAsync_Connect</name>
         <value>0x2000f579</value>
         <object_component_ref idref="oc-aa9"/>
      </symbol>
      <symbol id="sm-162c">
         <name>sl_Htonl</name>
         <value>0x2001071d</value>
         <object_component_ref idref="oc-3d6"/>
      </symbol>
      <symbol id="sm-162d">
         <name>sl_Htons</name>
         <value>0x20010a11</value>
         <object_component_ref idref="oc-3d0"/>
      </symbol>
      <symbol id="sm-162e">
         <name>sl_Connect</name>
         <value>0x2000be7d</value>
         <object_component_ref idref="oc-3e8"/>
      </symbol>
      <symbol id="sm-162f">
         <name>sl_Socket</name>
         <value>0x2000f1cd</value>
         <object_component_ref idref="oc-3dc"/>
      </symbol>
      <symbol id="sm-1630">
         <name>_sl_HandleAsync_Select</name>
         <value>0x200101a5</value>
         <object_component_ref idref="oc-aaf"/>
      </symbol>
      <symbol id="sm-1631">
         <name>sl_Close</name>
         <value>0x2000fe25</value>
         <object_component_ref idref="oc-150"/>
      </symbol>
      <symbol id="sm-1632">
         <name>_sl_HandleAsync_Accept</name>
         <value>0x2000fc35</value>
         <object_component_ref idref="oc-aa3"/>
      </symbol>
      <symbol id="sm-1633">
         <name>sl_SetSockOpt</name>
         <value>0x2000eaf9</value>
         <object_component_ref idref="oc-3e2"/>
      </symbol>
      <symbol id="sm-16ed">
         <name>sl_WlanDisconnect</name>
         <value>0x20010b31</value>
         <object_component_ref idref="oc-394"/>
      </symbol>
      <symbol id="sm-16ee">
         <name>sl_WlanPolicySet</name>
         <value>0x2000ef0d</value>
         <object_component_ref idref="oc-388"/>
      </symbol>
      <symbol id="sm-16ef">
         <name>sl_WlanProfileDel</name>
         <value>0x2000fe85</value>
         <object_component_ref idref="oc-38e"/>
      </symbol>
      <symbol id="sm-16f0">
         <name>sl_WlanRxFilterSet</name>
         <value>0x2000f471</value>
         <object_component_ref idref="oc-3af"/>
      </symbol>
      <symbol id="sm-16f1">
         <name>sl_WlanConnect</name>
         <value>0x2000a721</value>
         <object_component_ref idref="oc-3b9"/>
      </symbol>
      <symbol id="sm-16f2">
         <name>sl_WlanSet</name>
         <value>0x2000eb91</value>
         <object_component_ref idref="oc-3a0"/>
      </symbol>
      <symbol id="sm-16f3">
         <name>sl_WlanSetMode</name>
         <value>0x2000fee5</value>
         <object_component_ref idref="oc-376"/>
      </symbol>
      <symbol id="sm-1813">
         <name>g_ucDinDout</name>
         <value>0x2001feb0</value>
      </symbol>
      <symbol id="sm-1814">
         <name>g_cDummy</name>
         <value>0x2001ff6e</value>
      </symbol>
      <symbol id="sm-1815">
         <name>NwpMaskInterrupt</name>
         <value>0x200116d9</value>
         <object_component_ref idref="oc-89d"/>
      </symbol>
      <symbol id="sm-1816">
         <name>NwpPrePowerOffTimout0</name>
         <value>0x2001108d</value>
         <object_component_ref idref="oc-683"/>
      </symbol>
      <symbol id="sm-1817">
         <name>NwpRegisterInterruptHandler</name>
         <value>0x200108e1</value>
         <object_component_ref idref="oc-64f"/>
      </symbol>
      <symbol id="sm-1818">
         <name>g_pHostIntHdl</name>
         <value>0x2001fd28</value>
         <object_component_ref idref="oc-88e"/>
      </symbol>
      <symbol id="sm-1819">
         <name>simplelink_timerA2_start</name>
         <value>0x200109d5</value>
         <object_component_ref idref="oc-a49"/>
      </symbol>
      <symbol id="sm-181a">
         <name>NwpUnMaskInterrupt</name>
         <value>0x200116e5</value>
         <object_component_ref idref="oc-8ab"/>
      </symbol>
      <symbol id="sm-181b">
         <name>NwpPowerOff</name>
         <value>0x20010a89</value>
         <object_component_ref idref="oc-649"/>
      </symbol>
      <symbol id="sm-181c">
         <name>TimerGetCurrentTimestamp</name>
         <value>0x200110cd</value>
         <object_component_ref idref="oc-9f1"/>
      </symbol>
      <symbol id="sm-181d">
         <name>spi_Read</name>
         <value>0x2000d7e9</value>
         <object_component_ref idref="oc-96a"/>
      </symbol>
      <symbol id="sm-181e">
         <name>DmaSpiSwIntHandler</name>
         <value>0x20010f35</value>
         <object_component_ref idref="oc-894"/>
      </symbol>
      <symbol id="sm-181f">
         <name>NwpPowerOn</name>
         <value>0x20010cf5</value>
         <object_component_ref idref="oc-655"/>
      </symbol>
      <symbol id="sm-1820">
         <name>spi_Close</name>
         <value>0x2000f775</value>
         <object_component_ref idref="oc-689"/>
      </symbol>
      <symbol id="sm-1821">
         <name>spi_Write</name>
         <value>0x2000ec29</value>
         <object_component_ref idref="oc-7b4"/>
      </symbol>
      <symbol id="sm-1822">
         <name>spi_Open</name>
         <value>0x2000c709</value>
         <object_component_ref idref="oc-63d"/>
      </symbol>
      <symbol id="sm-1823">
         <name>g_ucDMAEnabled</name>
         <value>0x2001fd2c</value>
         <object_component_ref idref="oc-88e"/>
      </symbol>
      <symbol id="sm-1824">
         <name>g_SpiFd</name>
         <value>0x2001fd24</value>
         <object_component_ref idref="oc-88e"/>
      </symbol>
      <symbol id="sm-187b">
         <name>uDMAChannelControlSet</name>
         <value>0x20010a4d</value>
         <object_component_ref idref="oc-a50"/>
      </symbol>
      <symbol id="sm-187c">
         <name>uDMAChannelAttributeEnable</name>
         <value>0x2000fd61</value>
         <object_component_ref idref="oc-a56"/>
      </symbol>
      <symbol id="sm-187d">
         <name>uDMAChannelTransferSet</name>
         <value>0x2000d8d9</value>
         <object_component_ref idref="oc-a5c"/>
      </symbol>
      <symbol id="sm-187e">
         <name>uDMAChannelAssign</name>
         <value>0x20010419</value>
         <object_component_ref idref="oc-9af"/>
      </symbol>
      <symbol id="sm-187f">
         <name>uDMAChannelAttributeDisable</name>
         <value>0x2000fcfd</value>
         <object_component_ref idref="oc-9b5"/>
      </symbol>
      <symbol id="sm-1880">
         <name>uDMAChannelEnable</name>
         <value>0x200112fd</value>
         <object_component_ref idref="oc-a62"/>
      </symbol>
      <symbol id="sm-1881">
         <name>__TI_static_base__</name>
         <value>0x20012c28</value>
      </symbol>
      <symbol id="sm-1884">
         <name>__mpu_init</name>
         <value>0x0</value>
      </symbol>
      <symbol id="sm-1885">
         <name>_system_post_cinit</name>
         <value>0x0</value>
      </symbol>
   </symbol_table>
   <title>Link successful</title>
</link_info>
