******************************************************************************
                  TI ARM Linker PC v20.2.5                     
******************************************************************************
>> Linked Tue Mar 10 21:58:12 2026

OUTPUT FILE NAME:   <EEC 172 Final Project.out>
ENTRY POINT SYMBOL: "_c_int00_noargs"  address: 2000e92d


MEMORY CONFIGURATION

         name            origin    length      used     unused   attr    fill
----------------------  --------  ---------  --------  --------  ----  --------
  SRAM_CODE             20004000   00013000  0000bb66  0000749a  RW X
  SRAM_DATA             20017000   00019000  000093c6  0000fc3a  RW X


SEGMENT ALLOCATION MAP

run origin  load origin   length   init length attrs members
----------  ----------- ---------- ----------- ----- -------
20004000    20004000    0000bb68   0000bb68    r-x
  20004000    20004000    00000400   00000400    r-- .intvecs
  20004400    20004400    0000abf2   0000abf2    r-x .text
  2000eff4    2000eff4    00000abc   00000abc    r-- .const
  2000fab0    2000fab0    000000b8   000000b8    r-- .cinit
20017000    20017000    000083c8   00000000    rw-
  20017000    20017000    00008000   00000000    rw- .sysmem
  2001f000    2001f000    0000022a   00000000    rw- .bss
  2001f22c    2001f22c    0000019c   00000000    rw- .data
2002f000    2002f000    00001000   00000000    rw-
  2002f000    2002f000    00001000   00000000    rw- .stack


SECTION ALLOCATION MAP

 output                                  attributes/
section   page    origin      length       input sections
--------  ----  ----------  ----------   ----------------
.intvecs   0    20004000    00000400     
                  20004000    00000400     startup_ccs.obj (.intvecs)

.init_array 
*          0    20004000    00000000     UNINITIALIZED

.text      0    20004400    0000abf2     
                  20004400    000010b4     main.obj (.text)
                  200054b4    00000f88     network_utils.obj (.text)
                  2000643c    00000a80     Adafruit_GFX.obj (.text)
                  20006ebc    00000a4e     rtsv7M4_T_le_eabi.lib : _printfi.c.obj (.text:__TI_printfi)
                  2000790a    00000002     driverlib.a : interrupt.obj (.text:IntDefaultHandler)
                  2000790c    00000590     simplelink.a : driver.obj (.text:_SlDrvMsgRead)
                  20007e9c    000004a2     Adafruit_OLED.obj (.text)
                  2000833e    00000002     rtsv7M4_T_le_eabi.lib : _lock.c.obj (.text:_nop)
                  20008340    00000398     gpio_if.obj (.text)
                  200086d8    00000280     simplelink.a : wlan.obj (.text:sl_WlanConnect)
                  20008958    0000027c     uart_if.obj (.text)
                  20008bd4    00000268     rtsv7M4_T_le_eabi.lib : _printfi.c.obj (.text:_pconv_a)
                  20008e3c    00000248     simplelink.a : driver.obj (.text:_SlDrvRxHdrRead)
                  20009084    000001e4                  : driver.obj (.text:_SlDrvDataReadOp)
                  20009268    000001d0                  : driver.obj (.text:_SlDrvReleasePoolObj)
                  20009438    000001cc     rtsv7M4_T_le_eabi.lib : _printfi.c.obj (.text:_pconv_g)
                  20009604    000001b6                           : fd_add_t2.asm.obj (.text)
                  200097ba    00000002                           : div0.asm.obj (.text)
                  200097bc    000001b4     simplelink.a : driver.obj (.text:_SlDrvDriverCBInit)
                  20009970    0000019c                  : driver.obj (.text:_SlDrvMsgWrite)
                  20009b0c    00000198     timer_if.obj (.text)
                  20009ca4    00000190     simplelink.a : driver.obj (.text:_SlDrvWaitForPoolObj)
                  20009e34    0000018c                  : socket.obj (.text:sl_Connect)
                  20009fc0    00000178     driverlib.a : prcm.obj (.text:PRCMCC3200MCUInit)
                  2000a138    00000170     simplelink.a : driver.obj (.text:_SlFindAndSetActiveObj)
                  2000a2a8    00000150                  : driver.obj (.text:_SlDrvDataWriteOp)
                  2000a3f8    00000148                  : cc_pal.obj (.text:spi_Open)
                  2000a540    00000144                  : driver.obj (.text:_SlDrvMsgReadCmdCtx)
                  2000a684    00000144     pinmux.obj (.text)
                  2000a7c8    00000144     simplelink.a : netapp.obj (.text:sl_NetAppDnsGetHostByName)
                  2000a90c    0000013c     rtsv7M4_T_le_eabi.lib : _printfi.c.obj (.text:_pconv_e)
                  2000aa48    00000136                           : fd_div_t2.asm.obj (.text)
                  2000ab7e    00000002     --HOLE-- [fill = 0]
                  2000ab80    00000134     simplelink.a : socket.obj (.text:sl_Send)
                  2000acb4    00000130                  : driver.obj (.text:_SlDrvDriverCBDeinit)
                  2000ade4    00000120     rtsv7M4_T_le_eabi.lib : _printfi.c.obj (.text:fcvt)
                  2000af04    00000104     simplelink.a : netapp.obj (.text:_SlDrvNetAppEventHandler)
                  2000b008    00000100     rtsv7M4_T_le_eabi.lib : memory.c.obj (.text:aligned_alloc)
                  2000b108    000000fc                           : fd_mul_t2.asm.obj (.text)
                  2000b204    000000f0     simplelink.a : device.obj (.text:sl_Stop)
                  2000b2f4    000000f0                  : cc_pal.obj (.text:spi_Read)
                  2000b3e4    000000f0     driverlib.a : udma.obj (.text:uDMAChannelTransferSet)
                  2000b4d4    000000ec     simplelink.a : device.obj (.text:sl_Start)
                  2000b5c0    000000e8                  : driver.obj (.text:_SlAsyncEventGenericHandler)
                  2000b6a8    000000e8                  : driver.obj (.text:_SlDrvMsgReadSpawnCtx)
                  2000b790    000000e4     rtsv7M4_T_le_eabi.lib : memory.c.obj (.text:free)
                  2000b874    000000e4                           : memory.c.obj (.text:realloc)
                  2000b958    000000e4     simplelink.a : netapp.obj (.text:sl_NetAppMDNSRegisterUnregisterService)
                  2000ba3c    000000dc                  : driver.obj (.text:_SlDrvClassifyRxMsg)
                  2000bb18    000000d0     rtsv7M4_T_le_eabi.lib : s_scalbn.c.obj (.text:scalbn)
                  2000bbe8    000000cc     simplelink.a : netapp.obj (.text:_sl_HandleAsync_DnsGetHostByService)
                  2000bcb4    000000cc                  : device.obj (.text:sl_DevGet)
                  2000bd80    000000c4                  : driver.obj (.text:_SlRemoveFromList)
                  2000be44    000000c0                  : driver.obj (.text:_SlDrvCmdOp)
                  2000bf04    000000b1     rtsv7M4_T_le_eabi.lib : _printfi.c.obj (.text:_ltostr)
                  2000bfb5    00000003     --HOLE-- [fill = 0]
                  2000bfb8    000000b0     simplelink.a : nonos.obj (.text:_SlNonOsSemGet)
                  2000c068    000000a8     driverlib.a : interrupt.obj (.text:IntDisable)
                  2000c110    000000a8                 : interrupt.obj (.text:IntEnable)
                  2000c1b8    000000a4     simplelink.a : driver.obj (.text:_SlDriverHandleError)
                  2000c25c    000000a0     driverlib.a : spi.obj (.text:SPIConfigSetExpClk)
                  2000c2fc    000000a0     simplelink.a : socket.obj (.text:sl_Recv)
                  2000c39c    0000009c     rtsv7M4_T_le_eabi.lib : memcpy_t2.asm.obj (.text)
                  2000c438    0000009a     simplelink.a : device.obj (.text:_SlDrvDeviceEventHandler)
                  2000c4d2    00000002     --HOLE-- [fill = 0]
                  2000c4d4    00000098                  : device.obj (.text:sl_DevSet)
                  2000c56c    00000098                  : netcfg.obj (.text:sl_NetCfgSet)
                  2000c604    00000098                  : socket.obj (.text:sl_SetSockOpt)
                  2000c69c    00000098                  : wlan.obj (.text:sl_WlanSet)
                  2000c734    00000098                  : cc_pal.obj (.text:spi_Write)
                  2000c7cc    00000096     rtsv7M4_T_le_eabi.lib : ull_div_t2.asm.obj (.text)
                  2000c862    00000002     --HOLE-- [fill = 0]
                  2000c864    00000094     driverlib.a : prcm.obj (.text:PRCMPeripheralClockGet)
                  2000c8f8    00000090     simplelink.a : netapp.obj (.text:_sl_HandleAsync_DnsGetHostByName)
                  2000c988    00000090                  : netapp.obj (.text:_sl_HandleAsync_PingResponse)
                  2000ca18    00000090                  : wlan.obj (.text:sl_WlanPolicySet)
                  2000caa8    0000008c                  : cc_pal.obj (.text:SetupDMAReceive)
                  2000cb34    0000008c                  : cc_pal.obj (.text:SetupDMASend)
                  2000cbc0    0000008c                  : driver.obj (.text:_SlDrvIsTimeoutExpired)
                  2000cc4c    0000008c                  : device.obj (.text:_sl_HandleAsync_InitComplete)
                  2000ccd8    0000008c                  : socket.obj (.text:sl_Socket)
                  2000cd64    00000088     driverlib.a : pin.obj (.text:PinConfigSet)
                  2000cdec    00000086     rtsv7M4_T_le_eabi.lib : fd_cmp_t2.asm.obj (.text:__aeabi_cdcmple)
                  2000ce72    00000086                           : fd_cmp_t2.asm.obj (.text:__aeabi_cdrcmple)
                  2000cef8    00000084     simplelink.a : wlan.obj (.text:sl_WlanRxFilterSet)
                  2000cf7c    00000082     driverlib.a : gpio.obj (.text:GPIOIntTypeSet)
                  2000cffe    00000002     --HOLE-- [fill = 0]
                  2000d000    00000080     simplelink.a : socket.obj (.text:_sl_HandleAsync_Connect)
                  2000d080    00000080                  : cc_pal.obj (.text:spi_Read_CPU)
                  2000d100    00000080                  : cc_pal.obj (.text:spi_Write_CPU)
                  2000d180    0000007a     rtsv7M4_T_le_eabi.lib : memset_t2.asm.obj (.text)
                  2000d1fa    00000002     --HOLE-- [fill = 0]
                  2000d1fc    00000078     simplelink.a : cc_pal.obj (.text:spi_Close)
                  2000d274    00000076     driverlib.a : uart.obj (.text:UARTConfigSetExpClk)
                  2000d2ea    00000002     --HOLE-- [fill = 0]
                  2000d2ec    00000074     simplelink.a : nonos.obj (.text:_SlNonOsMainLoopTask)
                  2000d360    00000070     driverlib.a : timer.obj (.text:TimerIntRegister)
                  2000d3d0    00000070     rtsv7M4_T_le_eabi.lib : memory.c.obj (.text:split)
                  2000d440    0000006e                           : _printfi.c.obj (.text:_mcpy)
                  2000d4ae    00000002     --HOLE-- [fill = 0]
                  2000d4b0    0000006c     simplelink.a : driver.obj (.text:_SlDrvCmdSend)
                  2000d51c    0000006c                  : netapp.obj (.text:_sl_NetAppSendTokenValue)
                  2000d588    00000068     driverlib.a : timer.obj (.text:TimerIntUnregister)
                  2000d5f0    00000068     rtsv7M4_T_le_eabi.lib : copy_decompress_lzss.c.obj (.text:decompress:lzss:__TI_decompress_lzss)
                  2000d658    00000064     simplelink.a : nonos.obj (.text:_SlNonOsSpawn)
                  2000d6bc    00000064                  : socket.obj (.text:_sl_HandleAsync_Accept)
                  2000d720    00000064                  : netapp.obj (.text:sl_NetAppMDNSUnRegisterService)
                  2000d784    00000064     driverlib.a : udma.obj (.text:uDMAChannelAttributeDisable)
                  2000d7e8    00000064                 : udma.obj (.text:uDMAChannelAttributeEnable)
                  2000d84c    00000060     simplelink.a : socket.obj (.text:sl_Close)
                  2000d8ac    00000060                  : wlan.obj (.text:sl_WlanProfileDel)
                  2000d90c    00000060                  : wlan.obj (.text:sl_WlanSetMode)
                  2000d96c    0000005c     rtsv7M4_T_le_eabi.lib : s_frexp.c.obj (.text:frexp)
                  2000d9c8    00000058     driverlib.a : interrupt.obj (.text:IntPendClear)
                  2000da20    00000058                 : prcm.obj (.text:PRCMPeripheralReset)
                  2000da78    00000056     rtsv7M4_T_le_eabi.lib : _printfi.c.obj (.text:_pconv_f)
                  2000dace    00000002     --HOLE-- [fill = 0]
                  2000dad0    00000054     driverlib.a : interrupt.obj (.text:IntPrioritySet)
                  2000db24    00000054     simplelink.a : driver.obj (.text:_SlDrvRxIrqHandler)
                  2000db78    00000054     rtsv7M4_T_le_eabi.lib : _ltoa.c.obj (.text:__TI_ltoa)
                  2000dbcc    00000054     simplelink.a : socket.obj (.text:_sl_HandleAsync_Select)
                  2000dc20    00000052     rtsv7M4_T_le_eabi.lib : _printfi.c.obj (.text:_ecpy)
                  2000dc72    00000002     --HOLE-- [fill = 0]
                  2000dc74    00000050     simplelink.a : device.obj (.text:_sl_HandleAsync_Stop)
                  2000dcc4    0000004c     driverlib.a : spi.obj (.text:SPIIntEnable)
                  2000dd10    0000004c                 : spi.obj (.text:SPIIntNumberGet)
                  2000dd5c    0000004c     simplelink.a : driver.obj (.text:_SlDrvProtectAsyncRespSetting)
                  2000dda8    0000004c                  : socket.obj (.text:_sl_BuildAddress)
                  2000ddf4    0000004c     rtsv7M4_T_le_eabi.lib : atoi.c.obj (.text:atoi)
                  2000de40    0000004c     driverlib.a : udma.obj (.text:uDMAChannelAssign)
                  2000de8c    00000048                 : gpio.obj (.text:GPIOGetIntNumber)
                  2000ded4    00000048                 : spi.obj (.text:SPIIntClear)
                  2000df1c    00000048     simplelink.a : driver.obj (.text:_SlDrvBasicCmd)
                  2000df64    00000048     rtsv7M4_T_le_eabi.lib : fd_toi_t2.asm.obj (.text)
                  2000dfac    00000044     driverlib.a : spi.obj (.text:SPIDmaMaskGet)
                  2000dff0    00000044                 : timer.obj (.text:TimerConfigure)
                  2000e034    00000044     simplelink.a : driver.obj (.text:_SlDrvHandleHttpServerEvents)
                  2000e078    00000044                  : driver.obj (.text:_SlDrvSyncObjWaitTimeout)
                  2000e0bc    00000044     rtsv7M4_T_le_eabi.lib : autoinit.c.obj (.text:__TI_auto_init_nobinit_nopinit:__TI_auto_init_nobinit_nopinit)
                  2000e100    00000044     simplelink.a : cc_pal.obj (.text:cc_SetupTransfer)
                  2000e144    00000042                  : socket.obj (.text:sl_Htonl)
                  2000e186    00000002     --HOLE-- [fill = 0]
                  2000e188    00000040     driverlib.a : pin.obj (.text:PinModeSet)
                  2000e1c8    00000040     simplelink.a : driver.obj (.text:_SlDrvHandleNetAppEvents)
                  2000e208    00000040                  : driver.obj (.text:_SlDrvHandleWlanEvents)
                  2000e248    00000040                  : socket.obj (.text:_sl_TruncatePayloadByProtocol)
                  2000e288    00000040     rtsv7M4_T_le_eabi.lib : sprintf.c.obj (.text:sprintf)
                  2000e2c8    00000040                           : vsnprintf.c.obj (.text:vsnprintf)
                  2000e308    0000003e     simplelink.a : cc_pal.obj (.text:NwpRegisterInterruptHandler)
                  2000e346    0000003e     rtsv7M4_T_le_eabi.lib : _printfi.c.obj (.text:_fcpy)
                  2000e384    0000003c     simplelink.a : netapp.obj (.text:CopyPingResultsToReport)
                  2000e3c0    0000003c     driverlib.a : prcm.obj (.text:PRCMPeripheralClkEnable)
                  2000e3fc    0000003c     simplelink.a : cc_pal.obj (.text:simplelink_timerA2_start)
                  2000e438    0000003c                  : socket.obj (.text:sl_Htons)
                  2000e474    0000003c     driverlib.a : udma.obj (.text:uDMAChannelControlSet)
                  2000e4b0    00000038     simplelink.a : cc_pal.obj (.text:NwpPowerOff)
                  2000e4e8    00000038                  : wlan.obj (.text:sl_WlanDisconnect)
                  2000e520    00000036     driverlib.a : gpio.obj (.text:GPIODirModeSet)
                  2000e556    00000002     --HOLE-- [fill = 0]
                  2000e558    00000034                 : prcm.obj (.text:PRCMPeripheralStatusGet)
                  2000e58c    00000034                 : spi.obj (.text:SPIFIFOLevelSet)
                  2000e5c0    00000030                 : pin.obj (.text:PinTypeGPIO)
                  2000e5f0    00000030                 : uart.obj (.text:UARTDisable)
                  2000e620    00000030     rtsv7M4_T_le_eabi.lib : vsnprintf.c.obj (.text:_outs)
                  2000e650    0000002e                           : i_tofd_t2.asm.obj (.text)
                  2000e67e    00000002     --HOLE-- [fill = 0]
                  2000e680    0000002c     simplelink.a : cc_pal.obj (.text:NwpPowerOn)
                  2000e6ac    0000002c     driverlib.a : prcm.obj (.text:PRCMSysResetCauseGet)
                  2000e6d8    0000002c     simplelink.a : driver.obj (.text:_SlDrvObjGlobalLockWaitForever)
                  2000e704    0000002c                  : driver.obj (.text:_SlDrvProtectionObjLockWaitForever)
                  2000e730    0000002a     driverlib.a : timer.obj (.text:TimerLoadSet)
                  2000e75a    0000002a                 : timer.obj (.text:TimerPrescaleSet)
                  2000e784    00000028                 : prcm.obj (.text:PRCMPeripheralClkDisable)
                  2000e7ac    00000028     simplelink.a : driver.obj (.text:_SlDrvGlobalObjUnLock)
                  2000e7d4    00000028                  : driver.obj (.text:_SlDrvProtectionObjUnLock)
                  2000e7fc    00000028                  : driver.obj (.text:_SlDrvSyncObjWaitForever)
                  2000e824    00000028     rtsv7M4_T_le_eabi.lib : memory.c.obj (.text:free_list_insert)
                  2000e84c    00000028                           : memmov.c.obj (.text:memmove)
                  2000e874    00000026     simplelink.a : driver.obj (.text:_SlDrvObjLockWaitForever)
                  2000e89a    00000026     network_common.obj (.text)
                  2000e8c0    00000024     simplelink.a : cc_pal.obj (.text:DmaSpiSwIntHandler)
                  2000e8e4    00000024     driverlib.a : interrupt.obj (.text:IntUnregister)
                  2000e908    00000024                 : uart.obj (.text:UARTEnable)
                  2000e92c    00000024     rtsv7M4_T_le_eabi.lib : boot_cortex_m.c.obj (.text:_c_int00_noargs:_c_int00_noargs)
                  2000e950    00000022     driverlib.a : gpio.obj (.text:GPIOIntStatus)
                  2000e972    00000022                 : spi.obj (.text:SPIReset)
                  2000e994    00000022                 : spi.obj (.text:SPIWordCountSet)
                  2000e9b6    00000020                 : gpio.obj (.text:GPIOPinWrite)
                  2000e9d6    00000002     --HOLE-- [fill = 0]
                  2000e9d8    00000020                 : interrupt.obj (.text:IntRegister)
                  2000e9f8    00000020     simplelink.a : cc_pal.obj (.text:NwpPrePowerOffTimout0)
                  2000ea18    00000020     driverlib.a : spi.obj (.text:SPIDataGet)
                  2000ea38    00000020     simplelink.a : cc_pal.obj (.text:TimerGetCurrentTimestamp)
                  2000ea58    00000020                  : driver.obj (.text:_SlDrvObjUnLock)
                  2000ea78    00000020                  : driver.obj (.text:_SlDrvSyncObjSignal)
                  2000ea98    0000001e     driverlib.a : gpio.obj (.text:GPIOIntRegister)
                  2000eab6    0000001e                 : spi.obj (.text:SPIDataPut)
                  2000ead4    0000001e                 : timer.obj (.text:TimerDisable)
                  2000eaf2    0000001e                 : timer.obj (.text:TimerEnable)
                  2000eb10    0000001e                 : timer.obj (.text:TimerIntStatus)
                  2000eb2e    0000001e                 : uart.obj (.text:UARTCharPut)
                  2000eb4c    0000001e     simplelink.a : cc_pal.obj (.text:cc_UDMAChannelSelect)
                  2000eb6a    00000002     --HOLE-- [fill = 0]
                  2000eb6c    0000001c     driverlib.a : systick.obj (.text:SysTickIntRegister)
                  2000eb88    0000001c                 : timer.obj (.text:TimerValueGet)
                  2000eba4    0000001c                 : uart.obj (.text:UARTCharGetNonBlocking)
                  2000ebc0    0000001c     simplelink.a : driver.obj (.text:_SlDrvStartMeasureTimeout)
                  2000ebdc    0000001c     rtsv7M4_T_le_eabi.lib : copy_zero_init.c.obj (.text:decompress:ZI:__TI_zero_init_nomemset:__TI_zero_init_nomemset)
                  2000ebf8    0000001c                           : memory.c.obj (.text:free_list_remove)
                  2000ec14    0000001c                           : memccpy.c.obj (.text:memccpy)
                  2000ec30    0000001c     driverlib.a : udma.obj (.text:uDMAChannelEnable)
                  2000ec4c    0000001a                 : gpio.obj (.text:GPIOIntEnable)
                  2000ec66    0000001a                 : pin.obj (.text:PinTypeSPI)
                  2000ec80    0000001a                 : pin.obj (.text:PinTypeUART)
                  2000ec9a    0000001a                 : spi.obj (.text:SPIDmaDisable)
                  2000ecb4    0000001a                 : spi.obj (.text:SPIDmaEnable)
                  2000ecce    0000001a                 : spi.obj (.text:SPIFIFODisable)
                  2000ece8    0000001a                 : spi.obj (.text:SPIFIFOEnable)
                  2000ed02    0000001a                 : spi.obj (.text:SPIIntUnregister)
                  2000ed1c    00000018                 : gpio.obj (.text:GPIOPinRead)
                  2000ed34    00000018                 : spi.obj (.text:SPICSDisable)
                  2000ed4c    00000018                 : spi.obj (.text:SPICSEnable)
                  2000ed64    00000018                 : spi.obj (.text:SPIDisable)
                  2000ed7c    00000018                 : spi.obj (.text:SPIEnable)
                  2000ed94    00000018                 : systick.obj (.text:SysTickPeriodSet)
                  2000edac    00000018                 : timer.obj (.text:TimerIntDisable)
                  2000edc4    00000018                 : timer.obj (.text:TimerIntEnable)
                  2000eddc    00000018                 : uart.obj (.text:UARTCharsAvail)
                  2000edf4    00000018     simplelink.a : nonos.obj (.text:_SlNonOsSemSet)
                  2000ee0c    00000018     rtsv7M4_T_le_eabi.lib : vsnprintf.c.obj (.text:_outc)
                  2000ee24    00000018                           : sprintf.c.obj (.text:_outs)
                  2000ee3c    00000018     simplelink.a : device.obj (.text:_sl_GetStartResponseConvert)
                  2000ee54    00000016     driverlib.a : prcm.obj (.text:PRCMHIBRegRead)
                  2000ee6a    00000016                 : prcm.obj (.text:PRCMHIBRegWrite)
                  2000ee80    00000016     simplelink.a : driver.obj (.text:_SlDrvMemZero)
                  2000ee96    00000016     rtsv7M4_T_le_eabi.lib : strchr.c.obj (.text:strchr)
                  2000eeac    00000014     driverlib.a : cpu.obj (.text:CPUcpsie)
                  2000eec0    00000014                 : gpio.obj (.text:GPIOIntClear)
                  2000eed4    00000014                 : interrupt.obj (.text:IntVTableBaseSet)
                  2000eee8    00000014     rtsv7M4_T_le_eabi.lib : strcpy.c.obj (.text:strcpy)
                  2000eefc    00000014                           : strlen.c.obj (.text:strlen)
                  2000ef10    00000012     driverlib.a : timer.obj (.text:TimerIntClear)
                  2000ef22    00000012     rtsv7M4_T_le_eabi.lib : wcslen.c.obj (.text:wcslen)
                  2000ef34    00000010     driverlib.a : systick.obj (.text:SysTickEnable)
                  2000ef44    00000010     simplelink.a : driver.obj (.text:_SlDrvDispatchHttpServerEvents)
                  2000ef54    00000010     rtsv7M4_T_le_eabi.lib : isdigit.c.obj (.text:isdigit)
                  2000ef64    0000000e     simplelink.a : driver.obj (.text:_SlDrvResetCmdExt)
                  2000ef72    0000000e     rtsv7M4_T_le_eabi.lib : copy_decompress_none.c.obj (.text:decompress:none:__TI_decompress_none)
                  2000ef80    0000000e     startup_ccs.obj (.text)
                  2000ef8e    00000002     --HOLE-- [fill = 0]
                  2000ef90    0000000c     simplelink.a : cc_pal.obj (.text:NwpMaskInterrupt)
                  2000ef9c    0000000c                  : cc_pal.obj (.text:NwpUnMaskInterrupt)
                  2000efa8    0000000c     driverlib.a : systick.obj (.text:SysTickValueGet)
                  2000efb4    0000000c     rtsv7M4_T_le_eabi.lib : s_copysign.c.obj (.text:copysign)
                  2000efc0    0000000a     driverlib.a : interrupt.obj (.text:IntMasterEnable)
                  2000efca    0000000a     rtsv7M4_T_le_eabi.lib : sprintf.c.obj (.text:_outc)
                  2000efd4    00000008                           : errno.c.obj (.text:__aeabi_errno_addr)
                  2000efdc    00000008                           : memory.c.obj (.text:malloc)
                  2000efe4    00000006     driverlib.a : utils.obj (.text:UtilsDelay)
                  2000efea    00000004     rtsv7M4_T_le_eabi.lib : pre_init.c.obj (.text:_system_pre_init)
                  2000efee    00000004                           : exit.c.obj (.text:abort:abort)

.const     0    2000eff4    00000abc     
                  2000eff4    000004fb     Adafruit_GFX.obj (.const:.string:font)
                  2000f4ef    00000101     rtsv7M4_T_le_eabi.lib : ctype.c.obj (.const:.string:_ctypes_)
                  2000f5f0    00000100     driverlib.a : pin.obj (.const:g_ulPinToPadMap)
                  2000f6f0    000000d4                 : interrupt.obj (.const:g_pulRegs)
                  2000f7c4    000000a8                 : prcm.obj (.const:PRCM_PeriphRegsList)
                  2000f86c    0000003c     simplelink.a : driver.obj (.const:OpcodeTranslateTable)
                  2000f8a8    00000038                  : driver.obj (.const:_SlActionLookupTable)
                  2000f8e0    0000002c     network_utils.obj (.const:$P$T1$2)
                  2000f90c    00000024     driverlib.a : spi.obj (.const:g_ppulSPIIntMap)
                  2000f930    00000022     network_utils.obj (.const:.string:$P$T0$1)
                  2000f952    00000002     --HOLE-- [fill = 0]
                  2000f954    00000020     simplelink.a : driver.obj (.const:RxMsgClassLUT)
                  2000f974    00000018     driverlib.a : interrupt.obj (.const:g_pulDisRegs)
                  2000f98c    00000018                 : interrupt.obj (.const:g_pulEnRegs)
                  2000f9a4    00000018                 : interrupt.obj (.const:g_pulUnpendRegs)
                  2000f9bc    00000018                 : spi.obj (.const:g_ulSPIDmaMaskMap)
                  2000f9d4    00000014     simplelink.a : driver.obj (.const:$P$T0$1)
                  2000f9e8    00000014                  : nonos.obj (.const:$P$T0$1)
                  2000f9fc    00000014     network_utils.obj (.const:$P$T2$3)
                  2000fa10    00000010     simplelink.a : socket.obj (.const:.string:_SlPayloadByProtocolLUT)
                  2000fa20    0000000c     network_utils.obj (.const:$P$T4$5)
                  2000fa2c    0000000c     network_utils.obj (.const:.string:$P$T3$4)
                  2000fa38    00000009     main.obj (.const:.string:$P$T0$1)
                  2000fa41    00000008     simplelink.a : device.obj (.const:StartResponseLUT)
                  2000fa49    00000003     --HOLE-- [fill = 0]
                  2000fa4c    00000008                  : driver.obj (.const:g_H2NCnysPattern)
                  2000fa54    00000008                  : driver.obj (.const:g_H2NSyncPattern)
                  2000fa5c    00000004                  : wlan.obj (.const:$P$T0$1)
                  2000fa60    00000004                  : socket.obj (.const:$P$T2$3)
                  2000fa64    00000004                  : device.obj (.const:_SlDeviceGetCmdCtrl)
                  2000fa68    00000004                  : device.obj (.const:_SlDeviceSetCmdCtrl)
                  2000fa6c    00000004                  : netapp.obj (.const:_SlGetHostByNameCtrl)
                  2000fa70    00000004                  : netapp.obj (.const:_SlNetAppSendTokenValueCmdCtrl)
                  2000fa74    00000004                  : netcfg.obj (.const:_SlNetCfgSetCmdCtrl)
                  2000fa78    00000004                  : wlan.obj (.const:_SlPolicySetCmdCtrl)
                  2000fa7c    00000004                  : wlan.obj (.const:_SlProfileDelCmdCtrl)
                  2000fa80    00000004                  : socket.obj (.const:_SlRecvCmdCtrl)
                  2000fa84    00000004                  : netapp.obj (.const:_SlRegisterServiceCtrl)
                  2000fa88    00000004                  : wlan.obj (.const:_SlRxFilterSetCmdCtrl)
                  2000fa8c    00000004                  : socket.obj (.const:_SlSendCmdCtrl)
                  2000fa90    00000004                  : socket.obj (.const:_SlSetSockOptCmdCtrl)
                  2000fa94    00000004                  : socket.obj (.const:_SlSockCloseCmdCtrl)
                  2000fa98    00000004                  : socket.obj (.const:_SlSockSocketCmdCtrl)
                  2000fa9c    00000004                  : device.obj (.const:_SlStopCmdCtrl)
                  2000faa0    00000004                  : wlan.obj (.const:_SlWlanCfgSetCmdCtrl)
                  2000faa4    00000004                  : wlan.obj (.const:_SlWlanSetModeCmdCtrl)
                  2000faa8    00000004                  : driver.obj (.const:httpServer_callbacks)
                  2000faac    00000004                  : driver.obj (.const:netApp_callbacks)

.cinit     0    2000fab0    000000b8     
                  2000fab0    00000093     (.cinit..data.load) [load image, compression = lzss]
                  2000fb43    00000001     --HOLE-- [fill = 0]
                  2000fb44    0000000c     (__TI_handler_table)
                  2000fb50    00000008     (.cinit..bss.load) [load image, compression = zero_init]
                  2000fb58    00000010     (__TI_cinit_table)

.sysmem    0    20017000    00008000     UNINITIALIZED
                  20017000    00000010     rtsv7M4_T_le_eabi.lib : memory.c.obj (.sysmem)
                  20017010    00007ff0     --HOLE--

.bss       0    2001f000    0000022a     UNINITIALIZED
                  2001f000    00000168     simplelink.a : driver.obj (.bss:g_StatMem)
                  2001f168    00000050     (.common:g_ucDinDout)
                  2001f1b8    0000002c     (.common:g_time)
                  2001f1e4    00000024     (.common:g_ucConnectionSSID)
                  2001f208    00000008     (.common:g_app_config)
                  2001f210    00000008     (.common:g_ucConnectionBSSID)
                  2001f218    00000004     uart_if.obj (.bss)
                  2001f21c    00000004     (.common:g_Host)
                  2001f220    00000004     (.common:g_port)
                  2001f224    00000001     (.common:RxIrqCnt)
                  2001f225    00000001     (.common:g_bDeviceRestartIsRequired)
                  2001f226    00000001     (.common:g_cDummy)
                  2001f227    00000001     (.common:g_ucLED1Pin)
                  2001f228    00000001     (.common:g_ucLED2Pin)
                  2001f229    00000001     (.common:g_ucLED3Pin)

.data      0    2001f22c    0000019c     UNINITIALIZED
                  2001f22c    00000080     main.obj (.data:mock_flights)
                  2001f2ac    00000048     main.obj (.data)
                  2001f2f4    0000003c     simplelink.a : nonos.obj (.data:g__SlNonOsCB)
                  2001f330    00000015     Adafruit_GFX.obj (.data)
                  2001f345    00000003     --HOLE--
                  2001f348    00000014     gpio_if.obj (.data:ulReg)
                  2001f35c    00000010     main.obj (.data:current_altitude)
                  2001f36c    00000010     main.obj (.data:current_callsign)
                  2001f37c    0000000d     simplelink.a : driver.obj (.data)
                  2001f389    00000003     --HOLE--
                  2001f38c    0000000c     gpio_if.obj (.data)
                  2001f398    0000000c     network_utils.obj (.data)
                  2001f3a4    00000009     simplelink.a : cc_pal.obj (.data)
                  2001f3ad    00000003     --HOLE--
                  2001f3b0    00000008     rtsv7M4_T_le_eabi.lib : _lock.c.obj (.data:$O1$$)
                  2001f3b8    00000008                           : memory.c.obj (.data:$O1$$)
                  2001f3c0    00000004                           : errno.c.obj (.data)
                  2001f3c4    00000004     simplelink.a : driver.obj (.data:wlan_callbacks)

.stack     0    2002f000    00001000     UNINITIALIZED
                  2002f000    00000004     rtsv7M4_T_le_eabi.lib : boot_cortex_m.c.obj (.stack)
                  2002f004    00000ffc     --HOLE--

__llvm_prf_cnts 
*          0    20017000    00000000     UNINITIALIZED

MODULE SUMMARY

       Module                       code    ro data   rw data
       ------                       ----    -------   -------
    .\
       main.obj                     4276    9         232    
       Adafruit_GFX.obj             2688    1275      21     
       Adafruit_OLED.obj            1186    0         0      
       startup_ccs.obj              14      1024      0      
       gpio_if.obj                  920     0         35     
       uart_if.obj                  636     0         4      
       timer_if.obj                 408     0         0      
       pinmux.obj                   324     0         0      
       network_common.obj           38      0         0      
    +--+----------------------------+-------+---------+---------+
       Total:                       10490   2308      292    
                                                             
    .\utils\
       network_utils.obj            3976    122       116    
    +--+----------------------------+-------+---------+---------+
       Total:                       3976    122       116    
                                                             
    C:/ti/CC3200SDK_1.5.0/cc3200-sdk/driverlib/ccs/Release/driverlib.a
       prcm.obj                     852     168       0      
       spi.obj                      860     60        0      
       interrupt.obj                608     284       0      
       udma.obj                     604     0         0      
       pin.obj                      300     256       0      
       timer.obj                    552     0         0      
       gpio.obj                     422     0         0      
       uart.obj                     284     0         0      
       systick.obj                  80      0         0      
       cpu.obj                      20      0         0      
       utils.obj                    6       0         0      
    +--+----------------------------+-------+---------+---------+
       Total:                       4588    768       0      
                                                             
    C:/ti/CC3200SDK_1.5.0/cc3200-sdk/simplelink/ccs/NON_OS/simplelink.a
       driver.obj                   7906    192       379    
       cc_pal.obj                   1820    0         90     
       socket.obj                   1830    40        0      
       netapp.obj                   1572    12        0      
       wlan.obj                     1316    24        0      
       device.obj                   1230    20        0      
       nonos.obj                    416     20        60     
       netcfg.obj                   152     4         0      
    +--+----------------------------+-------+---------+---------+
       Total:                       16242   312       529    
                                                             
    C:\ti\ccs1040\ccs\tools\compiler\ti-cgt-arm_20.2.5.LTS\lib\rtsv7M4_T_le_eabi.lib
       _printfi.c.obj               4835    0         0      
       memory.c.obj                 900     0         8      
       fd_add_t2.asm.obj            438     0         0      
       fd_div_t2.asm.obj            310     0         0      
       fd_cmp_t2.asm.obj            268     0         0      
       ctype.c.obj                  0       257       0      
       fd_mul_t2.asm.obj            252     0         0      
       s_scalbn.c.obj               208     0         0      
       memcpy_t2.asm.obj            156     0         0      
       ull_div_t2.asm.obj           150     0         0      
       vsnprintf.c.obj              136     0         0      
       memset_t2.asm.obj            122     0         0      
       copy_decompress_lzss.c.obj   104     0         0      
       sprintf.c.obj                98      0         0      
       s_frexp.c.obj                92      0         0      
       _ltoa.c.obj                  84      0         0      
       atoi.c.obj                   76      0         0      
       fd_toi_t2.asm.obj            72      0         0      
       autoinit.c.obj               68      0         0      
       i_tofd_t2.asm.obj            46      0         0      
       memmov.c.obj                 40      0         0      
       boot_cortex_m.c.obj          36      0         0      
       copy_zero_init.c.obj         28      0         0      
       memccpy.c.obj                28      0         0      
       strchr.c.obj                 22      0         0      
       strcpy.c.obj                 20      0         0      
       strlen.c.obj                 20      0         0      
       wcslen.c.obj                 18      0         0      
       isdigit.c.obj                16      0         0      
       copy_decompress_none.c.obj   14      0         0      
       errno.c.obj                  8       0         4      
       s_copysign.c.obj             12      0         0      
       _lock.c.obj                  2       0         8      
       exit.c.obj                   4       0         0      
       pre_init.c.obj               4       0         0      
       div0.asm.obj                 2       0         0      
    +--+----------------------------+-------+---------+---------+
       Total:                       8689    257       20     
                                                             
       Heap:                        0       0         32768  
       Stack:                       0       0         4096   
       Linker Generated:            0       183       0      
    +--+----------------------------+-------+---------+---------+
       Grand Total:                 43985   3950      37821  


LINKER GENERATED COPY TABLES

__TI_cinit_table @ 2000fb58 records: 2, size/record: 8, table size: 16
	.data: load addr=2000fab0, load size=00000093 bytes, run addr=2001f22c, run size=0000019c bytes, compression=lzss
	.bss: load addr=2000fb50, load size=00000008 bytes, run addr=2001f000, run size=0000022a bytes, compression=zero_init


LINKER GENERATED HANDLER TABLE

__TI_handler_table @ 2000fb44 records: 3, size/record: 4, table size: 12
	index: 0, handler: __TI_decompress_lzss
	index: 1, handler: __TI_decompress_none
	index: 2, handler: __TI_zero_init


GLOBAL SYMBOLS: SORTED ALPHABETICALLY BY Name 

address   name                                  
-------   ----                                  
20007f25  Adafruit_Init                         
2000efef  C$$EXIT                               
2000eead  CPUcpsie                              
20008999  ClearTerm                             
2000809b  Color565                              
20004563  DisplayFlightByIndex                  
200046c9  DisplayFlightOnMAX                    
2000e8c1  DmaSpiSwIntHandler                    
200044ad  DrawAirplane                          
20004469  DrawCloud                             
200089a3  Error                                 
20004625  FetchAndDisplayFlightData             
2000e521  GPIODirModeSet                        
2000eec1  GPIOIntClear                          
2000ec4d  GPIOIntEnable                         
20005399  GPIOIntHandler                        
2000ea99  GPIOIntRegister                       
2000e951  GPIOIntStatus                         
2000cf7d  GPIOIntTypeSet                        
2000ed1d  GPIOPinRead                           
2000e9b7  GPIOPinWrite                          
20008601  GPIO_IF_ConfigureNIntEnable           
2000868d  GPIO_IF_Get                           
200085bb  GPIO_IF_GetPortNPin                   
2000837d  GPIO_IF_LedConfigure                  
2000846f  GPIO_IF_LedOff                        
200083bb  GPIO_IF_LedOn                         
20008523  GPIO_IF_LedStatus                     
2000858d  GPIO_IF_LedToggle                     
20008649  GPIO_IF_Set                           
200089db  GetCmd                                
20008959  InitTerm                              
2000c069  IntDisable                            
2000c111  IntEnable                             
2000efc1  IntMasterEnable                       
2000d9c9  IntPendClear                          
2000dad1  IntPrioritySet                        
2000e9d9  IntRegister                           
2000e8e5  IntUnregister                         
2000eed5  IntVTableBaseSet                      
20004b31  MAX7219_Init                          
20004745  MAX7219_Send                          
20004a41  MAX7219_SendChar                      
20008977  Message                               
2000ef91  NwpMaskInterrupt                      
2000e4b1  NwpPowerOff                           
2000e681  NwpPowerOn                            
2000e9f9  NwpPrePowerOffTimout0                 
2000e309  NwpRegisterInterruptHandler           
2000ef9d  NwpUnMaskInterrupt                    
2000f86c  OpcodeTranslateTable                  
20006de7  Outstr                                
20009fc1  PRCMCC3200MCUInit                     
2000ee55  PRCMHIBRegRead                        
2000ee6b  PRCMHIBRegWrite                       
2000e785  PRCMPeripheralClkDisable              
2000e3c1  PRCMPeripheralClkEnable               
2000c865  PRCMPeripheralClockGet                
2000da21  PRCMPeripheralReset                   
2000e559  PRCMPeripheralStatusGet               
2000e6ad  PRCMSysResetCauseGet                  
2000cd65  PinConfigSet                          
2000e189  PinModeSet                            
2000a685  PinMuxConfig                          
2000e5c1  PinTypeGPIO                           
2000ec67  PinTypeSPI                            
2000ec81  PinTypeUART                           
20004f2d  PostFlightData                        
20008b19  Report                                
2000ef81  ResetISR                              
2001f224  RxIrqCnt                              
2000ed35  SPICSDisable                          
2000ed4d  SPICSEnable                           
2000c25d  SPIConfigSetExpClk                    
2000ea19  SPIDataGet                            
2000eab7  SPIDataPut                            
2000ed65  SPIDisable                            
2000ec9b  SPIDmaDisable                         
2000ecb5  SPIDmaEnable                          
2000ed7d  SPIEnable                             
2000eccf  SPIFIFODisable                        
2000ece9  SPIFIFOEnable                         
2000e58d  SPIFIFOLevelSet                       
2000ded5  SPIIntClear                           
2000dcc5  SPIIntEnable                          
2000ed03  SPIIntUnregister                      
2000e973  SPIReset                              
2000e995  SPIWordCountSet                       
20005689  SimpleLinkGeneralEventHandler         
20005665  SimpleLinkHttpServerCallback          
200055c3  SimpleLinkNetAppEventHandler          
200056a9  SimpleLinkSockEventHandler            
200054b5  SimpleLinkWlanEventHandler            
2000ef35  SysTickEnable                         
20005139  SysTickInit                           
2000eb6d  SysTickIntRegister                    
2000ed95  SysTickPeriodSet                      
20005129  SysTickReset                          
2000efa9  SysTickValueGet                       
2000514f  TickDifference                        
2000dff1  TimerConfigure                        
2000ead5  TimerDisable                          
2000eaf3  TimerEnable                           
2000ea39  TimerGetCurrentTimestamp              
2000ef11  TimerIntClear                         
2000edad  TimerIntDisable                       
2000edc5  TimerIntEnable                        
2000d361  TimerIntRegister                      
2000eb11  TimerIntStatus                        
2000d589  TimerIntUnregister                    
2000e731  TimerLoadSet                          
2000e75b  TimerPrescaleSet                      
20005423  TimerTickHandler                      
2000eb89  TimerValueGet                         
20009c53  Timer_IF_DeInit                       
20009c85  Timer_IF_GetCount                     
20009b8d  Timer_IF_Init                         
20009bbf  Timer_IF_IntSetup                     
20009c0b  Timer_IF_InterruptClear               
20009c6d  Timer_IF_ReLoad                       
20009c23  Timer_IF_Start                        
20009c43  Timer_IF_Stop                         
20008a81  TrimSpace                             
2000eba5  UARTCharGetNonBlocking                
2000eb2f  UARTCharPut                           
2000eddd  UARTCharsAvail                        
2000d275  UARTConfigSetExpClk                   
2000e5f1  UARTDisable                           
2000e909  UARTEnable                            
200044f5  UpdateFlightText                      
2000efe5  UtilsDelay                            
2000f8a8  _SlActionLookupTable                  
2000c1b9  _SlDriverHandleError                  
2000df1d  _SlDrvBasicCmd                        
2000be45  _SlDrvCmdOp                           
2000d4b1  _SlDrvCmdSend                         
20009085  _SlDrvDataReadOp                      
2000a2a9  _SlDrvDataWriteOp                     
2000c439  _SlDrvDeviceEventHandler              
2000ef45  _SlDrvDispatchHttpServerEvents        
2000acb5  _SlDrvDriverCBDeinit                  
200097bd  _SlDrvDriverCBInit                    
2000e7ad  _SlDrvGlobalObjUnLock                 
2000e035  _SlDrvHandleHttpServerEvents          
2000e1c9  _SlDrvHandleNetAppEvents              
2000e209  _SlDrvHandleWlanEvents                
2000cbc1  _SlDrvIsTimeoutExpired                
2000ee81  _SlDrvMemZero                         
2000b6a9  _SlDrvMsgReadSpawnCtx                 
2000af05  _SlDrvNetAppEventHandler              
2000e875  _SlDrvObjLockWaitForever              
2000ea59  _SlDrvObjUnLock                       
2000dd5d  _SlDrvProtectAsyncRespSetting         
2000e705  _SlDrvProtectionObjLockWaitForever    
2000e7d5  _SlDrvProtectionObjUnLock             
20009269  _SlDrvReleasePoolObj                  
2000ef65  _SlDrvResetCmdExt                     
2000db25  _SlDrvRxIrqHandler                    
2000ebc1  _SlDrvStartMeasureTimeout             
2000ea79  _SlDrvSyncObjSignal                   
2000e7fd  _SlDrvSyncObjWaitForever              
2000e079  _SlDrvSyncObjWaitTimeout              
20009ca5  _SlDrvWaitForPoolObj                  
2000fa70  _SlNetAppSendTokenValueCmdCtrl        
2000d2ed  _SlNonOsMainLoopTask                  
2000bfb9  _SlNonOsSemGet                        
2000edf5  _SlNonOsSemSet                        
2000d659  _SlNonOsSpawn                         
20030000  __STACK_END                           
00001000  __STACK_SIZE                          
00008000  __SYSMEM_SIZE                         
2000fb58  __TI_CINIT_Base                       
2000fb68  __TI_CINIT_Limit                      
2000fb44  __TI_Handler_Table_Base               
2000fb50  __TI_Handler_Table_Limit              
2000e0bd  __TI_auto_init_nobinit_nopinit        
2000d5f1  __TI_decompress_lzss                  
2000ef73  __TI_decompress_none                  
2000db79  __TI_ltoa                             
ffffffff  __TI_pprof_out_hndl                   
20006ebd  __TI_printfi                          
ffffffff  __TI_prof_data_size                   
ffffffff  __TI_prof_data_start                  
2000fab0  __TI_static_base__                    
2000ebdd  __TI_zero_init_nomemset               
2000cded  __aeabi_cdcmpeq                       
2000cded  __aeabi_cdcmple                       
2000ce73  __aeabi_cdrcmple                      
2000df65  __aeabi_d2iz                          
2000960f  __aeabi_dadd                          
2000aa49  __aeabi_ddiv                          
2000b109  __aeabi_dmul                          
20009605  __aeabi_dsub                          
2000efd5  __aeabi_errno_addr                    
2000e651  __aeabi_i2d                           
200097bb  __aeabi_idiv0                         
200097bb  __aeabi_ldiv0                         
2000d181  __aeabi_memclr                        
2000d181  __aeabi_memclr4                       
2000d181  __aeabi_memclr8                       
2000c39d  __aeabi_memcpy                        
2000c39d  __aeabi_memcpy4                       
2000c39d  __aeabi_memcpy8                       
2000d183  __aeabi_memset                        
2000d183  __aeabi_memset4                       
2000d183  __aeabi_memset8                       
2000c7cd  __aeabi_uldivmod                      
ffffffff  __binit__                             
ffffffff  __c_args__                            
UNDEFED   __mpu_init                            
2002f000  __stack                               
20017000  __start___llvm_prf_cnts               
20017000  __stop___llvm_prf_cnts                
2000e92d  _c_int00_noargs                       
2000f4ef  _ctypes_                              
2001f3b0  _lock                                 
2000833f  _nop                                  
2000d6bd  _sl_HandleAsync_Accept                
2000d001  _sl_HandleAsync_Connect               
2000c8f9  _sl_HandleAsync_DnsGetHostByName      
2000bbe9  _sl_HandleAsync_DnsGetHostByService   
2000cc4d  _sl_HandleAsync_InitComplete          
2000c989  _sl_HandleAsync_PingResponse          
2000dbcd  _sl_HandleAsync_Select                
2000dc75  _sl_HandleAsync_Stop                  
2000d51d  _sl_NetAppSendTokenValue              
20017000  _sys_memory                           
UNDEFED   _system_post_cinit                    
2000efeb  _system_pre_init                      
2001f3b4  _unlock                               
2000efef  abort                                 
2000b009  aligned_alloc                         
2000ddf5  atoi                                  
ffffffff  binit                                 
2001f2bc  bit_count                             
2001f2e0  cloud1_old_x                          
2001f2dc  cloud1_x                              
2001f2e4  cloud1_y                              
2001f2ec  cloud2_old_x                          
2001f2e8  cloud2_x                              
2001f2f0  cloud2_y                              
20006075  connectToAccessPoint                  
UNDEFED   connectToServer                       
2000efb5  copysign                              
2000efb5  copysignl                             
2001f35c  current_altitude                      
2001f36c  current_callsign                      
2001f330  cursor_x                              
2001f334  cursor_y                              
2001f2b8  data                                  
2001f2b0  delta                                 
20006c9b  drawChar                              
2000643d  drawCircle                            
20006571  drawCircleHelper                      
20008249  drawFastHLine                         
200081ad  drawFastVLine                         
200067b7  drawLine                              
200082e5  drawPixel                             
200068a3  drawRect                              
200068f1  drawRoundRect                         
20006a59  drawTriangle                          
2001f3c0  errno                                 
2000668f  fillCircle                            
200066c9  fillCircleHelper                      
200080f3  fillRect                              
200069df  fillRoundRect                         
200080dd  fillScreen                            
20006a9b  fillTriangle                          
2000b791  free                                  
2000d96d  frexp                                 
2000d96d  frexpl                                
2001f21c  g_Host                                
2001f37c  g_SlDeviceStatus                      
2001f3a4  g_SpiFd                               
2001f2f4  g__SlNonOsCB                          
2001f208  g_app_config                          
2001f225  g_bDeviceRestartIsRequired            
2001f226  g_cDummy                              
2001f380  g_pCB                                 
2001f3a8  g_pHostIntHdl                         
20004000  g_pfnVectors                          
2001f220  g_port                                
2001f1b8  g_time                                
2001f210  g_ucConnectionBSSID                   
2001f1e4  g_ucConnectionSSID                    
2001f3ac  g_ucDMAEnabled                        
2001f168  g_ucDinDout                           
2001f227  g_ucLED1Pin                           
2001f228  g_ucLED2Pin                           
2001f229  g_ucLED3Pin                           
2001f38c  g_uiLED1Port                          
2001f390  g_uiLED2Port                          
2001f394  g_uiLED3Port                          
2001f3a0  g_ulGatewayIP                         
2001f39c  g_ulPingPacketsRecv                   
2001f398  g_ulStatus                            
20008057  goTo                                  
20006e9b  height                                
20008323  invert                                
2000ef55  isdigit                               
2001f2c8  last_displayed_index                  
2000bb19  ldexp                                 
2000bb19  ldexpl                                
20004b5d  main                                  
2000efdd  malloc                                
2000b009  memalign                              
2000ec15  memccpy                               
2000c39d  memcpy                                
2000e84d  memmove                               
2000d189  memset                                
2001f2b4  message_buffer                        
2001f2c0  message_ready                         
2001f22c  mock_flights                          
2001f2cc  new_flight_data                       
2001f384  pPingCallBackFunc                     
2001f2d4  plane_old_x                           
2001f2d0  plane_x                               
2001f2d8  plane_y                               
2000b875  realloc                               
20005185  record_bit                            
2000bb19  scalbn                                
2000bb19  scalbnl                               
20006e33  setCursor                             
20006e6b  setTextColor                          
20006e4b  setTextSize                           
20006e83  setTextWrap                           
2000e3fd  simplelink_timerA2_start              
2000d84d  sl_Close                              
20009e35  sl_Connect                            
2000bcb5  sl_DevGet                             
2000c4d5  sl_DevSet                             
2000e145  sl_Htonl                              
2000e439  sl_Htons                              
2000a7c9  sl_NetAppDnsGetHostByName             
2000b959  sl_NetAppMDNSRegisterUnregisterService
2000d721  sl_NetAppMDNSUnRegisterService        
2000c56d  sl_NetCfgSet                          
2000e89b  sl_Provisioning_HttpServerEventHdl    
2000e8a9  sl_Provisioning_NetAppEventHdl        
2000e8b5  sl_Provisioning_WlanEventHdl          
2000c2fd  sl_Recv                               
2000ab81  sl_Send                               
2000c605  sl_SetSockOpt                         
2000ccd9  sl_Socket                             
2000b4d5  sl_Start                              
2000b205  sl_Stop                               
200086d9  sl_WlanConnect                        
2000e4e9  sl_WlanDisconnect                     
2000ca19  sl_WlanPolicySet                      
2000d8ad  sl_WlanProfileDel                     
2000cef9  sl_WlanRxFilterSet                    
2000c69d  sl_WlanSet                            
2000d90d  sl_WlanSetMode                        
2000d1fd  spi_Close                             
2000a3f9  spi_Open                              
2000b2f5  spi_Read                              
2000c735  spi_Write                             
2000e289  sprintf                               
2000ee97  strchr                                
2000eee9  strcpy                                
2000eefd  strlen                                
2001f340  textbgcolor                           
2001f33c  textcolor                             
2001f338  textsize                              
2001f2c4  tickCount                             
2001f2ac  ticks                                 
20005e7d  tls_connect                           
2000de41  uDMAChannelAssign                     
2000d785  uDMAChannelAttributeDisable           
2000d7e9  uDMAChannelAttributeEnable            
2000e475  uDMAChannelControlSet                 
2000ec31  uDMAChannelEnable                     
2000b3e5  uDMAChannelTransferSet                
2000e2c9  vsnprintf                             
2000ef23  wcslen                                
20006e97  width                                 
2001f344  wrap                                  
20007e9d  writeCommand                          
20007ee1  writeData                             


GLOBAL SYMBOLS: SORTED BY Symbol Address 

address   name                                  
-------   ----                                  
00001000  __STACK_SIZE                          
00008000  __SYSMEM_SIZE                         
20004000  g_pfnVectors                          
20004469  DrawCloud                             
200044ad  DrawAirplane                          
200044f5  UpdateFlightText                      
20004563  DisplayFlightByIndex                  
20004625  FetchAndDisplayFlightData             
200046c9  DisplayFlightOnMAX                    
20004745  MAX7219_Send                          
20004a41  MAX7219_SendChar                      
20004b31  MAX7219_Init                          
20004b5d  main                                  
20004f2d  PostFlightData                        
20005129  SysTickReset                          
20005139  SysTickInit                           
2000514f  TickDifference                        
20005185  record_bit                            
20005399  GPIOIntHandler                        
20005423  TimerTickHandler                      
200054b5  SimpleLinkWlanEventHandler            
200055c3  SimpleLinkNetAppEventHandler          
20005665  SimpleLinkHttpServerCallback          
20005689  SimpleLinkGeneralEventHandler         
200056a9  SimpleLinkSockEventHandler            
20005e7d  tls_connect                           
20006075  connectToAccessPoint                  
2000643d  drawCircle                            
20006571  drawCircleHelper                      
2000668f  fillCircle                            
200066c9  fillCircleHelper                      
200067b7  drawLine                              
200068a3  drawRect                              
200068f1  drawRoundRect                         
200069df  fillRoundRect                         
20006a59  drawTriangle                          
20006a9b  fillTriangle                          
20006c9b  drawChar                              
20006de7  Outstr                                
20006e33  setCursor                             
20006e4b  setTextSize                           
20006e6b  setTextColor                          
20006e83  setTextWrap                           
20006e97  width                                 
20006e9b  height                                
20006ebd  __TI_printfi                          
20007e9d  writeCommand                          
20007ee1  writeData                             
20007f25  Adafruit_Init                         
20008057  goTo                                  
2000809b  Color565                              
200080dd  fillScreen                            
200080f3  fillRect                              
200081ad  drawFastVLine                         
20008249  drawFastHLine                         
200082e5  drawPixel                             
20008323  invert                                
2000833f  _nop                                  
2000837d  GPIO_IF_LedConfigure                  
200083bb  GPIO_IF_LedOn                         
2000846f  GPIO_IF_LedOff                        
20008523  GPIO_IF_LedStatus                     
2000858d  GPIO_IF_LedToggle                     
200085bb  GPIO_IF_GetPortNPin                   
20008601  GPIO_IF_ConfigureNIntEnable           
20008649  GPIO_IF_Set                           
2000868d  GPIO_IF_Get                           
200086d9  sl_WlanConnect                        
20008959  InitTerm                              
20008977  Message                               
20008999  ClearTerm                             
200089a3  Error                                 
200089db  GetCmd                                
20008a81  TrimSpace                             
20008b19  Report                                
20009085  _SlDrvDataReadOp                      
20009269  _SlDrvReleasePoolObj                  
20009605  __aeabi_dsub                          
2000960f  __aeabi_dadd                          
200097bb  __aeabi_idiv0                         
200097bb  __aeabi_ldiv0                         
200097bd  _SlDrvDriverCBInit                    
20009b8d  Timer_IF_Init                         
20009bbf  Timer_IF_IntSetup                     
20009c0b  Timer_IF_InterruptClear               
20009c23  Timer_IF_Start                        
20009c43  Timer_IF_Stop                         
20009c53  Timer_IF_DeInit                       
20009c6d  Timer_IF_ReLoad                       
20009c85  Timer_IF_GetCount                     
20009ca5  _SlDrvWaitForPoolObj                  
20009e35  sl_Connect                            
20009fc1  PRCMCC3200MCUInit                     
2000a2a9  _SlDrvDataWriteOp                     
2000a3f9  spi_Open                              
2000a685  PinMuxConfig                          
2000a7c9  sl_NetAppDnsGetHostByName             
2000aa49  __aeabi_ddiv                          
2000ab81  sl_Send                               
2000acb5  _SlDrvDriverCBDeinit                  
2000af05  _SlDrvNetAppEventHandler              
2000b009  aligned_alloc                         
2000b009  memalign                              
2000b109  __aeabi_dmul                          
2000b205  sl_Stop                               
2000b2f5  spi_Read                              
2000b3e5  uDMAChannelTransferSet                
2000b4d5  sl_Start                              
2000b6a9  _SlDrvMsgReadSpawnCtx                 
2000b791  free                                  
2000b875  realloc                               
2000b959  sl_NetAppMDNSRegisterUnregisterService
2000bb19  ldexp                                 
2000bb19  ldexpl                                
2000bb19  scalbn                                
2000bb19  scalbnl                               
2000bbe9  _sl_HandleAsync_DnsGetHostByService   
2000bcb5  sl_DevGet                             
2000be45  _SlDrvCmdOp                           
2000bfb9  _SlNonOsSemGet                        
2000c069  IntDisable                            
2000c111  IntEnable                             
2000c1b9  _SlDriverHandleError                  
2000c25d  SPIConfigSetExpClk                    
2000c2fd  sl_Recv                               
2000c39d  __aeabi_memcpy                        
2000c39d  __aeabi_memcpy4                       
2000c39d  __aeabi_memcpy8                       
2000c39d  memcpy                                
2000c439  _SlDrvDeviceEventHandler              
2000c4d5  sl_DevSet                             
2000c56d  sl_NetCfgSet                          
2000c605  sl_SetSockOpt                         
2000c69d  sl_WlanSet                            
2000c735  spi_Write                             
2000c7cd  __aeabi_uldivmod                      
2000c865  PRCMPeripheralClockGet                
2000c8f9  _sl_HandleAsync_DnsGetHostByName      
2000c989  _sl_HandleAsync_PingResponse          
2000ca19  sl_WlanPolicySet                      
2000cbc1  _SlDrvIsTimeoutExpired                
2000cc4d  _sl_HandleAsync_InitComplete          
2000ccd9  sl_Socket                             
2000cd65  PinConfigSet                          
2000cded  __aeabi_cdcmpeq                       
2000cded  __aeabi_cdcmple                       
2000ce73  __aeabi_cdrcmple                      
2000cef9  sl_WlanRxFilterSet                    
2000cf7d  GPIOIntTypeSet                        
2000d001  _sl_HandleAsync_Connect               
2000d181  __aeabi_memclr                        
2000d181  __aeabi_memclr4                       
2000d181  __aeabi_memclr8                       
2000d183  __aeabi_memset                        
2000d183  __aeabi_memset4                       
2000d183  __aeabi_memset8                       
2000d189  memset                                
2000d1fd  spi_Close                             
2000d275  UARTConfigSetExpClk                   
2000d2ed  _SlNonOsMainLoopTask                  
2000d361  TimerIntRegister                      
2000d4b1  _SlDrvCmdSend                         
2000d51d  _sl_NetAppSendTokenValue              
2000d589  TimerIntUnregister                    
2000d5f1  __TI_decompress_lzss                  
2000d659  _SlNonOsSpawn                         
2000d6bd  _sl_HandleAsync_Accept                
2000d721  sl_NetAppMDNSUnRegisterService        
2000d785  uDMAChannelAttributeDisable           
2000d7e9  uDMAChannelAttributeEnable            
2000d84d  sl_Close                              
2000d8ad  sl_WlanProfileDel                     
2000d90d  sl_WlanSetMode                        
2000d96d  frexp                                 
2000d96d  frexpl                                
2000d9c9  IntPendClear                          
2000da21  PRCMPeripheralReset                   
2000dad1  IntPrioritySet                        
2000db25  _SlDrvRxIrqHandler                    
2000db79  __TI_ltoa                             
2000dbcd  _sl_HandleAsync_Select                
2000dc75  _sl_HandleAsync_Stop                  
2000dcc5  SPIIntEnable                          
2000dd5d  _SlDrvProtectAsyncRespSetting         
2000ddf5  atoi                                  
2000de41  uDMAChannelAssign                     
2000ded5  SPIIntClear                           
2000df1d  _SlDrvBasicCmd                        
2000df65  __aeabi_d2iz                          
2000dff1  TimerConfigure                        
2000e035  _SlDrvHandleHttpServerEvents          
2000e079  _SlDrvSyncObjWaitTimeout              
2000e0bd  __TI_auto_init_nobinit_nopinit        
2000e145  sl_Htonl                              
2000e189  PinModeSet                            
2000e1c9  _SlDrvHandleNetAppEvents              
2000e209  _SlDrvHandleWlanEvents                
2000e289  sprintf                               
2000e2c9  vsnprintf                             
2000e309  NwpRegisterInterruptHandler           
2000e3c1  PRCMPeripheralClkEnable               
2000e3fd  simplelink_timerA2_start              
2000e439  sl_Htons                              
2000e475  uDMAChannelControlSet                 
2000e4b1  NwpPowerOff                           
2000e4e9  sl_WlanDisconnect                     
2000e521  GPIODirModeSet                        
2000e559  PRCMPeripheralStatusGet               
2000e58d  SPIFIFOLevelSet                       
2000e5c1  PinTypeGPIO                           
2000e5f1  UARTDisable                           
2000e651  __aeabi_i2d                           
2000e681  NwpPowerOn                            
2000e6ad  PRCMSysResetCauseGet                  
2000e705  _SlDrvProtectionObjLockWaitForever    
2000e731  TimerLoadSet                          
2000e75b  TimerPrescaleSet                      
2000e785  PRCMPeripheralClkDisable              
2000e7ad  _SlDrvGlobalObjUnLock                 
2000e7d5  _SlDrvProtectionObjUnLock             
2000e7fd  _SlDrvSyncObjWaitForever              
2000e84d  memmove                               
2000e875  _SlDrvObjLockWaitForever              
2000e89b  sl_Provisioning_HttpServerEventHdl    
2000e8a9  sl_Provisioning_NetAppEventHdl        
2000e8b5  sl_Provisioning_WlanEventHdl          
2000e8c1  DmaSpiSwIntHandler                    
2000e8e5  IntUnregister                         
2000e909  UARTEnable                            
2000e92d  _c_int00_noargs                       
2000e951  GPIOIntStatus                         
2000e973  SPIReset                              
2000e995  SPIWordCountSet                       
2000e9b7  GPIOPinWrite                          
2000e9d9  IntRegister                           
2000e9f9  NwpPrePowerOffTimout0                 
2000ea19  SPIDataGet                            
2000ea39  TimerGetCurrentTimestamp              
2000ea59  _SlDrvObjUnLock                       
2000ea79  _SlDrvSyncObjSignal                   
2000ea99  GPIOIntRegister                       
2000eab7  SPIDataPut                            
2000ead5  TimerDisable                          
2000eaf3  TimerEnable                           
2000eb11  TimerIntStatus                        
2000eb2f  UARTCharPut                           
2000eb6d  SysTickIntRegister                    
2000eb89  TimerValueGet                         
2000eba5  UARTCharGetNonBlocking                
2000ebc1  _SlDrvStartMeasureTimeout             
2000ebdd  __TI_zero_init_nomemset               
2000ec15  memccpy                               
2000ec31  uDMAChannelEnable                     
2000ec4d  GPIOIntEnable                         
2000ec67  PinTypeSPI                            
2000ec81  PinTypeUART                           
2000ec9b  SPIDmaDisable                         
2000ecb5  SPIDmaEnable                          
2000eccf  SPIFIFODisable                        
2000ece9  SPIFIFOEnable                         
2000ed03  SPIIntUnregister                      
2000ed1d  GPIOPinRead                           
2000ed35  SPICSDisable                          
2000ed4d  SPICSEnable                           
2000ed65  SPIDisable                            
2000ed7d  SPIEnable                             
2000ed95  SysTickPeriodSet                      
2000edad  TimerIntDisable                       
2000edc5  TimerIntEnable                        
2000eddd  UARTCharsAvail                        
2000edf5  _SlNonOsSemSet                        
2000ee55  PRCMHIBRegRead                        
2000ee6b  PRCMHIBRegWrite                       
2000ee81  _SlDrvMemZero                         
2000ee97  strchr                                
2000eead  CPUcpsie                              
2000eec1  GPIOIntClear                          
2000eed5  IntVTableBaseSet                      
2000eee9  strcpy                                
2000eefd  strlen                                
2000ef11  TimerIntClear                         
2000ef23  wcslen                                
2000ef35  SysTickEnable                         
2000ef45  _SlDrvDispatchHttpServerEvents        
2000ef55  isdigit                               
2000ef65  _SlDrvResetCmdExt                     
2000ef73  __TI_decompress_none                  
2000ef81  ResetISR                              
2000ef91  NwpMaskInterrupt                      
2000ef9d  NwpUnMaskInterrupt                    
2000efa9  SysTickValueGet                       
2000efb5  copysign                              
2000efb5  copysignl                             
2000efc1  IntMasterEnable                       
2000efd5  __aeabi_errno_addr                    
2000efdd  malloc                                
2000efe5  UtilsDelay                            
2000efeb  _system_pre_init                      
2000efef  C$$EXIT                               
2000efef  abort                                 
2000f4ef  _ctypes_                              
2000f86c  OpcodeTranslateTable                  
2000f8a8  _SlActionLookupTable                  
2000fa70  _SlNetAppSendTokenValueCmdCtrl        
2000fab0  __TI_static_base__                    
2000fb44  __TI_Handler_Table_Base               
2000fb50  __TI_Handler_Table_Limit              
2000fb58  __TI_CINIT_Base                       
2000fb68  __TI_CINIT_Limit                      
20017000  __start___llvm_prf_cnts               
20017000  __stop___llvm_prf_cnts                
20017000  _sys_memory                           
2001f168  g_ucDinDout                           
2001f1b8  g_time                                
2001f1e4  g_ucConnectionSSID                    
2001f208  g_app_config                          
2001f210  g_ucConnectionBSSID                   
2001f21c  g_Host                                
2001f220  g_port                                
2001f224  RxIrqCnt                              
2001f225  g_bDeviceRestartIsRequired            
2001f226  g_cDummy                              
2001f227  g_ucLED1Pin                           
2001f228  g_ucLED2Pin                           
2001f229  g_ucLED3Pin                           
2001f22c  mock_flights                          
2001f2ac  ticks                                 
2001f2b0  delta                                 
2001f2b4  message_buffer                        
2001f2b8  data                                  
2001f2bc  bit_count                             
2001f2c0  message_ready                         
2001f2c4  tickCount                             
2001f2c8  last_displayed_index                  
2001f2cc  new_flight_data                       
2001f2d0  plane_x                               
2001f2d4  plane_old_x                           
2001f2d8  plane_y                               
2001f2dc  cloud1_x                              
2001f2e0  cloud1_old_x                          
2001f2e4  cloud1_y                              
2001f2e8  cloud2_x                              
2001f2ec  cloud2_old_x                          
2001f2f0  cloud2_y                              
2001f2f4  g__SlNonOsCB                          
2001f330  cursor_x                              
2001f334  cursor_y                              
2001f338  textsize                              
2001f33c  textcolor                             
2001f340  textbgcolor                           
2001f344  wrap                                  
2001f35c  current_altitude                      
2001f36c  current_callsign                      
2001f37c  g_SlDeviceStatus                      
2001f380  g_pCB                                 
2001f384  pPingCallBackFunc                     
2001f38c  g_uiLED1Port                          
2001f390  g_uiLED2Port                          
2001f394  g_uiLED3Port                          
2001f398  g_ulStatus                            
2001f39c  g_ulPingPacketsRecv                   
2001f3a0  g_ulGatewayIP                         
2001f3a4  g_SpiFd                               
2001f3a8  g_pHostIntHdl                         
2001f3ac  g_ucDMAEnabled                        
2001f3b0  _lock                                 
2001f3b4  _unlock                               
2001f3c0  errno                                 
2002f000  __stack                               
20030000  __STACK_END                           
ffffffff  __TI_pprof_out_hndl                   
ffffffff  __TI_prof_data_size                   
ffffffff  __TI_prof_data_start                  
ffffffff  __binit__                             
ffffffff  __c_args__                            
ffffffff  binit                                 
UNDEFED   __mpu_init                            
UNDEFED   _system_post_cinit                    
UNDEFED   connectToServer                       

[379 symbols]
