******************************************************************************
                  TI ARM Linker PC v20.2.7                     
******************************************************************************
>> Linked Sun Mar  8 20:05:10 2026

OUTPUT FILE NAME:   <EEC 172 Final Project.out>
ENTRY POINT SYMBOL: "_c_int00_noargs"  address: 2000e3a1


MEMORY CONFIGURATION

         name            origin    length      used     unused   attr    fill
----------------------  --------  ---------  --------  --------  ----  --------
  SRAM_CODE             20004000   00013000  0000b5d2  00007a2e  RW X
  SRAM_DATA             20017000   00019000  000093c6  0000fc3a  RW X


SEGMENT ALLOCATION MAP

run origin  load origin   length   init length attrs members
----------  ----------- ---------- ----------- ----- -------
20004000    20004000    0000b5d8   0000b5d8    r-x
  20004000    20004000    00000400   00000400    r-- .intvecs
  20004400    20004400    0000a656   0000a656    r-x .text
  2000ea58    2000ea58    00000abc   00000abc    r-- .const
  2000f518    2000f518    000000c0   000000c0    r-- .cinit
20017000    20017000    000083c8   00000000    rw-
  20017000    20017000    00008000   00000000    rw- .sysmem
  2001f000    2001f000    0000022a   00000000    rw- .bss
  2001f22c    2001f22c    0000019c   00000000    rw- .data
2002f000    2002f000    00001000   00000000    rw-
  2002f000    2002f000    00001000   00000000    rw- .stack


SECTION ALLOCATION MAP

 output                                  attributes/
section   page    origin      length       input sections
--------  ----  ----------  ----------   ----------------
.intvecs   0    20004000    00000400     
                  20004000    00000400     startup_ccs.obj (.intvecs)

.init_array 
*          0    20004000    00000000     UNINITIALIZED

.text      0    20004400    0000a656     
                  20004400    00000ee4     network_utils.obj (.text)
                  200052e4    00000be0     main.obj (.text)
                  20005ec4    00000a80     Adafruit_GFX.obj (.text)
                  20006944    00000a4e     rtsv7M4_T_le_eabi.lib : _printfi.c.obj (.text:__TI_printfi)
                  20007392    00000002     driverlib.a : interrupt.obj (.text:IntDefaultHandler)
                  20007394    00000590     simplelink.a : driver.obj (.text:_SlDrvMsgRead)
                  20007924    000004a2     Adafruit_OLED.obj (.text)
                  20007dc6    00000002     rtsv7M4_T_le_eabi.lib : _lock.c.obj (.text:_nop)
                  20007dc8    00000398     gpio_if.obj (.text)
                  20008160    00000280     simplelink.a : wlan.obj (.text:sl_WlanConnect)
                  200083e0    0000027c     uart_if.obj (.text)
                  2000865c    00000268     rtsv7M4_T_le_eabi.lib : _printfi.c.obj (.text:_pconv_a)
                  200088c4    00000248     simplelink.a : driver.obj (.text:_SlDrvRxHdrRead)
                  20008b0c    000001e4                  : driver.obj (.text:_SlDrvDataReadOp)
                  20008cf0    000001d0                  : driver.obj (.text:_SlDrvReleasePoolObj)
                  20008ec0    000001cc     rtsv7M4_T_le_eabi.lib : _printfi.c.obj (.text:_pconv_g)
                  2000908c    000001b6                           : fd_add_t2.asm.obj (.text)
                  20009242    00000002                           : div0.asm.obj (.text)
                  20009244    000001b4     simplelink.a : driver.obj (.text:_SlDrvDriverCBInit)
                  200093f8    0000019c                  : driver.obj (.text:_SlDrvMsgWrite)
                  20009594    00000198     timer_if.obj (.text)
                  2000972c    00000190     simplelink.a : driver.obj (.text:_SlDrvWaitForPoolObj)
                  200098bc    0000018c                  : socket.obj (.text:sl_Connect)
                  20009a48    00000178     driverlib.a : prcm.obj (.text:PRCMCC3200MCUInit)
                  20009bc0    00000170     simplelink.a : driver.obj (.text:_SlFindAndSetActiveObj)
                  20009d30    00000150                  : driver.obj (.text:_SlDrvDataWriteOp)
                  20009e80    00000148                  : cc_pal.obj (.text:spi_Open)
                  20009fc8    00000144                  : driver.obj (.text:_SlDrvMsgReadCmdCtx)
                  2000a10c    00000144                  : netapp.obj (.text:sl_NetAppDnsGetHostByName)
                  2000a250    0000013c     rtsv7M4_T_le_eabi.lib : _printfi.c.obj (.text:_pconv_e)
                  2000a38c    00000136                           : fd_div_t2.asm.obj (.text)
                  2000a4c2    00000002     --HOLE-- [fill = 0]
                  2000a4c4    00000134     simplelink.a : socket.obj (.text:sl_Send)
                  2000a5f8    00000130                  : driver.obj (.text:_SlDrvDriverCBDeinit)
                  2000a728    00000130     pinmux.obj (.text)
                  2000a858    00000120     rtsv7M4_T_le_eabi.lib : _printfi.c.obj (.text:fcvt)
                  2000a978    00000104     simplelink.a : netapp.obj (.text:_SlDrvNetAppEventHandler)
                  2000aa7c    00000100     rtsv7M4_T_le_eabi.lib : memory.c.obj (.text:aligned_alloc)
                  2000ab7c    000000fc                           : fd_mul_t2.asm.obj (.text)
                  2000ac78    000000f0     simplelink.a : device.obj (.text:sl_Stop)
                  2000ad68    000000f0                  : cc_pal.obj (.text:spi_Read)
                  2000ae58    000000f0     driverlib.a : udma.obj (.text:uDMAChannelTransferSet)
                  2000af48    000000ec     simplelink.a : device.obj (.text:sl_Start)
                  2000b034    000000e8                  : driver.obj (.text:_SlAsyncEventGenericHandler)
                  2000b11c    000000e8                  : driver.obj (.text:_SlDrvMsgReadSpawnCtx)
                  2000b204    000000e4     rtsv7M4_T_le_eabi.lib : memory.c.obj (.text:free)
                  2000b2e8    000000e4                           : memory.c.obj (.text:realloc)
                  2000b3cc    000000e4     simplelink.a : netapp.obj (.text:sl_NetAppMDNSRegisterUnregisterService)
                  2000b4b0    000000dc                  : driver.obj (.text:_SlDrvClassifyRxMsg)
                  2000b58c    000000d0     rtsv7M4_T_le_eabi.lib : s_scalbn.c.obj (.text:scalbn)
                  2000b65c    000000cc     simplelink.a : netapp.obj (.text:_sl_HandleAsync_DnsGetHostByService)
                  2000b728    000000cc                  : device.obj (.text:sl_DevGet)
                  2000b7f4    000000c4                  : driver.obj (.text:_SlRemoveFromList)
                  2000b8b8    000000c0                  : driver.obj (.text:_SlDrvCmdOp)
                  2000b978    000000b1     rtsv7M4_T_le_eabi.lib : _printfi.c.obj (.text:_ltostr)
                  2000ba29    00000003     --HOLE-- [fill = 0]
                  2000ba2c    000000b0     simplelink.a : nonos.obj (.text:_SlNonOsSemGet)
                  2000badc    000000a8     driverlib.a : interrupt.obj (.text:IntDisable)
                  2000bb84    000000a8                 : interrupt.obj (.text:IntEnable)
                  2000bc2c    000000a4     simplelink.a : driver.obj (.text:_SlDriverHandleError)
                  2000bcd0    000000a0     driverlib.a : spi.obj (.text:SPIConfigSetExpClk)
                  2000bd70    000000a0     simplelink.a : socket.obj (.text:sl_Recv)
                  2000be10    0000009c     rtsv7M4_T_le_eabi.lib : memcpy_t2.asm.obj (.text)
                  2000beac    0000009a     simplelink.a : device.obj (.text:_SlDrvDeviceEventHandler)
                  2000bf46    00000002     --HOLE-- [fill = 0]
                  2000bf48    00000098                  : device.obj (.text:sl_DevSet)
                  2000bfe0    00000098                  : netcfg.obj (.text:sl_NetCfgSet)
                  2000c078    00000098                  : socket.obj (.text:sl_SetSockOpt)
                  2000c110    00000098                  : wlan.obj (.text:sl_WlanSet)
                  2000c1a8    00000098                  : cc_pal.obj (.text:spi_Write)
                  2000c240    00000096     rtsv7M4_T_le_eabi.lib : ull_div_t2.asm.obj (.text)
                  2000c2d6    00000002     --HOLE-- [fill = 0]
                  2000c2d8    00000094     driverlib.a : prcm.obj (.text:PRCMPeripheralClockGet)
                  2000c36c    00000090     simplelink.a : netapp.obj (.text:_sl_HandleAsync_DnsGetHostByName)
                  2000c3fc    00000090                  : netapp.obj (.text:_sl_HandleAsync_PingResponse)
                  2000c48c    00000090                  : wlan.obj (.text:sl_WlanPolicySet)
                  2000c51c    0000008c                  : cc_pal.obj (.text:SetupDMAReceive)
                  2000c5a8    0000008c                  : cc_pal.obj (.text:SetupDMASend)
                  2000c634    0000008c                  : driver.obj (.text:_SlDrvIsTimeoutExpired)
                  2000c6c0    0000008c                  : device.obj (.text:_sl_HandleAsync_InitComplete)
                  2000c74c    0000008c                  : socket.obj (.text:sl_Socket)
                  2000c7d8    00000088     driverlib.a : pin.obj (.text:PinConfigSet)
                  2000c860    00000086     rtsv7M4_T_le_eabi.lib : fd_cmp_t2.asm.obj (.text:__aeabi_cdcmple)
                  2000c8e6    00000086                           : fd_cmp_t2.asm.obj (.text:__aeabi_cdrcmple)
                  2000c96c    00000084     simplelink.a : wlan.obj (.text:sl_WlanRxFilterSet)
                  2000c9f0    00000082     driverlib.a : gpio.obj (.text:GPIOIntTypeSet)
                  2000ca72    00000002     --HOLE-- [fill = 0]
                  2000ca74    00000080     simplelink.a : socket.obj (.text:_sl_HandleAsync_Connect)
                  2000caf4    00000080                  : cc_pal.obj (.text:spi_Read_CPU)
                  2000cb74    00000080                  : cc_pal.obj (.text:spi_Write_CPU)
                  2000cbf4    0000007a     rtsv7M4_T_le_eabi.lib : memset_t2.asm.obj (.text)
                  2000cc6e    00000002     --HOLE-- [fill = 0]
                  2000cc70    00000078     simplelink.a : cc_pal.obj (.text:spi_Close)
                  2000cce8    00000076     driverlib.a : uart.obj (.text:UARTConfigSetExpClk)
                  2000cd5e    00000002     --HOLE-- [fill = 0]
                  2000cd60    00000074     simplelink.a : nonos.obj (.text:_SlNonOsMainLoopTask)
                  2000cdd4    00000070     driverlib.a : timer.obj (.text:TimerIntRegister)
                  2000ce44    00000070     rtsv7M4_T_le_eabi.lib : memory.c.obj (.text:split)
                  2000ceb4    0000006e                           : _printfi.c.obj (.text:_mcpy)
                  2000cf22    00000002     --HOLE-- [fill = 0]
                  2000cf24    0000006c     simplelink.a : driver.obj (.text:_SlDrvCmdSend)
                  2000cf90    0000006c                  : netapp.obj (.text:_sl_NetAppSendTokenValue)
                  2000cffc    00000068     driverlib.a : timer.obj (.text:TimerIntUnregister)
                  2000d064    00000068     rtsv7M4_T_le_eabi.lib : copy_decompress_lzss.c.obj (.text:decompress:lzss:__TI_decompress_lzss)
                  2000d0cc    00000064     simplelink.a : nonos.obj (.text:_SlNonOsSpawn)
                  2000d130    00000064                  : socket.obj (.text:_sl_HandleAsync_Accept)
                  2000d194    00000064                  : netapp.obj (.text:sl_NetAppMDNSUnRegisterService)
                  2000d1f8    00000064     driverlib.a : udma.obj (.text:uDMAChannelAttributeDisable)
                  2000d25c    00000064                 : udma.obj (.text:uDMAChannelAttributeEnable)
                  2000d2c0    00000060     simplelink.a : socket.obj (.text:sl_Close)
                  2000d320    00000060                  : wlan.obj (.text:sl_WlanProfileDel)
                  2000d380    00000060                  : wlan.obj (.text:sl_WlanSetMode)
                  2000d3e0    0000005c     rtsv7M4_T_le_eabi.lib : s_frexp.c.obj (.text:frexp)
                  2000d43c    00000058     driverlib.a : interrupt.obj (.text:IntPendClear)
                  2000d494    00000058                 : prcm.obj (.text:PRCMPeripheralReset)
                  2000d4ec    00000056     rtsv7M4_T_le_eabi.lib : _printfi.c.obj (.text:_pconv_f)
                  2000d542    00000002     --HOLE-- [fill = 0]
                  2000d544    00000054     driverlib.a : interrupt.obj (.text:IntPrioritySet)
                  2000d598    00000054     simplelink.a : driver.obj (.text:_SlDrvRxIrqHandler)
                  2000d5ec    00000054     rtsv7M4_T_le_eabi.lib : _ltoa.c.obj (.text:__TI_ltoa)
                  2000d640    00000054     simplelink.a : socket.obj (.text:_sl_HandleAsync_Select)
                  2000d694    00000052     rtsv7M4_T_le_eabi.lib : _printfi.c.obj (.text:_ecpy)
                  2000d6e6    00000002     --HOLE-- [fill = 0]
                  2000d6e8    00000050     simplelink.a : device.obj (.text:_sl_HandleAsync_Stop)
                  2000d738    0000004c     driverlib.a : spi.obj (.text:SPIIntEnable)
                  2000d784    0000004c                 : spi.obj (.text:SPIIntNumberGet)
                  2000d7d0    0000004c     simplelink.a : driver.obj (.text:_SlDrvProtectAsyncRespSetting)
                  2000d81c    0000004c                  : socket.obj (.text:_sl_BuildAddress)
                  2000d868    0000004c     rtsv7M4_T_le_eabi.lib : atoi.c.obj (.text:atoi)
                  2000d8b4    0000004c     driverlib.a : udma.obj (.text:uDMAChannelAssign)
                  2000d900    00000048                 : gpio.obj (.text:GPIOGetIntNumber)
                  2000d948    00000048                 : spi.obj (.text:SPIIntClear)
                  2000d990    00000048     simplelink.a : driver.obj (.text:_SlDrvBasicCmd)
                  2000d9d8    00000048     rtsv7M4_T_le_eabi.lib : fd_toi_t2.asm.obj (.text)
                  2000da20    00000044     driverlib.a : spi.obj (.text:SPIDmaMaskGet)
                  2000da64    00000044                 : timer.obj (.text:TimerConfigure)
                  2000daa8    00000044     simplelink.a : driver.obj (.text:_SlDrvHandleHttpServerEvents)
                  2000daec    00000044                  : driver.obj (.text:_SlDrvSyncObjWaitTimeout)
                  2000db30    00000044     rtsv7M4_T_le_eabi.lib : autoinit.c.obj (.text:__TI_auto_init_nobinit_nopinit:__TI_auto_init_nobinit_nopinit)
                  2000db74    00000044     simplelink.a : cc_pal.obj (.text:cc_SetupTransfer)
                  2000dbb8    00000042                  : socket.obj (.text:sl_Htonl)
                  2000dbfa    00000002     --HOLE-- [fill = 0]
                  2000dbfc    00000040     driverlib.a : pin.obj (.text:PinModeSet)
                  2000dc3c    00000040     simplelink.a : driver.obj (.text:_SlDrvHandleNetAppEvents)
                  2000dc7c    00000040                  : driver.obj (.text:_SlDrvHandleWlanEvents)
                  2000dcbc    00000040                  : socket.obj (.text:_sl_TruncatePayloadByProtocol)
                  2000dcfc    00000040     rtsv7M4_T_le_eabi.lib : sprintf.c.obj (.text:sprintf)
                  2000dd3c    00000040                           : vsnprintf.c.obj (.text:vsnprintf)
                  2000dd7c    0000003e     simplelink.a : cc_pal.obj (.text:NwpRegisterInterruptHandler)
                  2000ddba    0000003e     rtsv7M4_T_le_eabi.lib : _printfi.c.obj (.text:_fcpy)
                  2000ddf8    0000003c     simplelink.a : netapp.obj (.text:CopyPingResultsToReport)
                  2000de34    0000003c     driverlib.a : prcm.obj (.text:PRCMPeripheralClkEnable)
                  2000de70    0000003c     simplelink.a : cc_pal.obj (.text:simplelink_timerA2_start)
                  2000deac    0000003c                  : socket.obj (.text:sl_Htons)
                  2000dee8    0000003c     driverlib.a : udma.obj (.text:uDMAChannelControlSet)
                  2000df24    00000038     simplelink.a : cc_pal.obj (.text:NwpPowerOff)
                  2000df5c    00000038                  : wlan.obj (.text:sl_WlanDisconnect)
                  2000df94    00000036     driverlib.a : gpio.obj (.text:GPIODirModeSet)
                  2000dfca    00000002     --HOLE-- [fill = 0]
                  2000dfcc    00000034                 : prcm.obj (.text:PRCMPeripheralStatusGet)
                  2000e000    00000034                 : spi.obj (.text:SPIFIFOLevelSet)
                  2000e034    00000030                 : pin.obj (.text:PinTypeGPIO)
                  2000e064    00000030                 : uart.obj (.text:UARTDisable)
                  2000e094    00000030     rtsv7M4_T_le_eabi.lib : vsnprintf.c.obj (.text:_outs)
                  2000e0c4    0000002e                           : i_tofd_t2.asm.obj (.text)
                  2000e0f2    00000002     --HOLE-- [fill = 0]
                  2000e0f4    0000002c     simplelink.a : cc_pal.obj (.text:NwpPowerOn)
                  2000e120    0000002c     driverlib.a : prcm.obj (.text:PRCMSysResetCauseGet)
                  2000e14c    0000002c     simplelink.a : driver.obj (.text:_SlDrvObjGlobalLockWaitForever)
                  2000e178    0000002c                  : driver.obj (.text:_SlDrvProtectionObjLockWaitForever)
                  2000e1a4    0000002a     driverlib.a : timer.obj (.text:TimerLoadSet)
                  2000e1ce    0000002a                 : timer.obj (.text:TimerPrescaleSet)
                  2000e1f8    00000028                 : prcm.obj (.text:PRCMPeripheralClkDisable)
                  2000e220    00000028     simplelink.a : driver.obj (.text:_SlDrvGlobalObjUnLock)
                  2000e248    00000028                  : driver.obj (.text:_SlDrvProtectionObjUnLock)
                  2000e270    00000028                  : driver.obj (.text:_SlDrvSyncObjWaitForever)
                  2000e298    00000028     rtsv7M4_T_le_eabi.lib : memory.c.obj (.text:free_list_insert)
                  2000e2c0    00000028                           : memmov.c.obj (.text:memmove)
                  2000e2e8    00000026     simplelink.a : driver.obj (.text:_SlDrvObjLockWaitForever)
                  2000e30e    00000026     network_common.obj (.text)
                  2000e334    00000024     simplelink.a : cc_pal.obj (.text:DmaSpiSwIntHandler)
                  2000e358    00000024     driverlib.a : interrupt.obj (.text:IntUnregister)
                  2000e37c    00000024                 : uart.obj (.text:UARTEnable)
                  2000e3a0    00000024     rtsv7M4_T_le_eabi.lib : boot_cortex_m.c.obj (.text:_c_int00_noargs:_c_int00_noargs)
                  2000e3c4    00000022     driverlib.a : gpio.obj (.text:GPIOIntStatus)
                  2000e3e6    00000022                 : spi.obj (.text:SPIReset)
                  2000e408    00000022                 : spi.obj (.text:SPIWordCountSet)
                  2000e42a    00000020                 : gpio.obj (.text:GPIOPinWrite)
                  2000e44a    00000002     --HOLE-- [fill = 0]
                  2000e44c    00000020                 : interrupt.obj (.text:IntRegister)
                  2000e46c    00000020     simplelink.a : cc_pal.obj (.text:NwpPrePowerOffTimout0)
                  2000e48c    00000020     driverlib.a : spi.obj (.text:SPIDataGet)
                  2000e4ac    00000020     simplelink.a : cc_pal.obj (.text:TimerGetCurrentTimestamp)
                  2000e4cc    00000020                  : driver.obj (.text:_SlDrvObjUnLock)
                  2000e4ec    00000020                  : driver.obj (.text:_SlDrvSyncObjSignal)
                  2000e50c    0000001e     driverlib.a : gpio.obj (.text:GPIOIntRegister)
                  2000e52a    0000001e                 : spi.obj (.text:SPIDataPut)
                  2000e548    0000001e                 : timer.obj (.text:TimerDisable)
                  2000e566    0000001e                 : timer.obj (.text:TimerEnable)
                  2000e584    0000001e                 : timer.obj (.text:TimerIntStatus)
                  2000e5a2    0000001e                 : uart.obj (.text:UARTCharPut)
                  2000e5c0    0000001e     simplelink.a : cc_pal.obj (.text:cc_UDMAChannelSelect)
                  2000e5de    00000002     --HOLE-- [fill = 0]
                  2000e5e0    0000001c     driverlib.a : systick.obj (.text:SysTickIntRegister)
                  2000e5fc    0000001c                 : timer.obj (.text:TimerValueGet)
                  2000e618    0000001c                 : uart.obj (.text:UARTCharGetNonBlocking)
                  2000e634    0000001c     simplelink.a : driver.obj (.text:_SlDrvStartMeasureTimeout)
                  2000e650    0000001c     rtsv7M4_T_le_eabi.lib : copy_zero_init.c.obj (.text:decompress:ZI:__TI_zero_init_nomemset:__TI_zero_init_nomemset)
                  2000e66c    0000001c                           : memory.c.obj (.text:free_list_remove)
                  2000e688    0000001c                           : memccpy.c.obj (.text:memccpy)
                  2000e6a4    0000001c     driverlib.a : udma.obj (.text:uDMAChannelEnable)
                  2000e6c0    0000001a                 : gpio.obj (.text:GPIOIntEnable)
                  2000e6da    0000001a                 : pin.obj (.text:PinTypeSPI)
                  2000e6f4    0000001a                 : pin.obj (.text:PinTypeUART)
                  2000e70e    0000001a                 : spi.obj (.text:SPIDmaDisable)
                  2000e728    0000001a                 : spi.obj (.text:SPIDmaEnable)
                  2000e742    0000001a                 : spi.obj (.text:SPIFIFODisable)
                  2000e75c    0000001a                 : spi.obj (.text:SPIFIFOEnable)
                  2000e776    0000001a                 : spi.obj (.text:SPIIntUnregister)
                  2000e790    00000018                 : gpio.obj (.text:GPIOPinRead)
                  2000e7a8    00000018                 : spi.obj (.text:SPICSDisable)
                  2000e7c0    00000018                 : spi.obj (.text:SPICSEnable)
                  2000e7d8    00000018                 : spi.obj (.text:SPIDisable)
                  2000e7f0    00000018                 : spi.obj (.text:SPIEnable)
                  2000e808    00000018                 : systick.obj (.text:SysTickPeriodSet)
                  2000e820    00000018                 : timer.obj (.text:TimerIntDisable)
                  2000e838    00000018                 : timer.obj (.text:TimerIntEnable)
                  2000e850    00000018                 : uart.obj (.text:UARTCharsAvail)
                  2000e868    00000018     simplelink.a : nonos.obj (.text:_SlNonOsSemSet)
                  2000e880    00000018     rtsv7M4_T_le_eabi.lib : vsnprintf.c.obj (.text:_outc)
                  2000e898    00000018                           : sprintf.c.obj (.text:_outs)
                  2000e8b0    00000018     simplelink.a : device.obj (.text:_sl_GetStartResponseConvert)
                  2000e8c8    00000016     driverlib.a : prcm.obj (.text:PRCMHIBRegRead)
                  2000e8de    00000016                 : prcm.obj (.text:PRCMHIBRegWrite)
                  2000e8f4    00000016     simplelink.a : driver.obj (.text:_SlDrvMemZero)
                  2000e90a    00000016     rtsv7M4_T_le_eabi.lib : strchr.c.obj (.text:strchr)
                  2000e920    00000014     driverlib.a : cpu.obj (.text:CPUcpsie)
                  2000e934    00000014                 : gpio.obj (.text:GPIOIntClear)
                  2000e948    00000014                 : interrupt.obj (.text:IntVTableBaseSet)
                  2000e95c    00000014     rtsv7M4_T_le_eabi.lib : strcpy.c.obj (.text:strcpy)
                  2000e970    00000014                           : strlen.c.obj (.text:strlen)
                  2000e984    00000012     driverlib.a : timer.obj (.text:TimerIntClear)
                  2000e996    00000012     rtsv7M4_T_le_eabi.lib : wcslen.c.obj (.text:wcslen)
                  2000e9a8    00000010     driverlib.a : systick.obj (.text:SysTickEnable)
                  2000e9b8    00000010     simplelink.a : driver.obj (.text:_SlDrvDispatchHttpServerEvents)
                  2000e9c8    0000000e                  : driver.obj (.text:_SlDrvResetCmdExt)
                  2000e9d6    0000000e     rtsv7M4_T_le_eabi.lib : copy_decompress_none.c.obj (.text:decompress:none:__TI_decompress_none)
                  2000e9e4    0000000e     startup_ccs.obj (.text)
                  2000e9f2    00000002     --HOLE-- [fill = 0]
                  2000e9f4    0000000c     simplelink.a : cc_pal.obj (.text:NwpMaskInterrupt)
                  2000ea00    0000000c                  : cc_pal.obj (.text:NwpUnMaskInterrupt)
                  2000ea0c    0000000c     driverlib.a : systick.obj (.text:SysTickValueGet)
                  2000ea18    0000000c     rtsv7M4_T_le_eabi.lib : s_copysign.c.obj (.text:copysign)
                  2000ea24    0000000a     driverlib.a : interrupt.obj (.text:IntMasterEnable)
                  2000ea2e    0000000a     rtsv7M4_T_le_eabi.lib : sprintf.c.obj (.text:_outc)
                  2000ea38    00000008                           : errno.c.obj (.text:__aeabi_errno_addr)
                  2000ea40    00000008                           : memory.c.obj (.text:malloc)
                  2000ea48    00000006     driverlib.a : utils.obj (.text:UtilsDelay)
                  2000ea4e    00000004     rtsv7M4_T_le_eabi.lib : pre_init.c.obj (.text:_system_pre_init)
                  2000ea52    00000004                           : exit.c.obj (.text:abort:abort)

.const     0    2000ea58    00000abc     
                  2000ea58    000004fb     Adafruit_GFX.obj (.const:.string:font)
                  2000ef53    00000101     rtsv7M4_T_le_eabi.lib : ctype.c.obj (.const:.string:_ctypes_)
                  2000f054    00000100     driverlib.a : pin.obj (.const:g_ulPinToPadMap)
                  2000f154    000000d4                 : interrupt.obj (.const:g_pulRegs)
                  2000f228    000000a8                 : prcm.obj (.const:PRCM_PeriphRegsList)
                  2000f2d0    0000003c     simplelink.a : driver.obj (.const:OpcodeTranslateTable)
                  2000f30c    00000038                  : driver.obj (.const:_SlActionLookupTable)
                  2000f344    0000002c     network_utils.obj (.const:$P$T1$2)
                  2000f370    00000024     driverlib.a : spi.obj (.const:g_ppulSPIIntMap)
                  2000f394    00000022     network_utils.obj (.const:.string:$P$T0$1)
                  2000f3b6    00000002     --HOLE-- [fill = 0]
                  2000f3b8    00000020     simplelink.a : driver.obj (.const:RxMsgClassLUT)
                  2000f3d8    00000018     driverlib.a : interrupt.obj (.const:g_pulDisRegs)
                  2000f3f0    00000018                 : interrupt.obj (.const:g_pulEnRegs)
                  2000f408    00000018                 : interrupt.obj (.const:g_pulUnpendRegs)
                  2000f420    00000018                 : spi.obj (.const:g_ulSPIDmaMaskMap)
                  2000f438    00000014     simplelink.a : driver.obj (.const:$P$T0$1)
                  2000f44c    00000014                  : nonos.obj (.const:$P$T0$1)
                  2000f460    00000014     network_utils.obj (.const:$P$T2$3)
                  2000f474    00000010     simplelink.a : socket.obj (.const:.string:_SlPayloadByProtocolLUT)
                  2000f484    0000000c     network_utils.obj (.const:$P$T4$5)
                  2000f490    0000000c     network_utils.obj (.const:.string:$P$T3$4)
                  2000f49c    00000009     main.obj (.const:.string:$P$T0$1)
                  2000f4a5    00000008     simplelink.a : device.obj (.const:StartResponseLUT)
                  2000f4ad    00000003     --HOLE-- [fill = 0]
                  2000f4b0    00000008                  : driver.obj (.const:g_H2NCnysPattern)
                  2000f4b8    00000008                  : driver.obj (.const:g_H2NSyncPattern)
                  2000f4c0    00000004                  : wlan.obj (.const:$P$T0$1)
                  2000f4c4    00000004                  : socket.obj (.const:$P$T2$3)
                  2000f4c8    00000004                  : device.obj (.const:_SlDeviceGetCmdCtrl)
                  2000f4cc    00000004                  : device.obj (.const:_SlDeviceSetCmdCtrl)
                  2000f4d0    00000004                  : netapp.obj (.const:_SlGetHostByNameCtrl)
                  2000f4d4    00000004                  : netapp.obj (.const:_SlNetAppSendTokenValueCmdCtrl)
                  2000f4d8    00000004                  : netcfg.obj (.const:_SlNetCfgSetCmdCtrl)
                  2000f4dc    00000004                  : wlan.obj (.const:_SlPolicySetCmdCtrl)
                  2000f4e0    00000004                  : wlan.obj (.const:_SlProfileDelCmdCtrl)
                  2000f4e4    00000004                  : socket.obj (.const:_SlRecvCmdCtrl)
                  2000f4e8    00000004                  : netapp.obj (.const:_SlRegisterServiceCtrl)
                  2000f4ec    00000004                  : wlan.obj (.const:_SlRxFilterSetCmdCtrl)
                  2000f4f0    00000004                  : socket.obj (.const:_SlSendCmdCtrl)
                  2000f4f4    00000004                  : socket.obj (.const:_SlSetSockOptCmdCtrl)
                  2000f4f8    00000004                  : socket.obj (.const:_SlSockCloseCmdCtrl)
                  2000f4fc    00000004                  : socket.obj (.const:_SlSockSocketCmdCtrl)
                  2000f500    00000004                  : device.obj (.const:_SlStopCmdCtrl)
                  2000f504    00000004                  : wlan.obj (.const:_SlWlanCfgSetCmdCtrl)
                  2000f508    00000004                  : wlan.obj (.const:_SlWlanSetModeCmdCtrl)
                  2000f50c    00000004                  : driver.obj (.const:httpServer_callbacks)
                  2000f510    00000004                  : driver.obj (.const:netApp_callbacks)

.cinit     0    2000f518    000000c0     
                  2000f518    00000098     (.cinit..data.load) [load image, compression = lzss]
                  2000f5b0    0000000c     (__TI_handler_table)
                  2000f5bc    00000004     --HOLE-- [fill = 0]
                  2000f5c0    00000008     (.cinit..bss.load) [load image, compression = zero_init]
                  2000f5c8    00000010     (__TI_cinit_table)

.sysmem    0    20017000    00008000     UNINITIALIZED
                  20017000    00000010     rtsv7M4_T_le_eabi.lib : memory.c.obj (.sysmem)
                  20017010    00007ff0     --HOLE--

.bss       0    2001f000    0000022a     UNINITIALIZED
                  2001f000    00000168     simplelink.a : driver.obj (.bss:g_StatMem)
                  2001f168    00000050     (.common:g_ucDinDout)
                  2001f1b8    0000002c     (.common:g_time)
                  2001f1e4    00000024     (.common:g_ucConnectionSSID)
                  2001f208    00000008     (.common:g_app_config)
                  2001f210    00000008     (.common:g_ucConnectionBSSID)
                  2001f218    00000004     uart_if.obj (.bss)
                  2001f21c    00000004     (.common:g_Host)
                  2001f220    00000004     (.common:g_port)
                  2001f224    00000001     (.common:RxIrqCnt)
                  2001f225    00000001     (.common:g_bDeviceRestartIsRequired)
                  2001f226    00000001     (.common:g_cDummy)
                  2001f227    00000001     (.common:g_ucLED1Pin)
                  2001f228    00000001     (.common:g_ucLED2Pin)
                  2001f229    00000001     (.common:g_ucLED3Pin)

.data      0    2001f22c    0000019c     UNINITIALIZED
                  2001f22c    00000080     main.obj (.data:mock_flights)
                  2001f2ac    00000048     main.obj (.data)
                  2001f2f4    0000003c     simplelink.a : nonos.obj (.data:g__SlNonOsCB)
                  2001f330    00000015     Adafruit_GFX.obj (.data)
                  2001f345    00000003     --HOLE--
                  2001f348    00000014     gpio_if.obj (.data:ulReg)
                  2001f35c    00000010     main.obj (.data:current_altitude)
                  2001f36c    00000010     main.obj (.data:current_callsign)
                  2001f37c    0000000d     simplelink.a : driver.obj (.data)
                  2001f389    00000003     --HOLE--
                  2001f38c    0000000c     gpio_if.obj (.data)
                  2001f398    0000000c     network_utils.obj (.data)
                  2001f3a4    00000009     simplelink.a : cc_pal.obj (.data)
                  2001f3ad    00000003     --HOLE--
                  2001f3b0    00000008     rtsv7M4_T_le_eabi.lib : _lock.c.obj (.data:$O1$$)
                  2001f3b8    00000008                           : memory.c.obj (.data:$O1$$)
                  2001f3c0    00000004                           : errno.c.obj (.data)
                  2001f3c4    00000004     simplelink.a : driver.obj (.data:wlan_callbacks)

.stack     0    2002f000    00001000     UNINITIALIZED
                  2002f000    00000004     rtsv7M4_T_le_eabi.lib : boot_cortex_m.c.obj (.stack)
                  2002f004    00000ffc     --HOLE--

__llvm_prf_cnts 
*          0    20017000    00000000     UNINITIALIZED

MODULE SUMMARY

       Module                       code    ro data   rw data
       ------                       ----    -------   -------
    .\
       Adafruit_GFX.obj             2688    1275      21     
       main.obj                     3040    9         232    
       Adafruit_OLED.obj            1186    0         0      
       startup_ccs.obj              14      1024      0      
       gpio_if.obj                  920     0         35     
       uart_if.obj                  636     0         4      
       timer_if.obj                 408     0         0      
       pinmux.obj                   304     0         0      
       network_common.obj           38      0         0      
    +--+----------------------------+-------+---------+---------+
       Total:                       9234    2308      292    
                                                             
    .\utils\
       network_utils.obj            3812    122       116    
    +--+----------------------------+-------+---------+---------+
       Total:                       3812    122       116    
                                                             
    C:/ti/CC3200SDK_1.5.0/cc3200-sdk/driverlib/ccs/Release/driverlib.a
       prcm.obj                     852     168       0      
       spi.obj                      860     60        0      
       interrupt.obj                608     284       0      
       udma.obj                     604     0         0      
       pin.obj                      300     256       0      
       timer.obj                    552     0         0      
       gpio.obj                     422     0         0      
       uart.obj                     284     0         0      
       systick.obj                  80      0         0      
       cpu.obj                      20      0         0      
       utils.obj                    6       0         0      
    +--+----------------------------+-------+---------+---------+
       Total:                       4588    768       0      
                                                             
    C:/ti/CC3200SDK_1.5.0/cc3200-sdk/simplelink/ccs/NON_OS/simplelink.a
       driver.obj                   7906    192       379    
       cc_pal.obj                   1820    0         90     
       socket.obj                   1830    40        0      
       netapp.obj                   1572    12        0      
       wlan.obj                     1316    24        0      
       device.obj                   1230    20        0      
       nonos.obj                    416     20        60     
       netcfg.obj                   152     4         0      
    +--+----------------------------+-------+---------+---------+
       Total:                       16242   312       529    
                                                             
    C:\ti\ccs1250\ccs\tools\compiler\ti-cgt-arm_20.2.7.LTS\lib\rtsv7M4_T_le_eabi.lib
       _printfi.c.obj               4835    0         0      
       memory.c.obj                 900     0         8      
       fd_add_t2.asm.obj            438     0         0      
       fd_div_t2.asm.obj            310     0         0      
       fd_cmp_t2.asm.obj            268     0         0      
       ctype.c.obj                  0       257       0      
       fd_mul_t2.asm.obj            252     0         0      
       s_scalbn.c.obj               208     0         0      
       memcpy_t2.asm.obj            156     0         0      
       ull_div_t2.asm.obj           150     0         0      
       vsnprintf.c.obj              136     0         0      
       memset_t2.asm.obj            122     0         0      
       copy_decompress_lzss.c.obj   104     0         0      
       sprintf.c.obj                98      0         0      
       s_frexp.c.obj                92      0         0      
       _ltoa.c.obj                  84      0         0      
       atoi.c.obj                   76      0         0      
       fd_toi_t2.asm.obj            72      0         0      
       autoinit.c.obj               68      0         0      
       i_tofd_t2.asm.obj            46      0         0      
       memmov.c.obj                 40      0         0      
       boot_cortex_m.c.obj          36      0         0      
       copy_zero_init.c.obj         28      0         0      
       memccpy.c.obj                28      0         0      
       strchr.c.obj                 22      0         0      
       strcpy.c.obj                 20      0         0      
       strlen.c.obj                 20      0         0      
       wcslen.c.obj                 18      0         0      
       copy_decompress_none.c.obj   14      0         0      
       errno.c.obj                  8       0         4      
       s_copysign.c.obj             12      0         0      
       _lock.c.obj                  2       0         8      
       exit.c.obj                   4       0         0      
       pre_init.c.obj               4       0         0      
       div0.asm.obj                 2       0         0      
    +--+----------------------------+-------+---------+---------+
       Total:                       8673    257       20     
                                                             
       Heap:                        0       0         32768  
       Stack:                       0       0         4096   
       Linker Generated:            0       188       0      
    +--+----------------------------+-------+---------+---------+
       Grand Total:                 42549   3955      37821  


LINKER GENERATED COPY TABLES

__TI_cinit_table @ 2000f5c8 records: 2, size/record: 8, table size: 16
	.data: load addr=2000f518, load size=00000098 bytes, run addr=2001f22c, run size=0000019c bytes, compression=lzss
	.bss: load addr=2000f5c0, load size=00000008 bytes, run addr=2001f000, run size=0000022a bytes, compression=zero_init


LINKER GENERATED HANDLER TABLE

__TI_handler_table @ 2000f5b0 records: 3, size/record: 4, table size: 12
	index: 0, handler: __TI_decompress_lzss
	index: 1, handler: __TI_decompress_none
	index: 2, handler: __TI_zero_init


GLOBAL SYMBOLS: SORTED ALPHABETICALLY BY Name 

address   name                                  
-------   ----                                  
200079ad  Adafruit_Init                         
2000ea53  C$$EXIT                               
2000e921  CPUcpsie                              
20008421  ClearTerm                             
20007b23  Color565                              
20005447  DisplayFlightByIndex                  
2000e335  DmaSpiSwIntHandler                    
20005391  DrawAirplane                          
2000534d  DrawCloud                             
2000842b  Error                                 
200054f9  FetchAndDisplayFlightData             
2000df95  GPIODirModeSet                        
2000e935  GPIOIntClear                          
2000e6c1  GPIOIntEnable                         
20005d55  GPIOIntHandler                        
2000e50d  GPIOIntRegister                       
2000e3c5  GPIOIntStatus                         
2000c9f1  GPIOIntTypeSet                        
2000e791  GPIOPinRead                           
2000e42b  GPIOPinWrite                          
20008089  GPIO_IF_ConfigureNIntEnable           
20008115  GPIO_IF_Get                           
20008043  GPIO_IF_GetPortNPin                   
20007e05  GPIO_IF_LedConfigure                  
20007ef7  GPIO_IF_LedOff                        
20007e43  GPIO_IF_LedOn                         
20007fab  GPIO_IF_LedStatus                     
20008015  GPIO_IF_LedToggle                     
200080d1  GPIO_IF_Set                           
20008463  GetCmd                                
200083e1  InitTerm                              
2000badd  IntDisable                            
2000bb85  IntEnable                             
2000ea25  IntMasterEnable                       
2000d43d  IntPendClear                          
2000d545  IntPrioritySet                        
2000e44d  IntRegister                           
2000e359  IntUnregister                         
2000e949  IntVTableBaseSet                      
200083ff  Message                               
2000e9f5  NwpMaskInterrupt                      
2000df25  NwpPowerOff                           
2000e0f5  NwpPowerOn                            
2000e46d  NwpPrePowerOffTimout0                 
2000dd7d  NwpRegisterInterruptHandler           
2000ea01  NwpUnMaskInterrupt                    
2000f2d0  OpcodeTranslateTable                  
2000686f  Outstr                                
20009a49  PRCMCC3200MCUInit                     
2000e8c9  PRCMHIBRegRead                        
2000e8df  PRCMHIBRegWrite                       
2000e1f9  PRCMPeripheralClkDisable              
2000de35  PRCMPeripheralClkEnable               
2000c2d9  PRCMPeripheralClockGet                
2000d495  PRCMPeripheralReset                   
2000dfcd  PRCMPeripheralStatusGet               
2000e121  PRCMSysResetCauseGet                  
2000c7d9  PinConfigSet                          
2000dbfd  PinModeSet                            
2000a729  PinMuxConfig                          
2000e035  PinTypeGPIO                           
2000e6db  PinTypeSPI                            
2000e6f5  PinTypeUART                           
200059b5  PostFlightData                        
200085a1  Report                                
2000e9e5  ResetISR                              
2001f224  RxIrqCnt                              
2000e7a9  SPICSDisable                          
2000e7c1  SPICSEnable                           
2000bcd1  SPIConfigSetExpClk                    
2000e48d  SPIDataGet                            
2000e52b  SPIDataPut                            
2000e7d9  SPIDisable                            
2000e70f  SPIDmaDisable                         
2000e729  SPIDmaEnable                          
2000e7f1  SPIEnable                             
2000e743  SPIFIFODisable                        
2000e75d  SPIFIFOEnable                         
2000e001  SPIFIFOLevelSet                       
2000d949  SPIIntClear                           
2000d739  SPIIntEnable                          
2000e777  SPIIntUnregister                      
2000e3e7  SPIReset                              
2000e409  SPIWordCountSet                       
200045d5  SimpleLinkGeneralEventHandler         
200045b1  SimpleLinkHttpServerCallback          
2000450f  SimpleLinkNetAppEventHandler          
200045f5  SimpleLinkSockEventHandler            
20004401  SimpleLinkWlanEventHandler            
2000e9a9  SysTickEnable                         
20005bc1  SysTickInit                           
2000e5e1  SysTickIntRegister                    
2000e809  SysTickPeriodSet                      
20005bb1  SysTickReset                          
2000ea0d  SysTickValueGet                       
20005bd7  TickDifference                        
2000da65  TimerConfigure                        
2000e549  TimerDisable                          
2000e567  TimerEnable                           
2000e4ad  TimerGetCurrentTimestamp              
2000e985  TimerIntClear                         
2000e821  TimerIntDisable                       
2000e839  TimerIntEnable                        
2000cdd5  TimerIntRegister                      
2000e585  TimerIntStatus                        
2000cffd  TimerIntUnregister                    
2000e1a5  TimerLoadSet                          
2000e1cf  TimerPrescaleSet                      
20005ddf  TimerTickHandler                      
2000e5fd  TimerValueGet                         
200096db  Timer_IF_DeInit                       
2000970d  Timer_IF_GetCount                     
20009615  Timer_IF_Init                         
20009647  Timer_IF_IntSetup                     
20009693  Timer_IF_InterruptClear               
200096f5  Timer_IF_ReLoad                       
200096ab  Timer_IF_Start                        
200096cb  Timer_IF_Stop                         
20008509  TrimSpace                             
2000e619  UARTCharGetNonBlocking                
2000e5a3  UARTCharPut                           
2000e851  UARTCharsAvail                        
2000cce9  UARTConfigSetExpClk                   
2000e065  UARTDisable                           
2000e37d  UARTEnable                            
200053d9  UpdateFlightText                      
2000ea49  UtilsDelay                            
2000f30c  _SlActionLookupTable                  
2000bc2d  _SlDriverHandleError                  
2000d991  _SlDrvBasicCmd                        
2000b8b9  _SlDrvCmdOp                           
2000cf25  _SlDrvCmdSend                         
20008b0d  _SlDrvDataReadOp                      
20009d31  _SlDrvDataWriteOp                     
2000bead  _SlDrvDeviceEventHandler              
2000e9b9  _SlDrvDispatchHttpServerEvents        
2000a5f9  _SlDrvDriverCBDeinit                  
20009245  _SlDrvDriverCBInit                    
2000e221  _SlDrvGlobalObjUnLock                 
2000daa9  _SlDrvHandleHttpServerEvents          
2000dc3d  _SlDrvHandleNetAppEvents              
2000dc7d  _SlDrvHandleWlanEvents                
2000c635  _SlDrvIsTimeoutExpired                
2000e8f5  _SlDrvMemZero                         
2000b11d  _SlDrvMsgReadSpawnCtx                 
2000a979  _SlDrvNetAppEventHandler              
2000e2e9  _SlDrvObjLockWaitForever              
2000e4cd  _SlDrvObjUnLock                       
2000d7d1  _SlDrvProtectAsyncRespSetting         
2000e179  _SlDrvProtectionObjLockWaitForever    
2000e249  _SlDrvProtectionObjUnLock             
20008cf1  _SlDrvReleasePoolObj                  
2000e9c9  _SlDrvResetCmdExt                     
2000d599  _SlDrvRxIrqHandler                    
2000e635  _SlDrvStartMeasureTimeout             
2000e4ed  _SlDrvSyncObjSignal                   
2000e271  _SlDrvSyncObjWaitForever              
2000daed  _SlDrvSyncObjWaitTimeout              
2000972d  _SlDrvWaitForPoolObj                  
2000f4d4  _SlNetAppSendTokenValueCmdCtrl        
2000cd61  _SlNonOsMainLoopTask                  
2000ba2d  _SlNonOsSemGet                        
2000e869  _SlNonOsSemSet                        
2000d0cd  _SlNonOsSpawn                         
20030000  __STACK_END                           
00001000  __STACK_SIZE                          
00008000  __SYSMEM_SIZE                         
2000f5c8  __TI_CINIT_Base                       
2000f5d8  __TI_CINIT_Limit                      
2000f5b0  __TI_Handler_Table_Base               
2000f5bc  __TI_Handler_Table_Limit              
2000db31  __TI_auto_init_nobinit_nopinit        
2000d065  __TI_decompress_lzss                  
2000e9d7  __TI_decompress_none                  
2000d5ed  __TI_ltoa                             
ffffffff  __TI_pprof_out_hndl                   
20006945  __TI_printfi                          
ffffffff  __TI_prof_data_size                   
ffffffff  __TI_prof_data_start                  
2000f518  __TI_static_base__                    
2000e651  __TI_zero_init_nomemset               
2000c861  __aeabi_cdcmpeq                       
2000c861  __aeabi_cdcmple                       
2000c8e7  __aeabi_cdrcmple                      
2000d9d9  __aeabi_d2iz                          
20009097  __aeabi_dadd                          
2000a38d  __aeabi_ddiv                          
2000ab7d  __aeabi_dmul                          
2000908d  __aeabi_dsub                          
2000ea39  __aeabi_errno_addr                    
2000e0c5  __aeabi_i2d                           
20009243  __aeabi_idiv0                         
20009243  __aeabi_ldiv0                         
2000cbf5  __aeabi_memclr                        
2000cbf5  __aeabi_memclr4                       
2000cbf5  __aeabi_memclr8                       
2000be11  __aeabi_memcpy                        
2000be11  __aeabi_memcpy4                       
2000be11  __aeabi_memcpy8                       
2000cbf7  __aeabi_memset                        
2000cbf7  __aeabi_memset4                       
2000cbf7  __aeabi_memset8                       
2000c241  __aeabi_uldivmod                      
ffffffff  __binit__                             
ffffffff  __c_args__                            
UNDEFED   __mpu_init                            
2002f000  __stack                               
20017000  __start___llvm_prf_cnts               
20017000  __stop___llvm_prf_cnts                
2000e3a1  _c_int00_noargs                       
2000ef53  _ctypes_                              
2001f3b0  _lock                                 
20007dc7  _nop                                  
2000d131  _sl_HandleAsync_Accept                
2000ca75  _sl_HandleAsync_Connect               
2000c36d  _sl_HandleAsync_DnsGetHostByName      
2000b65d  _sl_HandleAsync_DnsGetHostByService   
2000c6c1  _sl_HandleAsync_InitComplete          
2000c3fd  _sl_HandleAsync_PingResponse          
2000d641  _sl_HandleAsync_Select                
2000d6e9  _sl_HandleAsync_Stop                  
2000cf91  _sl_NetAppSendTokenValue              
20017000  _sys_memory                           
UNDEFED   _system_post_cinit                    
2000ea4f  _system_pre_init                      
2001f3b4  _unlock                               
2000ea53  abort                                 
2000aa7d  aligned_alloc                         
2000d869  atoi                                  
ffffffff  binit                                 
2001f2bc  bit_count                             
2001f2e0  cloud1_old_x                          
2001f2dc  cloud1_x                              
2001f2e4  cloud1_y                              
2001f2ec  cloud2_old_x                          
2001f2e8  cloud2_x                              
2001f2f0  cloud2_y                              
20004fbd  connectToAccessPoint                  
2000ea19  copysign                              
2000ea19  copysignl                             
2001f35c  current_altitude                      
2001f36c  current_callsign                      
2001f330  cursor_x                              
2001f334  cursor_y                              
2001f2b8  data                                  
2001f2b0  delta                                 
20006723  drawChar                              
20005ec5  drawCircle                            
20005ff9  drawCircleHelper                      
20007cd1  drawFastHLine                         
20007c35  drawFastVLine                         
2000623f  drawLine                              
20007d6d  drawPixel                             
2000632b  drawRect                              
20006379  drawRoundRect                         
200064e1  drawTriangle                          
2001f3c0  errno                                 
20006117  fillCircle                            
20006151  fillCircleHelper                      
20007b7b  fillRect                              
20006467  fillRoundRect                         
20007b65  fillScreen                            
20006523  fillTriangle                          
2000b205  free                                  
2000d3e1  frexp                                 
2000d3e1  frexpl                                
2001f21c  g_Host                                
2001f37c  g_SlDeviceStatus                      
2001f3a4  g_SpiFd                               
2001f2f4  g__SlNonOsCB                          
2001f208  g_app_config                          
2001f225  g_bDeviceRestartIsRequired            
2001f226  g_cDummy                              
2001f380  g_pCB                                 
2001f3a8  g_pHostIntHdl                         
20004000  g_pfnVectors                          
2001f220  g_port                                
2001f1b8  g_time                                
2001f210  g_ucConnectionBSSID                   
2001f1e4  g_ucConnectionSSID                    
2001f3ac  g_ucDMAEnabled                        
2001f168  g_ucDinDout                           
2001f227  g_ucLED1Pin                           
2001f228  g_ucLED2Pin                           
2001f229  g_ucLED3Pin                           
2001f38c  g_uiLED1Port                          
2001f390  g_uiLED2Port                          
2001f394  g_uiLED3Port                          
2001f3a0  g_ulGatewayIP                         
2001f39c  g_ulPingPacketsRecv                   
2001f398  g_ulStatus                            
20007adf  goTo                                  
20006923  height                                
20007dab  invert                                
2001f2c8  last_displayed_index                  
2000b58d  ldexp                                 
2000b58d  ldexpl                                
20005715  main                                  
2000ea41  malloc                                
2000aa7d  memalign                              
2000e689  memccpy                               
2000be11  memcpy                                
2000e2c1  memmove                               
2000cbfd  memset                                
2001f2b4  message_buffer                        
2001f2c0  message_ready                         
2001f22c  mock_flights                          
2001f2cc  new_flight_data                       
2001f384  pPingCallBackFunc                     
2001f2d4  plane_old_x                           
2001f2d0  plane_x                               
2001f2d8  plane_y                               
2000b2e9  realloc                               
20005c07  record_bit                            
2000b58d  scalbn                                
2000b58d  scalbnl                               
200068bb  setCursor                             
200068f3  setTextColor                          
200068d3  setTextSize                           
2000690b  setTextWrap                           
2000de71  simplelink_timerA2_start              
2000d2c1  sl_Close                              
200098bd  sl_Connect                            
2000b729  sl_DevGet                             
2000bf49  sl_DevSet                             
2000dbb9  sl_Htonl                              
2000dead  sl_Htons                              
2000a10d  sl_NetAppDnsGetHostByName             
2000b3cd  sl_NetAppMDNSRegisterUnregisterService
2000d195  sl_NetAppMDNSUnRegisterService        
2000bfe1  sl_NetCfgSet                          
2000e30f  sl_Provisioning_HttpServerEventHdl    
2000e31d  sl_Provisioning_NetAppEventHdl        
2000e329  sl_Provisioning_WlanEventHdl          
2000bd71  sl_Recv                               
2000a4c5  sl_Send                               
2000c079  sl_SetSockOpt                         
2000c74d  sl_Socket                             
2000af49  sl_Start                              
2000ac79  sl_Stop                               
20008161  sl_WlanConnect                        
2000df5d  sl_WlanDisconnect                     
2000c48d  sl_WlanPolicySet                      
2000d321  sl_WlanProfileDel                     
2000c96d  sl_WlanRxFilterSet                    
2000c111  sl_WlanSet                            
2000d381  sl_WlanSetMode                        
2000cc71  spi_Close                             
20009e81  spi_Open                              
2000ad69  spi_Read                              
2000c1a9  spi_Write                             
2000dcfd  sprintf                               
2000e90b  strchr                                
2000e95d  strcpy                                
2000e971  strlen                                
2001f340  textbgcolor                           
2001f33c  textcolor                             
2001f338  textsize                              
2001f2c4  tickCount                             
2001f2ac  ticks                                 
20004dcd  tls_connect                           
2000d8b5  uDMAChannelAssign                     
2000d1f9  uDMAChannelAttributeDisable           
2000d25d  uDMAChannelAttributeEnable            
2000dee9  uDMAChannelControlSet                 
2000e6a5  uDMAChannelEnable                     
2000ae59  uDMAChannelTransferSet                
2000dd3d  vsnprintf                             
2000e997  wcslen                                
2000691f  width                                 
2001f344  wrap                                  
20007925  writeCommand                          
20007969  writeData                             


GLOBAL SYMBOLS: SORTED BY Symbol Address 

address   name                                  
-------   ----                                  
00001000  __STACK_SIZE                          
00008000  __SYSMEM_SIZE                         
20004000  g_pfnVectors                          
20004401  SimpleLinkWlanEventHandler            
2000450f  SimpleLinkNetAppEventHandler          
200045b1  SimpleLinkHttpServerCallback          
200045d5  SimpleLinkGeneralEventHandler         
200045f5  SimpleLinkSockEventHandler            
20004dcd  tls_connect                           
20004fbd  connectToAccessPoint                  
2000534d  DrawCloud                             
20005391  DrawAirplane                          
200053d9  UpdateFlightText                      
20005447  DisplayFlightByIndex                  
200054f9  FetchAndDisplayFlightData             
20005715  main                                  
200059b5  PostFlightData                        
20005bb1  SysTickReset                          
20005bc1  SysTickInit                           
20005bd7  TickDifference                        
20005c07  record_bit                            
20005d55  GPIOIntHandler                        
20005ddf  TimerTickHandler                      
20005ec5  drawCircle                            
20005ff9  drawCircleHelper                      
20006117  fillCircle                            
20006151  fillCircleHelper                      
2000623f  drawLine                              
2000632b  drawRect                              
20006379  drawRoundRect                         
20006467  fillRoundRect                         
200064e1  drawTriangle                          
20006523  fillTriangle                          
20006723  drawChar                              
2000686f  Outstr                                
200068bb  setCursor                             
200068d3  setTextSize                           
200068f3  setTextColor                          
2000690b  setTextWrap                           
2000691f  width                                 
20006923  height                                
20006945  __TI_printfi                          
20007925  writeCommand                          
20007969  writeData                             
200079ad  Adafruit_Init                         
20007adf  goTo                                  
20007b23  Color565                              
20007b65  fillScreen                            
20007b7b  fillRect                              
20007c35  drawFastVLine                         
20007cd1  drawFastHLine                         
20007d6d  drawPixel                             
20007dab  invert                                
20007dc7  _nop                                  
20007e05  GPIO_IF_LedConfigure                  
20007e43  GPIO_IF_LedOn                         
20007ef7  GPIO_IF_LedOff                        
20007fab  GPIO_IF_LedStatus                     
20008015  GPIO_IF_LedToggle                     
20008043  GPIO_IF_GetPortNPin                   
20008089  GPIO_IF_ConfigureNIntEnable           
200080d1  GPIO_IF_Set                           
20008115  GPIO_IF_Get                           
20008161  sl_WlanConnect                        
200083e1  InitTerm                              
200083ff  Message                               
20008421  ClearTerm                             
2000842b  Error                                 
20008463  GetCmd                                
20008509  TrimSpace                             
200085a1  Report                                
20008b0d  _SlDrvDataReadOp                      
20008cf1  _SlDrvReleasePoolObj                  
2000908d  __aeabi_dsub                          
20009097  __aeabi_dadd                          
20009243  __aeabi_idiv0                         
20009243  __aeabi_ldiv0                         
20009245  _SlDrvDriverCBInit                    
20009615  Timer_IF_Init                         
20009647  Timer_IF_IntSetup                     
20009693  Timer_IF_InterruptClear               
200096ab  Timer_IF_Start                        
200096cb  Timer_IF_Stop                         
200096db  Timer_IF_DeInit                       
200096f5  Timer_IF_ReLoad                       
2000970d  Timer_IF_GetCount                     
2000972d  _SlDrvWaitForPoolObj                  
200098bd  sl_Connect                            
20009a49  PRCMCC3200MCUInit                     
20009d31  _SlDrvDataWriteOp                     
20009e81  spi_Open                              
2000a10d  sl_NetAppDnsGetHostByName             
2000a38d  __aeabi_ddiv                          
2000a4c5  sl_Send                               
2000a5f9  _SlDrvDriverCBDeinit                  
2000a729  PinMuxConfig                          
2000a979  _SlDrvNetAppEventHandler              
2000aa7d  aligned_alloc                         
2000aa7d  memalign                              
2000ab7d  __aeabi_dmul                          
2000ac79  sl_Stop                               
2000ad69  spi_Read                              
2000ae59  uDMAChannelTransferSet                
2000af49  sl_Start                              
2000b11d  _SlDrvMsgReadSpawnCtx                 
2000b205  free                                  
2000b2e9  realloc                               
2000b3cd  sl_NetAppMDNSRegisterUnregisterService
2000b58d  ldexp                                 
2000b58d  ldexpl                                
2000b58d  scalbn                                
2000b58d  scalbnl                               
2000b65d  _sl_HandleAsync_DnsGetHostByService   
2000b729  sl_DevGet                             
2000b8b9  _SlDrvCmdOp                           
2000ba2d  _SlNonOsSemGet                        
2000badd  IntDisable                            
2000bb85  IntEnable                             
2000bc2d  _SlDriverHandleError                  
2000bcd1  SPIConfigSetExpClk                    
2000bd71  sl_Recv                               
2000be11  __aeabi_memcpy                        
2000be11  __aeabi_memcpy4                       
2000be11  __aeabi_memcpy8                       
2000be11  memcpy                                
2000bead  _SlDrvDeviceEventHandler              
2000bf49  sl_DevSet                             
2000bfe1  sl_NetCfgSet                          
2000c079  sl_SetSockOpt                         
2000c111  sl_WlanSet                            
2000c1a9  spi_Write                             
2000c241  __aeabi_uldivmod                      
2000c2d9  PRCMPeripheralClockGet                
2000c36d  _sl_HandleAsync_DnsGetHostByName      
2000c3fd  _sl_HandleAsync_PingResponse          
2000c48d  sl_WlanPolicySet                      
2000c635  _SlDrvIsTimeoutExpired                
2000c6c1  _sl_HandleAsync_InitComplete          
2000c74d  sl_Socket                             
2000c7d9  PinConfigSet                          
2000c861  __aeabi_cdcmpeq                       
2000c861  __aeabi_cdcmple                       
2000c8e7  __aeabi_cdrcmple                      
2000c96d  sl_WlanRxFilterSet                    
2000c9f1  GPIOIntTypeSet                        
2000ca75  _sl_HandleAsync_Connect               
2000cbf5  __aeabi_memclr                        
2000cbf5  __aeabi_memclr4                       
2000cbf5  __aeabi_memclr8                       
2000cbf7  __aeabi_memset                        
2000cbf7  __aeabi_memset4                       
2000cbf7  __aeabi_memset8                       
2000cbfd  memset                                
2000cc71  spi_Close                             
2000cce9  UARTConfigSetExpClk                   
2000cd61  _SlNonOsMainLoopTask                  
2000cdd5  TimerIntRegister                      
2000cf25  _SlDrvCmdSend                         
2000cf91  _sl_NetAppSendTokenValue              
2000cffd  TimerIntUnregister                    
2000d065  __TI_decompress_lzss                  
2000d0cd  _SlNonOsSpawn                         
2000d131  _sl_HandleAsync_Accept                
2000d195  sl_NetAppMDNSUnRegisterService        
2000d1f9  uDMAChannelAttributeDisable           
2000d25d  uDMAChannelAttributeEnable            
2000d2c1  sl_Close                              
2000d321  sl_WlanProfileDel                     
2000d381  sl_WlanSetMode                        
2000d3e1  frexp                                 
2000d3e1  frexpl                                
2000d43d  IntPendClear                          
2000d495  PRCMPeripheralReset                   
2000d545  IntPrioritySet                        
2000d599  _SlDrvRxIrqHandler                    
2000d5ed  __TI_ltoa                             
2000d641  _sl_HandleAsync_Select                
2000d6e9  _sl_HandleAsync_Stop                  
2000d739  SPIIntEnable                          
2000d7d1  _SlDrvProtectAsyncRespSetting         
2000d869  atoi                                  
2000d8b5  uDMAChannelAssign                     
2000d949  SPIIntClear                           
2000d991  _SlDrvBasicCmd                        
2000d9d9  __aeabi_d2iz                          
2000da65  TimerConfigure                        
2000daa9  _SlDrvHandleHttpServerEvents          
2000daed  _SlDrvSyncObjWaitTimeout              
2000db31  __TI_auto_init_nobinit_nopinit        
2000dbb9  sl_Htonl                              
2000dbfd  PinModeSet                            
2000dc3d  _SlDrvHandleNetAppEvents              
2000dc7d  _SlDrvHandleWlanEvents                
2000dcfd  sprintf                               
2000dd3d  vsnprintf                             
2000dd7d  NwpRegisterInterruptHandler           
2000de35  PRCMPeripheralClkEnable               
2000de71  simplelink_timerA2_start              
2000dead  sl_Htons                              
2000dee9  uDMAChannelControlSet                 
2000df25  NwpPowerOff                           
2000df5d  sl_WlanDisconnect                     
2000df95  GPIODirModeSet                        
2000dfcd  PRCMPeripheralStatusGet               
2000e001  SPIFIFOLevelSet                       
2000e035  PinTypeGPIO                           
2000e065  UARTDisable                           
2000e0c5  __aeabi_i2d                           
2000e0f5  NwpPowerOn                            
2000e121  PRCMSysResetCauseGet                  
2000e179  _SlDrvProtectionObjLockWaitForever    
2000e1a5  TimerLoadSet                          
2000e1cf  TimerPrescaleSet                      
2000e1f9  PRCMPeripheralClkDisable              
2000e221  _SlDrvGlobalObjUnLock                 
2000e249  _SlDrvProtectionObjUnLock             
2000e271  _SlDrvSyncObjWaitForever              
2000e2c1  memmove                               
2000e2e9  _SlDrvObjLockWaitForever              
2000e30f  sl_Provisioning_HttpServerEventHdl    
2000e31d  sl_Provisioning_NetAppEventHdl        
2000e329  sl_Provisioning_WlanEventHdl          
2000e335  DmaSpiSwIntHandler                    
2000e359  IntUnregister                         
2000e37d  UARTEnable                            
2000e3a1  _c_int00_noargs                       
2000e3c5  GPIOIntStatus                         
2000e3e7  SPIReset                              
2000e409  SPIWordCountSet                       
2000e42b  GPIOPinWrite                          
2000e44d  IntRegister                           
2000e46d  NwpPrePowerOffTimout0                 
2000e48d  SPIDataGet                            
2000e4ad  TimerGetCurrentTimestamp              
2000e4cd  _SlDrvObjUnLock                       
2000e4ed  _SlDrvSyncObjSignal                   
2000e50d  GPIOIntRegister                       
2000e52b  SPIDataPut                            
2000e549  TimerDisable                          
2000e567  TimerEnable                           
2000e585  TimerIntStatus                        
2000e5a3  UARTCharPut                           
2000e5e1  SysTickIntRegister                    
2000e5fd  TimerValueGet                         
2000e619  UARTCharGetNonBlocking                
2000e635  _SlDrvStartMeasureTimeout             
2000e651  __TI_zero_init_nomemset               
2000e689  memccpy                               
2000e6a5  uDMAChannelEnable                     
2000e6c1  GPIOIntEnable                         
2000e6db  PinTypeSPI                            
2000e6f5  PinTypeUART                           
2000e70f  SPIDmaDisable                         
2000e729  SPIDmaEnable                          
2000e743  SPIFIFODisable                        
2000e75d  SPIFIFOEnable                         
2000e777  SPIIntUnregister                      
2000e791  GPIOPinRead                           
2000e7a9  SPICSDisable                          
2000e7c1  SPICSEnable                           
2000e7d9  SPIDisable                            
2000e7f1  SPIEnable                             
2000e809  SysTickPeriodSet                      
2000e821  TimerIntDisable                       
2000e839  TimerIntEnable                        
2000e851  UARTCharsAvail                        
2000e869  _SlNonOsSemSet                        
2000e8c9  PRCMHIBRegRead                        
2000e8df  PRCMHIBRegWrite                       
2000e8f5  _SlDrvMemZero                         
2000e90b  strchr                                
2000e921  CPUcpsie                              
2000e935  GPIOIntClear                          
2000e949  IntVTableBaseSet                      
2000e95d  strcpy                                
2000e971  strlen                                
2000e985  TimerIntClear                         
2000e997  wcslen                                
2000e9a9  SysTickEnable                         
2000e9b9  _SlDrvDispatchHttpServerEvents        
2000e9c9  _SlDrvResetCmdExt                     
2000e9d7  __TI_decompress_none                  
2000e9e5  ResetISR                              
2000e9f5  NwpMaskInterrupt                      
2000ea01  NwpUnMaskInterrupt                    
2000ea0d  SysTickValueGet                       
2000ea19  copysign                              
2000ea19  copysignl                             
2000ea25  IntMasterEnable                       
2000ea39  __aeabi_errno_addr                    
2000ea41  malloc                                
2000ea49  UtilsDelay                            
2000ea4f  _system_pre_init                      
2000ea53  C$$EXIT                               
2000ea53  abort                                 
2000ef53  _ctypes_                              
2000f2d0  OpcodeTranslateTable                  
2000f30c  _SlActionLookupTable                  
2000f4d4  _SlNetAppSendTokenValueCmdCtrl        
2000f518  __TI_static_base__                    
2000f5b0  __TI_Handler_Table_Base               
2000f5bc  __TI_Handler_Table_Limit              
2000f5c8  __TI_CINIT_Base                       
2000f5d8  __TI_CINIT_Limit                      
20017000  __start___llvm_prf_cnts               
20017000  __stop___llvm_prf_cnts                
20017000  _sys_memory                           
2001f168  g_ucDinDout                           
2001f1b8  g_time                                
2001f1e4  g_ucConnectionSSID                    
2001f208  g_app_config                          
2001f210  g_ucConnectionBSSID                   
2001f21c  g_Host                                
2001f220  g_port                                
2001f224  RxIrqCnt                              
2001f225  g_bDeviceRestartIsRequired            
2001f226  g_cDummy                              
2001f227  g_ucLED1Pin                           
2001f228  g_ucLED2Pin                           
2001f229  g_ucLED3Pin                           
2001f22c  mock_flights                          
2001f2ac  ticks                                 
2001f2b0  delta                                 
2001f2b4  message_buffer                        
2001f2b8  data                                  
2001f2bc  bit_count                             
2001f2c0  message_ready                         
2001f2c4  tickCount                             
2001f2c8  last_displayed_index                  
2001f2cc  new_flight_data                       
2001f2d0  plane_x                               
2001f2d4  plane_old_x                           
2001f2d8  plane_y                               
2001f2dc  cloud1_x                              
2001f2e0  cloud1_old_x                          
2001f2e4  cloud1_y                              
2001f2e8  cloud2_x                              
2001f2ec  cloud2_old_x                          
2001f2f0  cloud2_y                              
2001f2f4  g__SlNonOsCB                          
2001f330  cursor_x                              
2001f334  cursor_y                              
2001f338  textsize                              
2001f33c  textcolor                             
2001f340  textbgcolor                           
2001f344  wrap                                  
2001f35c  current_altitude                      
2001f36c  current_callsign                      
2001f37c  g_SlDeviceStatus                      
2001f380  g_pCB                                 
2001f384  pPingCallBackFunc                     
2001f38c  g_uiLED1Port                          
2001f390  g_uiLED2Port                          
2001f394  g_uiLED3Port                          
2001f398  g_ulStatus                            
2001f39c  g_ulPingPacketsRecv                   
2001f3a0  g_ulGatewayIP                         
2001f3a4  g_SpiFd                               
2001f3a8  g_pHostIntHdl                         
2001f3ac  g_ucDMAEnabled                        
2001f3b0  _lock                                 
2001f3b4  _unlock                               
2001f3c0  errno                                 
2002f000  __stack                               
20030000  __STACK_END                           
ffffffff  __TI_pprof_out_hndl                   
ffffffff  __TI_prof_data_size                   
ffffffff  __TI_prof_data_start                  
ffffffff  __binit__                             
ffffffff  __c_args__                            
ffffffff  binit                                 
UNDEFED   __mpu_init                            
UNDEFED   _system_post_cinit                    

[373 symbols]
