<?xml version="1.0" encoding="ISO-8859-1" ?>
<link_info>
   <banner>TI ARM Linker PC v20.2.7.LTS</banner>
   <copyright>Copyright (c) 1996-2018 Texas Instruments Incorporated</copyright>
   <link_time>0x69b312f7</link_time>
   <link_errors>0x0</link_errors>
   <output_file>EEC 172 Final Project.out</output_file>
   <entry_point>
      <name>_c_int00_noargs</name>
      <address>0x20011011</address>
   </entry_point>
   <input_file_list>
      <input_file id="fl-2">
         <path>.\</path>
         <kind>object</kind>
         <file>Adafruit_GFX.obj</file>
         <name>Adafruit_GFX.obj</name>
      </input_file>
      <input_file id="fl-3">
         <path>.\</path>
         <kind>object</kind>
         <file>Adafruit_OLED.obj</file>
         <name>Adafruit_OLED.obj</name>
      </input_file>
      <input_file id="fl-4">
         <path>.\</path>
         <kind>object</kind>
         <file>gpio_if.obj</file>
         <name>gpio_if.obj</name>
      </input_file>
      <input_file id="fl-5">
         <path>.\</path>
         <kind>object</kind>
         <file>i2c_if.obj</file>
         <name>i2c_if.obj</name>
      </input_file>
      <input_file id="fl-6">
         <path>.\</path>
         <kind>object</kind>
         <file>main.obj</file>
         <name>main.obj</name>
      </input_file>
      <input_file id="fl-7">
         <path>.\</path>
         <kind>object</kind>
         <file>network_common.obj</file>
         <name>network_common.obj</name>
      </input_file>
      <input_file id="fl-8">
         <path>.\</path>
         <kind>object</kind>
         <file>pinmux.obj</file>
         <name>pinmux.obj</name>
      </input_file>
      <input_file id="fl-9">
         <path>.\</path>
         <kind>object</kind>
         <file>startup_ccs.obj</file>
         <name>startup_ccs.obj</name>
      </input_file>
      <input_file id="fl-a">
         <path>.\</path>
         <kind>object</kind>
         <file>timer_if.obj</file>
         <name>timer_if.obj</name>
      </input_file>
      <input_file id="fl-b">
         <path>.\</path>
         <kind>object</kind>
         <file>uart_if.obj</file>
         <name>uart_if.obj</name>
      </input_file>
      <input_file id="fl-c">
         <path>.\utils\</path>
         <kind>object</kind>
         <file>network_utils.obj</file>
         <name>network_utils.obj</name>
      </input_file>
      <input_file id="fl-12">
         <kind>object</kind>
         <file>&lt;internal&gt;</file>
         <name>&lt;internal&gt;</name>
      </input_file>
      <input_file id="fl-c8">
         <path>C:\ti\ccs1250\ccs\tools\compiler\ti-cgt-arm_20.2.7.LTS\lib\</path>
         <kind>archive</kind>
         <file>rtsv7M4_T_le_eabi.lib</file>
         <name>s_cos.c.obj</name>
      </input_file>
      <input_file id="fl-c9">
         <path>C:\ti\ccs1250\ccs\tools\compiler\ti-cgt-arm_20.2.7.LTS\lib\</path>
         <kind>archive</kind>
         <file>rtsv7M4_T_le_eabi.lib</file>
         <name>s_sin.c.obj</name>
      </input_file>
      <input_file id="fl-ca">
         <path>C:\ti\ccs1250\ccs\tools\compiler\ti-cgt-arm_20.2.7.LTS\lib\</path>
         <kind>archive</kind>
         <file>rtsv7M4_T_le_eabi.lib</file>
         <name>sprintf.c.obj</name>
      </input_file>
      <input_file id="fl-cb">
         <path>C:\ti\ccs1250\ccs\tools\compiler\ti-cgt-arm_20.2.7.LTS\lib\</path>
         <kind>archive</kind>
         <file>rtsv7M4_T_le_eabi.lib</file>
         <name>vsnprintf.c.obj</name>
      </input_file>
      <input_file id="fl-cc">
         <path>C:\ti\ccs1250\ccs\tools\compiler\ti-cgt-arm_20.2.7.LTS\lib\</path>
         <kind>archive</kind>
         <file>rtsv7M4_T_le_eabi.lib</file>
         <name>fd_add_t2.asm.obj</name>
      </input_file>
      <input_file id="fl-cd">
         <path>C:\ti\ccs1250\ccs\tools\compiler\ti-cgt-arm_20.2.7.LTS\lib\</path>
         <kind>archive</kind>
         <file>rtsv7M4_T_le_eabi.lib</file>
         <name>fd_cmp_t2.asm.obj</name>
      </input_file>
      <input_file id="fl-ce">
         <path>C:\ti\ccs1250\ccs\tools\compiler\ti-cgt-arm_20.2.7.LTS\lib\</path>
         <kind>archive</kind>
         <file>rtsv7M4_T_le_eabi.lib</file>
         <name>fd_div_t2.asm.obj</name>
      </input_file>
      <input_file id="fl-cf">
         <path>C:\ti\ccs1250\ccs\tools\compiler\ti-cgt-arm_20.2.7.LTS\lib\</path>
         <kind>archive</kind>
         <file>rtsv7M4_T_le_eabi.lib</file>
         <name>fd_mul_t2.asm.obj</name>
      </input_file>
      <input_file id="fl-d0">
         <path>C:\ti\ccs1250\ccs\tools\compiler\ti-cgt-arm_20.2.7.LTS\lib\</path>
         <kind>archive</kind>
         <file>rtsv7M4_T_le_eabi.lib</file>
         <name>fd_toi_t2.asm.obj</name>
      </input_file>
      <input_file id="fl-d1">
         <path>C:\ti\ccs1250\ccs\tools\compiler\ti-cgt-arm_20.2.7.LTS\lib\</path>
         <kind>archive</kind>
         <file>rtsv7M4_T_le_eabi.lib</file>
         <name>fd_tos_t2.asm.obj</name>
      </input_file>
      <input_file id="fl-d2">
         <path>C:\ti\ccs1250\ccs\tools\compiler\ti-cgt-arm_20.2.7.LTS\lib\</path>
         <kind>archive</kind>
         <file>rtsv7M4_T_le_eabi.lib</file>
         <name>fs_add_t2.asm.obj</name>
      </input_file>
      <input_file id="fl-d3">
         <path>C:\ti\ccs1250\ccs\tools\compiler\ti-cgt-arm_20.2.7.LTS\lib\</path>
         <kind>archive</kind>
         <file>rtsv7M4_T_le_eabi.lib</file>
         <name>fs_cmp_t2.asm.obj</name>
      </input_file>
      <input_file id="fl-d4">
         <path>C:\ti\ccs1250\ccs\tools\compiler\ti-cgt-arm_20.2.7.LTS\lib\</path>
         <kind>archive</kind>
         <file>rtsv7M4_T_le_eabi.lib</file>
         <name>fs_tod_t2.asm.obj</name>
      </input_file>
      <input_file id="fl-d5">
         <path>C:\ti\ccs1250\ccs\tools\compiler\ti-cgt-arm_20.2.7.LTS\lib\</path>
         <kind>archive</kind>
         <file>rtsv7M4_T_le_eabi.lib</file>
         <name>fs_toi_t2.asm.obj</name>
      </input_file>
      <input_file id="fl-d6">
         <path>C:\ti\ccs1250\ccs\tools\compiler\ti-cgt-arm_20.2.7.LTS\lib\</path>
         <kind>archive</kind>
         <file>rtsv7M4_T_le_eabi.lib</file>
         <name>i_tofd_t2.asm.obj</name>
      </input_file>
      <input_file id="fl-d7">
         <path>C:\ti\ccs1250\ccs\tools\compiler\ti-cgt-arm_20.2.7.LTS\lib\</path>
         <kind>archive</kind>
         <file>rtsv7M4_T_le_eabi.lib</file>
         <name>i_tofs_t2.asm.obj</name>
      </input_file>
      <input_file id="fl-d8">
         <path>C:\ti\ccs1250\ccs\tools\compiler\ti-cgt-arm_20.2.7.LTS\lib\</path>
         <kind>archive</kind>
         <file>rtsv7M4_T_le_eabi.lib</file>
         <name>memcpy_t2.asm.obj</name>
      </input_file>
      <input_file id="fl-d9">
         <path>C:\ti\ccs1250\ccs\tools\compiler\ti-cgt-arm_20.2.7.LTS\lib\</path>
         <kind>archive</kind>
         <file>rtsv7M4_T_le_eabi.lib</file>
         <name>memset_t2.asm.obj</name>
      </input_file>
      <input_file id="fl-da">
         <path>C:\ti\ccs1250\ccs\tools\compiler\ti-cgt-arm_20.2.7.LTS\lib\</path>
         <kind>archive</kind>
         <file>rtsv7M4_T_le_eabi.lib</file>
         <name>copy_zero_init.c.obj</name>
      </input_file>
      <input_file id="fl-db">
         <path>C:\ti\ccs1250\ccs\tools\compiler\ti-cgt-arm_20.2.7.LTS\lib\</path>
         <kind>archive</kind>
         <file>rtsv7M4_T_le_eabi.lib</file>
         <name>copy_decompress_none.c.obj</name>
      </input_file>
      <input_file id="fl-dc">
         <path>C:\ti\ccs1250\ccs\tools\compiler\ti-cgt-arm_20.2.7.LTS\lib\</path>
         <kind>archive</kind>
         <file>rtsv7M4_T_le_eabi.lib</file>
         <name>copy_decompress_lzss.c.obj</name>
      </input_file>
      <input_file id="fl-dd">
         <path>C:\ti\ccs1250\ccs\tools\compiler\ti-cgt-arm_20.2.7.LTS\lib\</path>
         <kind>archive</kind>
         <file>rtsv7M4_T_le_eabi.lib</file>
         <name>atof.c.obj</name>
      </input_file>
      <input_file id="fl-de">
         <path>C:\ti\ccs1250\ccs\tools\compiler\ti-cgt-arm_20.2.7.LTS\lib\</path>
         <kind>archive</kind>
         <file>rtsv7M4_T_le_eabi.lib</file>
         <name>memmov.c.obj</name>
      </input_file>
      <input_file id="fl-df">
         <path>C:\ti\ccs1250\ccs\tools\compiler\ti-cgt-arm_20.2.7.LTS\lib\</path>
         <kind>archive</kind>
         <file>rtsv7M4_T_le_eabi.lib</file>
         <name>memory.c.obj</name>
      </input_file>
      <input_file id="fl-e0">
         <path>C:\ti\ccs1250\ccs\tools\compiler\ti-cgt-arm_20.2.7.LTS\lib\</path>
         <kind>archive</kind>
         <file>rtsv7M4_T_le_eabi.lib</file>
         <name>strcmp.c.obj</name>
      </input_file>
      <input_file id="fl-e1">
         <path>C:\ti\ccs1250\ccs\tools\compiler\ti-cgt-arm_20.2.7.LTS\lib\</path>
         <kind>archive</kind>
         <file>rtsv7M4_T_le_eabi.lib</file>
         <name>strcpy.c.obj</name>
      </input_file>
      <input_file id="fl-e2">
         <path>C:\ti\ccs1250\ccs\tools\compiler\ti-cgt-arm_20.2.7.LTS\lib\</path>
         <kind>archive</kind>
         <file>rtsv7M4_T_le_eabi.lib</file>
         <name>strlen.c.obj</name>
      </input_file>
      <input_file id="fl-e3">
         <path>C:\ti\ccs1250\ccs\tools\compiler\ti-cgt-arm_20.2.7.LTS\lib\</path>
         <kind>archive</kind>
         <file>rtsv7M4_T_le_eabi.lib</file>
         <name>strtod.c.obj</name>
      </input_file>
      <input_file id="fl-e4">
         <path>C:\ti\ccs1250\ccs\tools\compiler\ti-cgt-arm_20.2.7.LTS\lib\</path>
         <kind>archive</kind>
         <file>rtsv7M4_T_le_eabi.lib</file>
         <name>k_rem_pio2.c.obj</name>
      </input_file>
      <input_file id="fl-e5">
         <path>C:\ti\ccs1250\ccs\tools\compiler\ti-cgt-arm_20.2.7.LTS\lib\</path>
         <kind>archive</kind>
         <file>rtsv7M4_T_le_eabi.lib</file>
         <name>boot_cortex_m.c.obj</name>
      </input_file>
      <input_file id="fl-e6">
         <path>C:\ti\ccs1250\ccs\tools\compiler\ti-cgt-arm_20.2.7.LTS\lib\</path>
         <kind>archive</kind>
         <file>rtsv7M4_T_le_eabi.lib</file>
         <name>errno.c.obj</name>
      </input_file>
      <input_file id="fl-e7">
         <path>C:\ti\ccs1250\ccs\tools\compiler\ti-cgt-arm_20.2.7.LTS\lib\</path>
         <kind>archive</kind>
         <file>rtsv7M4_T_le_eabi.lib</file>
         <name>k_cos.c.obj</name>
      </input_file>
      <input_file id="fl-e8">
         <path>C:\ti\ccs1250\ccs\tools\compiler\ti-cgt-arm_20.2.7.LTS\lib\</path>
         <kind>archive</kind>
         <file>rtsv7M4_T_le_eabi.lib</file>
         <name>k_sin.c.obj</name>
      </input_file>
      <input_file id="fl-e9">
         <path>C:\ti\ccs1250\ccs\tools\compiler\ti-cgt-arm_20.2.7.LTS\lib\</path>
         <kind>archive</kind>
         <file>rtsv7M4_T_le_eabi.lib</file>
         <name>s_floor.c.obj</name>
      </input_file>
      <input_file id="fl-ea">
         <path>C:\ti\ccs1250\ccs\tools\compiler\ti-cgt-arm_20.2.7.LTS\lib\</path>
         <kind>archive</kind>
         <file>rtsv7M4_T_le_eabi.lib</file>
         <name>s_scalbn.c.obj</name>
      </input_file>
      <input_file id="fl-eb">
         <path>C:\ti\ccs1250\ccs\tools\compiler\ti-cgt-arm_20.2.7.LTS\lib\</path>
         <kind>archive</kind>
         <file>rtsv7M4_T_le_eabi.lib</file>
         <name>_printfi.c.obj</name>
      </input_file>
      <input_file id="fl-ec">
         <path>C:\ti\ccs1250\ccs\tools\compiler\ti-cgt-arm_20.2.7.LTS\lib\</path>
         <kind>archive</kind>
         <file>rtsv7M4_T_le_eabi.lib</file>
         <name>ull_div_t2.asm.obj</name>
      </input_file>
      <input_file id="fl-ed">
         <path>C:\ti\ccs1250\ccs\tools\compiler\ti-cgt-arm_20.2.7.LTS\lib\</path>
         <kind>archive</kind>
         <file>rtsv7M4_T_le_eabi.lib</file>
         <name>autoinit.c.obj</name>
      </input_file>
      <input_file id="fl-ee">
         <path>C:\ti\ccs1250\ccs\tools\compiler\ti-cgt-arm_20.2.7.LTS\lib\</path>
         <kind>archive</kind>
         <file>rtsv7M4_T_le_eabi.lib</file>
         <name>pre_init.c.obj</name>
      </input_file>
      <input_file id="fl-ef">
         <path>C:\ti\ccs1250\ccs\tools\compiler\ti-cgt-arm_20.2.7.LTS\lib\</path>
         <kind>archive</kind>
         <file>rtsv7M4_T_le_eabi.lib</file>
         <name>cpy_tbl.c.obj</name>
      </input_file>
      <input_file id="fl-f0">
         <path>C:\ti\ccs1250\ccs\tools\compiler\ti-cgt-arm_20.2.7.LTS\lib\</path>
         <kind>archive</kind>
         <file>rtsv7M4_T_le_eabi.lib</file>
         <name>exit.c.obj</name>
      </input_file>
      <input_file id="fl-f1">
         <path>C:\ti\ccs1250\ccs\tools\compiler\ti-cgt-arm_20.2.7.LTS\lib\</path>
         <kind>archive</kind>
         <file>rtsv7M4_T_le_eabi.lib</file>
         <name>_lock.c.obj</name>
      </input_file>
      <input_file id="fl-f2">
         <path>C:\ti\ccs1250\ccs\tools\compiler\ti-cgt-arm_20.2.7.LTS\lib\</path>
         <kind>archive</kind>
         <file>rtsv7M4_T_le_eabi.lib</file>
         <name>_ltoa.c.obj</name>
      </input_file>
      <input_file id="fl-f3">
         <path>C:\ti\ccs1250\ccs\tools\compiler\ti-cgt-arm_20.2.7.LTS\lib\</path>
         <kind>archive</kind>
         <file>rtsv7M4_T_le_eabi.lib</file>
         <name>args_main.c.obj</name>
      </input_file>
      <input_file id="fl-f4">
         <path>C:\ti\ccs1250\ccs\tools\compiler\ti-cgt-arm_20.2.7.LTS\lib\</path>
         <kind>archive</kind>
         <file>rtsv7M4_T_le_eabi.lib</file>
         <name>atoi.c.obj</name>
      </input_file>
      <input_file id="fl-f5">
         <path>C:\ti\ccs1250\ccs\tools\compiler\ti-cgt-arm_20.2.7.LTS\lib\</path>
         <kind>archive</kind>
         <file>rtsv7M4_T_le_eabi.lib</file>
         <name>ctype.c.obj</name>
      </input_file>
      <input_file id="fl-f6">
         <path>C:\ti\ccs1250\ccs\tools\compiler\ti-cgt-arm_20.2.7.LTS\lib\</path>
         <kind>archive</kind>
         <file>rtsv7M4_T_le_eabi.lib</file>
         <name>memccpy.c.obj</name>
      </input_file>
      <input_file id="fl-f7">
         <path>C:\ti\ccs1250\ccs\tools\compiler\ti-cgt-arm_20.2.7.LTS\lib\</path>
         <kind>archive</kind>
         <file>rtsv7M4_T_le_eabi.lib</file>
         <name>strchr.c.obj</name>
      </input_file>
      <input_file id="fl-f8">
         <path>C:\ti\ccs1250\ccs\tools\compiler\ti-cgt-arm_20.2.7.LTS\lib\</path>
         <kind>archive</kind>
         <file>rtsv7M4_T_le_eabi.lib</file>
         <name>wcslen.c.obj</name>
      </input_file>
      <input_file id="fl-f9">
         <path>C:\ti\ccs1250\ccs\tools\compiler\ti-cgt-arm_20.2.7.LTS\lib\</path>
         <kind>archive</kind>
         <file>rtsv7M4_T_le_eabi.lib</file>
         <name>s_copysign.c.obj</name>
      </input_file>
      <input_file id="fl-fa">
         <path>C:\ti\ccs1250\ccs\tools\compiler\ti-cgt-arm_20.2.7.LTS\lib\</path>
         <kind>archive</kind>
         <file>rtsv7M4_T_le_eabi.lib</file>
         <name>s_frexp.c.obj</name>
      </input_file>
      <input_file id="fl-fb">
         <path>C:\ti\ccs1250\ccs\tools\compiler\ti-cgt-arm_20.2.7.LTS\lib\</path>
         <kind>archive</kind>
         <file>rtsv7M4_T_le_eabi.lib</file>
         <name>div0.asm.obj</name>
      </input_file>
      <input_file id="fl-fc">
         <path>C:\ti\CC3200SDK_1.5.0\cc3200-sdk\driverlib\ccs\Release\</path>
         <kind>archive</kind>
         <file>driverlib.a</file>
         <name>gpio.obj</name>
      </input_file>
      <input_file id="fl-fd">
         <path>C:\ti\CC3200SDK_1.5.0\cc3200-sdk\driverlib\ccs\Release\</path>
         <kind>archive</kind>
         <file>driverlib.a</file>
         <name>i2c.obj</name>
      </input_file>
      <input_file id="fl-fe">
         <path>C:\ti\CC3200SDK_1.5.0\cc3200-sdk\driverlib\ccs\Release\</path>
         <kind>archive</kind>
         <file>driverlib.a</file>
         <name>interrupt.obj</name>
      </input_file>
      <input_file id="fl-ff">
         <path>C:\ti\CC3200SDK_1.5.0\cc3200-sdk\driverlib\ccs\Release\</path>
         <kind>archive</kind>
         <file>driverlib.a</file>
         <name>pin.obj</name>
      </input_file>
      <input_file id="fl-100">
         <path>C:\ti\CC3200SDK_1.5.0\cc3200-sdk\driverlib\ccs\Release\</path>
         <kind>archive</kind>
         <file>driverlib.a</file>
         <name>prcm.obj</name>
      </input_file>
      <input_file id="fl-101">
         <path>C:\ti\CC3200SDK_1.5.0\cc3200-sdk\driverlib\ccs\Release\</path>
         <kind>archive</kind>
         <file>driverlib.a</file>
         <name>spi.obj</name>
      </input_file>
      <input_file id="fl-102">
         <path>C:\ti\CC3200SDK_1.5.0\cc3200-sdk\driverlib\ccs\Release\</path>
         <kind>archive</kind>
         <file>driverlib.a</file>
         <name>systick.obj</name>
      </input_file>
      <input_file id="fl-103">
         <path>C:\ti\CC3200SDK_1.5.0\cc3200-sdk\driverlib\ccs\Release\</path>
         <kind>archive</kind>
         <file>driverlib.a</file>
         <name>timer.obj</name>
      </input_file>
      <input_file id="fl-104">
         <path>C:\ti\CC3200SDK_1.5.0\cc3200-sdk\driverlib\ccs\Release\</path>
         <kind>archive</kind>
         <file>driverlib.a</file>
         <name>uart.obj</name>
      </input_file>
      <input_file id="fl-105">
         <path>C:\ti\CC3200SDK_1.5.0\cc3200-sdk\driverlib\ccs\Release\</path>
         <kind>archive</kind>
         <file>driverlib.a</file>
         <name>utils.obj</name>
      </input_file>
      <input_file id="fl-106">
         <path>C:\ti\CC3200SDK_1.5.0\cc3200-sdk\driverlib\ccs\Release\</path>
         <kind>archive</kind>
         <file>driverlib.a</file>
         <name>cpu.obj</name>
      </input_file>
      <input_file id="fl-107">
         <path>C:\ti\CC3200SDK_1.5.0\cc3200-sdk\driverlib\ccs\Release\</path>
         <kind>archive</kind>
         <file>driverlib.a</file>
         <name>flash.obj</name>
      </input_file>
      <input_file id="fl-108">
         <path>C:\ti\CC3200SDK_1.5.0\cc3200-sdk\simplelink\ccs\NON_OS\</path>
         <kind>archive</kind>
         <file>simplelink.a</file>
         <name>device.obj</name>
      </input_file>
      <input_file id="fl-109">
         <path>C:\ti\CC3200SDK_1.5.0\cc3200-sdk\simplelink\ccs\NON_OS\</path>
         <kind>archive</kind>
         <file>simplelink.a</file>
         <name>driver.obj</name>
      </input_file>
      <input_file id="fl-10a">
         <path>C:\ti\CC3200SDK_1.5.0\cc3200-sdk\simplelink\ccs\NON_OS\</path>
         <kind>archive</kind>
         <file>simplelink.a</file>
         <name>netapp.obj</name>
      </input_file>
      <input_file id="fl-10b">
         <path>C:\ti\CC3200SDK_1.5.0\cc3200-sdk\simplelink\ccs\NON_OS\</path>
         <kind>archive</kind>
         <file>simplelink.a</file>
         <name>netcfg.obj</name>
      </input_file>
      <input_file id="fl-10c">
         <path>C:\ti\CC3200SDK_1.5.0\cc3200-sdk\simplelink\ccs\NON_OS\</path>
         <kind>archive</kind>
         <file>simplelink.a</file>
         <name>nonos.obj</name>
      </input_file>
      <input_file id="fl-10d">
         <path>C:\ti\CC3200SDK_1.5.0\cc3200-sdk\simplelink\ccs\NON_OS\</path>
         <kind>archive</kind>
         <file>simplelink.a</file>
         <name>socket.obj</name>
      </input_file>
      <input_file id="fl-10e">
         <path>C:\ti\CC3200SDK_1.5.0\cc3200-sdk\simplelink\ccs\NON_OS\</path>
         <kind>archive</kind>
         <file>simplelink.a</file>
         <name>wlan.obj</name>
      </input_file>
      <input_file id="fl-10f">
         <path>C:\ti\CC3200SDK_1.5.0\cc3200-sdk\simplelink\ccs\NON_OS\</path>
         <kind>archive</kind>
         <file>simplelink.a</file>
         <name>cc_pal.obj</name>
      </input_file>
      <input_file id="fl-110">
         <path>C:\ti\CC3200SDK_1.5.0\cc3200-sdk\driverlib\ccs\Release\</path>
         <kind>archive</kind>
         <file>driverlib.a</file>
         <name>udma.obj</name>
      </input_file>
   </input_file_list>
   <object_component_list>
      <object_component id="oc-12">
         <name>.intvecs</name>
         <load_address>0x20004000</load_address>
         <run_address>0x20004000</run_address>
         <size>0x400</size>
         <input_file_ref idref="fl-9"/>
      </object_component>
      <object_component id="oc-97">
         <name>.text</name>
         <load_address>0x20004400</load_address>
         <run_address>0x20004400</run_address>
         <size>0x17d0</size>
         <input_file_ref idref="fl-6"/>
      </object_component>
      <object_component id="oc-161">
         <name>.text</name>
         <load_address>0x20005bd0</load_address>
         <run_address>0x20005bd0</run_address>
         <size>0xee4</size>
         <input_file_ref idref="fl-c"/>
      </object_component>
      <object_component id="oc-119">
         <name>.text</name>
         <load_address>0x20006ab4</load_address>
         <run_address>0x20006ab4</run_address>
         <size>0xa80</size>
         <input_file_ref idref="fl-2"/>
      </object_component>
      <object_component id="oc-34d">
         <name>.text:__TI_printfi</name>
         <load_address>0x20007534</load_address>
         <run_address>0x20007534</run_address>
         <size>0xa4e</size>
         <input_file_ref idref="fl-eb"/>
      </object_component>
      <object_component id="oc-92e">
         <name>.text:IntDefaultHandler</name>
         <load_address>0x20007f82</load_address>
         <run_address>0x20007f82</run_address>
         <size>0x2</size>
         <input_file_ref idref="fl-fe"/>
      </object_component>
      <object_component id="oc-2de">
         <name>.text:__kernel_rem_pio2</name>
         <load_address>0x20007f84</load_address>
         <run_address>0x20007f84</run_address>
         <size>0x730</size>
         <input_file_ref idref="fl-e4"/>
      </object_component>
      <object_component id="oc-103">
         <name>.text:cos</name>
         <load_address>0x200086b4</load_address>
         <run_address>0x200086b4</run_address>
         <size>0x5c0</size>
         <input_file_ref idref="fl-c8"/>
      </object_component>
      <object_component id="oc-f8">
         <name>.text:sin</name>
         <load_address>0x20008c74</load_address>
         <run_address>0x20008c74</run_address>
         <size>0x5c0</size>
         <input_file_ref idref="fl-c9"/>
      </object_component>
      <object_component id="oc-7ce">
         <name>.text:_SlDrvMsgRead</name>
         <load_address>0x20009234</load_address>
         <run_address>0x20009234</run_address>
         <size>0x590</size>
         <input_file_ref idref="fl-109"/>
      </object_component>
      <object_component id="oc-109">
         <name>.text</name>
         <load_address>0x200097c4</load_address>
         <run_address>0x200097c4</run_address>
         <size>0x4a2</size>
         <input_file_ref idref="fl-3"/>
      </object_component>
      <object_component id="oc-79a">
         <name>.text:_nop</name>
         <load_address>0x20009c66</load_address>
         <run_address>0x20009c66</run_address>
         <size>0x2</size>
         <input_file_ref idref="fl-f1"/>
      </object_component>
      <object_component id="oc-365">
         <name>.text:strtod</name>
         <load_address>0x20009c68</load_address>
         <run_address>0x20009c68</run_address>
         <size>0x454</size>
         <input_file_ref idref="fl-e3"/>
      </object_component>
      <object_component id="oc-3d6">
         <name>.text</name>
         <load_address>0x2000a0bc</load_address>
         <run_address>0x2000a0bc</run_address>
         <size>0x398</size>
         <input_file_ref idref="fl-4"/>
      </object_component>
      <object_component id="oc-16d">
         <name>.text</name>
         <load_address>0x2000a454</load_address>
         <run_address>0x2000a454</run_address>
         <size>0x2a0</size>
         <input_file_ref idref="fl-5"/>
      </object_component>
      <object_component id="oc-3d0">
         <name>.text:sl_WlanConnect</name>
         <load_address>0x2000a6f4</load_address>
         <run_address>0x2000a6f4</run_address>
         <size>0x280</size>
         <input_file_ref idref="fl-10e"/>
      </object_component>
      <object_component id="oc-e3">
         <name>.text</name>
         <load_address>0x2000a974</load_address>
         <run_address>0x2000a974</run_address>
         <size>0x27c</size>
         <input_file_ref idref="fl-b"/>
      </object_component>
      <object_component id="oc-613">
         <name>.text:_pconv_a</name>
         <load_address>0x2000abf0</load_address>
         <run_address>0x2000abf0</run_address>
         <size>0x268</size>
         <input_file_ref idref="fl-eb"/>
      </object_component>
      <object_component id="oc-96e">
         <name>.text:_SlDrvRxHdrRead</name>
         <load_address>0x2000ae58</load_address>
         <run_address>0x2000ae58</run_address>
         <size>0x248</size>
         <input_file_ref idref="fl-109"/>
      </object_component>
      <object_component id="oc-4f1">
         <name>.text:_SlDrvDataReadOp</name>
         <load_address>0x2000b0a0</load_address>
         <run_address>0x2000b0a0</run_address>
         <size>0x1e4</size>
         <input_file_ref idref="fl-109"/>
      </object_component>
      <object_component id="oc-674">
         <name>.text:_SlDrvReleasePoolObj</name>
         <load_address>0x2000b284</load_address>
         <run_address>0x2000b284</run_address>
         <size>0x1d0</size>
         <input_file_ref idref="fl-109"/>
      </object_component>
      <object_component id="oc-601">
         <name>.text:_pconv_g</name>
         <load_address>0x2000b454</load_address>
         <run_address>0x2000b454</run_address>
         <size>0x1cc</size>
         <input_file_ref idref="fl-eb"/>
      </object_component>
      <object_component id="oc-13f">
         <name>.text</name>
         <load_address>0x2000b620</load_address>
         <run_address>0x2000b620</run_address>
         <size>0x1b6</size>
         <input_file_ref idref="fl-cc"/>
      </object_component>
      <object_component id="oc-997">
         <name>.text</name>
         <load_address>0x2000b7d6</load_address>
         <run_address>0x2000b7d6</run_address>
         <size>0x2</size>
         <input_file_ref idref="fl-fb"/>
      </object_component>
      <object_component id="oc-64a">
         <name>.text:_SlDrvDriverCBInit</name>
         <load_address>0x2000b7d8</load_address>
         <run_address>0x2000b7d8</run_address>
         <size>0x1b4</size>
         <input_file_ref idref="fl-109"/>
      </object_component>
      <object_component id="oc-547">
         <name>.text:_SlDrvMsgWrite</name>
         <load_address>0x2000b98c</load_address>
         <run_address>0x2000b98c</run_address>
         <size>0x19c</size>
         <input_file_ref idref="fl-109"/>
      </object_component>
      <object_component id="oc-1bc">
         <name>.text</name>
         <load_address>0x2000bb28</load_address>
         <run_address>0x2000bb28</run_address>
         <size>0x198</size>
         <input_file_ref idref="fl-a"/>
      </object_component>
      <object_component id="oc-6f3">
         <name>.text:_SlDrvWaitForPoolObj</name>
         <load_address>0x2000bcc0</load_address>
         <run_address>0x2000bcc0</run_address>
         <size>0x190</size>
         <input_file_ref idref="fl-109"/>
      </object_component>
      <object_component id="oc-3ff">
         <name>.text:sl_Connect</name>
         <load_address>0x2000be50</load_address>
         <run_address>0x2000be50</run_address>
         <size>0x18c</size>
         <input_file_ref idref="fl-10d"/>
      </object_component>
      <object_component id="oc-d7">
         <name>.text:PRCMCC3200MCUInit</name>
         <load_address>0x2000bfdc</load_address>
         <run_address>0x2000bfdc</run_address>
         <size>0x178</size>
         <input_file_ref idref="fl-100"/>
      </object_component>
      <object_component id="oc-980">
         <name>.text:_SlFindAndSetActiveObj</name>
         <load_address>0x2000c154</load_address>
         <run_address>0x2000c154</run_address>
         <size>0x170</size>
         <input_file_ref idref="fl-109"/>
      </object_component>
      <object_component id="oc-2d3">
         <name>.text:__kernel_sin</name>
         <load_address>0x2000c2c4</load_address>
         <run_address>0x2000c2c4</run_address>
         <size>0x168</size>
         <input_file_ref idref="fl-e8"/>
      </object_component>
      <object_component id="oc-2e4">
         <name>.text:__kernel_cos</name>
         <load_address>0x2000c42c</load_address>
         <run_address>0x2000c42c</run_address>
         <size>0x160</size>
         <input_file_ref idref="fl-e7"/>
      </object_component>
      <object_component id="oc-4e6">
         <name>.text:_SlDrvDataWriteOp</name>
         <load_address>0x2000c58c</load_address>
         <run_address>0x2000c58c</run_address>
         <size>0x150</size>
         <input_file_ref idref="fl-109"/>
      </object_component>
      <object_component id="oc-650">
         <name>.text:spi_Open</name>
         <load_address>0x2000c6dc</load_address>
         <run_address>0x2000c6dc</run_address>
         <size>0x148</size>
         <input_file_ref idref="fl-10f"/>
      </object_component>
      <object_component id="oc-54d">
         <name>.text:_SlDrvMsgReadCmdCtx</name>
         <load_address>0x2000c824</load_address>
         <run_address>0x2000c824</run_address>
         <size>0x144</size>
         <input_file_ref idref="fl-109"/>
      </object_component>
      <object_component id="oc-3e1">
         <name>.text:sl_NetAppDnsGetHostByName</name>
         <load_address>0x2000c968</load_address>
         <run_address>0x2000c968</run_address>
         <size>0x144</size>
         <input_file_ref idref="fl-10a"/>
      </object_component>
      <object_component id="oc-60d">
         <name>.text:_pconv_e</name>
         <load_address>0x2000caac</load_address>
         <run_address>0x2000caac</run_address>
         <size>0x13c</size>
         <input_file_ref idref="fl-eb"/>
      </object_component>
      <object_component id="oc-f3">
         <name>.text</name>
         <load_address>0x2000cbe8</load_address>
         <run_address>0x2000cbe8</run_address>
         <size>0x136</size>
         <input_file_ref idref="fl-ce"/>
      </object_component>
      <object_component id="oc-1c8">
         <name>.text:sl_Send</name>
         <load_address>0x2000cd20</load_address>
         <run_address>0x2000cd20</run_address>
         <size>0x134</size>
         <input_file_ref idref="fl-10d"/>
      </object_component>
      <object_component id="oc-6a2">
         <name>.text:_SlDrvDriverCBDeinit</name>
         <load_address>0x2000ce54</load_address>
         <run_address>0x2000ce54</run_address>
         <size>0x130</size>
         <input_file_ref idref="fl-109"/>
      </object_component>
      <object_component id="oc-174">
         <name>.text</name>
         <load_address>0x2000cf84</load_address>
         <run_address>0x2000cf84</run_address>
         <size>0x130</size>
         <input_file_ref idref="fl-8"/>
      </object_component>
      <object_component id="oc-834">
         <name>.text:fcvt</name>
         <load_address>0x2000d0b4</load_address>
         <run_address>0x2000d0b4</run_address>
         <size>0x120</size>
         <input_file_ref idref="fl-eb"/>
      </object_component>
      <object_component id="oc-a1e">
         <name>.text:_SlDrvNetAppEventHandler</name>
         <load_address>0x2000d1d4</load_address>
         <run_address>0x2000d1d4</run_address>
         <size>0x104</size>
         <input_file_ref idref="fl-10a"/>
      </object_component>
      <object_component id="oc-59a">
         <name>.text:aligned_alloc</name>
         <load_address>0x2000d2d8</load_address>
         <run_address>0x2000d2d8</run_address>
         <size>0x100</size>
         <input_file_ref idref="fl-df"/>
      </object_component>
      <object_component id="oc-ee">
         <name>.text</name>
         <load_address>0x2000d3d8</load_address>
         <run_address>0x2000d3d8</run_address>
         <size>0xfc</size>
         <input_file_ref idref="fl-cf"/>
      </object_component>
      <object_component id="oc-14f">
         <name>.text</name>
         <load_address>0x2000d4d4</load_address>
         <run_address>0x2000d4d4</run_address>
         <size>0xfa</size>
         <input_file_ref idref="fl-d2"/>
      </object_component>
      <object_component id="oc-5c2">
         <name>.text:floor</name>
         <load_address>0x2000d5d0</load_address>
         <run_address>0x2000d5d0</run_address>
         <size>0xf4</size>
         <input_file_ref idref="fl-e9"/>
      </object_component>
      <object_component id="oc-393">
         <name>.text:sl_Stop</name>
         <load_address>0x2000d6c4</load_address>
         <run_address>0x2000d6c4</run_address>
         <size>0xf0</size>
         <input_file_ref idref="fl-108"/>
      </object_component>
      <object_component id="oc-97a">
         <name>.text:spi_Read</name>
         <load_address>0x2000d7b4</load_address>
         <run_address>0x2000d7b4</run_address>
         <size>0xf0</size>
         <input_file_ref idref="fl-10f"/>
      </object_component>
      <object_component id="oc-a6c">
         <name>.text:uDMAChannelTransferSet</name>
         <load_address>0x2000d8a4</load_address>
         <run_address>0x2000d8a4</run_address>
         <size>0xf0</size>
         <input_file_ref idref="fl-110"/>
      </object_component>
      <object_component id="oc-381">
         <name>.text:sl_Start</name>
         <load_address>0x2000d994</load_address>
         <run_address>0x2000d994</run_address>
         <size>0xec</size>
         <input_file_ref idref="fl-108"/>
      </object_component>
      <object_component id="oc-7d4">
         <name>.text:_SlAsyncEventGenericHandler</name>
         <load_address>0x2000da80</load_address>
         <run_address>0x2000da80</run_address>
         <size>0xe8</size>
         <input_file_ref idref="fl-109"/>
      </object_component>
      <object_component id="oc-7e7">
         <name>.text:_SlDrvMsgReadSpawnCtx</name>
         <load_address>0x2000db68</load_address>
         <run_address>0x2000db68</run_address>
         <size>0xe8</size>
         <input_file_ref idref="fl-109"/>
      </object_component>
      <object_component id="oc-2bb">
         <name>.text:free</name>
         <load_address>0x2000dc50</load_address>
         <run_address>0x2000dc50</run_address>
         <size>0xe4</size>
         <input_file_ref idref="fl-df"/>
      </object_component>
      <object_component id="oc-2b5">
         <name>.text:realloc</name>
         <load_address>0x2000dd34</load_address>
         <run_address>0x2000dd34</run_address>
         <size>0xe4</size>
         <input_file_ref idref="fl-df"/>
      </object_component>
      <object_component id="oc-6cd">
         <name>.text:sl_NetAppMDNSRegisterUnregisterService</name>
         <load_address>0x2000de18</load_address>
         <run_address>0x2000de18</run_address>
         <size>0xe4</size>
         <input_file_ref idref="fl-10a"/>
      </object_component>
      <object_component id="oc-974">
         <name>.text:_SlDrvClassifyRxMsg</name>
         <load_address>0x2000defc</load_address>
         <run_address>0x2000defc</run_address>
         <size>0xdc</size>
         <input_file_ref idref="fl-109"/>
      </object_component>
      <object_component id="oc-5bc">
         <name>.text:scalbn</name>
         <load_address>0x2000dfd8</load_address>
         <run_address>0x2000dfd8</run_address>
         <size>0xd0</size>
         <input_file_ref idref="fl-ea"/>
      </object_component>
      <object_component id="oc-a97">
         <name>.text:_sl_HandleAsync_DnsGetHostByService</name>
         <load_address>0x2000e0a8</load_address>
         <run_address>0x2000e0a8</run_address>
         <size>0xcc</size>
         <input_file_ref idref="fl-10a"/>
      </object_component>
      <object_component id="oc-399">
         <name>.text:sl_DevGet</name>
         <load_address>0x2000e174</load_address>
         <run_address>0x2000e174</run_address>
         <size>0xcc</size>
         <input_file_ref idref="fl-108"/>
      </object_component>
      <object_component id="oc-8c3">
         <name>.text:_SlRemoveFromList</name>
         <load_address>0x2000e240</load_address>
         <run_address>0x2000e240</run_address>
         <size>0xc4</size>
         <input_file_ref idref="fl-109"/>
      </object_component>
      <object_component id="oc-26b">
         <name>.text:_SlDrvCmdOp</name>
         <load_address>0x2000e304</load_address>
         <run_address>0x2000e304</run_address>
         <size>0xc0</size>
         <input_file_ref idref="fl-109"/>
      </object_component>
      <object_component id="oc-5fb">
         <name>.text:_ltostr</name>
         <load_address>0x2000e3c4</load_address>
         <run_address>0x2000e3c4</run_address>
         <size>0xb1</size>
         <input_file_ref idref="fl-eb"/>
      </object_component>
      <object_component id="oc-782">
         <name>.text:_SlNonOsSemGet</name>
         <load_address>0x2000e478</load_address>
         <run_address>0x2000e478</run_address>
         <size>0xb0</size>
         <input_file_ref idref="fl-10c"/>
      </object_component>
      <object_component id="oc-766">
         <name>.text:IntDisable</name>
         <load_address>0x2000e528</load_address>
         <run_address>0x2000e528</run_address>
         <size>0xa8</size>
         <input_file_ref idref="fl-fe"/>
      </object_component>
      <object_component id="oc-d1">
         <name>.text:IntEnable</name>
         <load_address>0x2000e5d0</load_address>
         <run_address>0x2000e5d0</run_address>
         <size>0xa8</size>
         <input_file_ref idref="fl-fe"/>
      </object_component>
      <object_component id="oc-7da">
         <name>.text:_SlDriverHandleError</name>
         <load_address>0x2000e678</load_address>
         <run_address>0x2000e678</run_address>
         <size>0xa4</size>
         <input_file_ref idref="fl-109"/>
      </object_component>
      <object_component id="oc-192">
         <name>.text:SPIConfigSetExpClk</name>
         <load_address>0x2000e71c</load_address>
         <run_address>0x2000e71c</run_address>
         <size>0xa0</size>
         <input_file_ref idref="fl-101"/>
      </object_component>
      <object_component id="oc-1ce">
         <name>.text:sl_Recv</name>
         <load_address>0x2000e7bc</load_address>
         <run_address>0x2000e7bc</run_address>
         <size>0xa0</size>
         <input_file_ref idref="fl-10d"/>
      </object_component>
      <object_component id="oc-3d">
         <name>.text</name>
         <load_address>0x2000e85c</load_address>
         <run_address>0x2000e85c</run_address>
         <size>0x9c</size>
         <input_file_ref idref="fl-d8"/>
      </object_component>
      <object_component id="oc-a7d">
         <name>.text:_SlDrvDeviceEventHandler</name>
         <load_address>0x2000e8f8</load_address>
         <run_address>0x2000e8f8</run_address>
         <size>0x9a</size>
         <input_file_ref idref="fl-108"/>
      </object_component>
      <object_component id="oc-dd">
         <name>.text:sl_DevSet</name>
         <load_address>0x2000e994</load_address>
         <run_address>0x2000e994</run_address>
         <size>0x98</size>
         <input_file_ref idref="fl-108"/>
      </object_component>
      <object_component id="oc-3b1">
         <name>.text:sl_NetCfgSet</name>
         <load_address>0x2000ea2c</load_address>
         <run_address>0x2000ea2c</run_address>
         <size>0x98</size>
         <input_file_ref idref="fl-10b"/>
      </object_component>
      <object_component id="oc-3f9">
         <name>.text:sl_SetSockOpt</name>
         <load_address>0x2000eac4</load_address>
         <run_address>0x2000eac4</run_address>
         <size>0x98</size>
         <input_file_ref idref="fl-10d"/>
      </object_component>
      <object_component id="oc-3b7">
         <name>.text:sl_WlanSet</name>
         <load_address>0x2000eb5c</load_address>
         <run_address>0x2000eb5c</run_address>
         <size>0x98</size>
         <input_file_ref idref="fl-10e"/>
      </object_component>
      <object_component id="oc-7c4">
         <name>.text:spi_Write</name>
         <load_address>0x2000ebf4</load_address>
         <run_address>0x2000ebf4</run_address>
         <size>0x98</size>
         <input_file_ref idref="fl-10f"/>
      </object_component>
      <object_component id="oc-81b">
         <name>.text</name>
         <load_address>0x2000ec8c</load_address>
         <run_address>0x2000ec8c</run_address>
         <size>0x96</size>
         <input_file_ref idref="fl-ec"/>
      </object_component>
      <object_component id="oc-18c">
         <name>.text:PRCMPeripheralClockGet</name>
         <load_address>0x2000ed24</load_address>
         <run_address>0x2000ed24</run_address>
         <size>0x94</size>
         <input_file_ref idref="fl-100"/>
      </object_component>
      <object_component id="oc-a91">
         <name>.text:_sl_HandleAsync_DnsGetHostByName</name>
         <load_address>0x2000edb8</load_address>
         <run_address>0x2000edb8</run_address>
         <size>0x90</size>
         <input_file_ref idref="fl-10a"/>
      </object_component>
      <object_component id="oc-a24">
         <name>.text:_sl_HandleAsync_PingResponse</name>
         <load_address>0x2000ee48</load_address>
         <run_address>0x2000ee48</run_address>
         <size>0x90</size>
         <input_file_ref idref="fl-10a"/>
      </object_component>
      <object_component id="oc-39f">
         <name>.text:sl_WlanPolicySet</name>
         <load_address>0x2000eed8</load_address>
         <run_address>0x2000eed8</run_address>
         <size>0x90</size>
         <input_file_ref idref="fl-10e"/>
      </object_component>
      <object_component id="oc-a2b">
         <name>.text:SetupDMAReceive</name>
         <load_address>0x2000ef68</load_address>
         <run_address>0x2000ef68</run_address>
         <size>0x8c</size>
         <input_file_ref idref="fl-10f"/>
      </object_component>
      <object_component id="oc-959">
         <name>.text:SetupDMASend</name>
         <load_address>0x2000eff4</load_address>
         <run_address>0x2000eff4</run_address>
         <size>0x8c</size>
         <input_file_ref idref="fl-10f"/>
      </object_component>
      <object_component id="oc-93e">
         <name>.text:_SlDrvIsTimeoutExpired</name>
         <load_address>0x2000f080</load_address>
         <run_address>0x2000f080</run_address>
         <size>0x8c</size>
         <input_file_ref idref="fl-109"/>
      </object_component>
      <object_component id="oc-ad7">
         <name>.text:_sl_HandleAsync_InitComplete</name>
         <load_address>0x2000f10c</load_address>
         <run_address>0x2000f10c</run_address>
         <size>0x8c</size>
         <input_file_ref idref="fl-108"/>
      </object_component>
      <object_component id="oc-3f3">
         <name>.text:sl_Socket</name>
         <load_address>0x2000f198</load_address>
         <run_address>0x2000f198</run_address>
         <size>0x8c</size>
         <input_file_ref idref="fl-10d"/>
      </object_component>
      <object_component id="oc-73c">
         <name>.text:PinConfigSet</name>
         <load_address>0x2000f224</load_address>
         <run_address>0x2000f224</run_address>
         <size>0x88</size>
         <input_file_ref idref="fl-ff"/>
      </object_component>
      <object_component id="oc-2d9">
         <name>.text:__aeabi_cdcmple</name>
         <load_address>0x2000f2ac</load_address>
         <run_address>0x2000f2ac</run_address>
         <size>0x86</size>
         <input_file_ref idref="fl-cd"/>
      </object_component>
      <object_component id="oc-5c8">
         <name>.text:__aeabi_cdrcmple</name>
         <load_address>0x2000f332</load_address>
         <run_address>0x2000f332</run_address>
         <size>0x86</size>
         <input_file_ref idref="fl-cd"/>
      </object_component>
      <object_component id="oc-44b">
         <name>.text:I2CMasterInitExpClk</name>
         <load_address>0x2000f3b8</load_address>
         <run_address>0x2000f3b8</run_address>
         <size>0x84</size>
         <input_file_ref idref="fl-fd"/>
      </object_component>
      <object_component id="oc-3c6">
         <name>.text:sl_WlanRxFilterSet</name>
         <load_address>0x2000f43c</load_address>
         <run_address>0x2000f43c</run_address>
         <size>0x84</size>
         <input_file_ref idref="fl-10e"/>
      </object_component>
      <object_component id="oc-1a4">
         <name>.text:GPIOIntTypeSet</name>
         <load_address>0x2000f4c0</load_address>
         <run_address>0x2000f4c0</run_address>
         <size>0x82</size>
         <input_file_ref idref="fl-fc"/>
      </object_component>
      <object_component id="oc-ab9">
         <name>.text:_sl_HandleAsync_Connect</name>
         <load_address>0x2000f544</load_address>
         <run_address>0x2000f544</run_address>
         <size>0x80</size>
         <input_file_ref idref="fl-10d"/>
      </object_component>
      <object_component id="oc-a31">
         <name>.text:spi_Read_CPU</name>
         <load_address>0x2000f5c4</load_address>
         <run_address>0x2000f5c4</run_address>
         <size>0x80</size>
         <input_file_ref idref="fl-10f"/>
      </object_component>
      <object_component id="oc-965">
         <name>.text:spi_Write_CPU</name>
         <load_address>0x2000f644</load_address>
         <run_address>0x2000f644</run_address>
         <size>0x80</size>
         <input_file_ref idref="fl-10f"/>
      </object_component>
      <object_component id="oc-8b">
         <name>.text</name>
         <load_address>0x2000f6c4</load_address>
         <run_address>0x2000f6c4</run_address>
         <size>0x7a</size>
         <input_file_ref idref="fl-d9"/>
      </object_component>
      <object_component id="oc-69c">
         <name>.text:spi_Close</name>
         <load_address>0x2000f740</load_address>
         <run_address>0x2000f740</run_address>
         <size>0x78</size>
         <input_file_ref idref="fl-10f"/>
      </object_component>
      <object_component id="oc-28b">
         <name>.text:UARTConfigSetExpClk</name>
         <load_address>0x2000f7b8</load_address>
         <run_address>0x2000f7b8</run_address>
         <size>0x76</size>
         <input_file_ref idref="fl-104"/>
      </object_component>
      <object_component id="oc-387">
         <name>.text:_SlNonOsMainLoopTask</name>
         <load_address>0x2000f830</load_address>
         <run_address>0x2000f830</run_address>
         <size>0x74</size>
         <input_file_ref idref="fl-10c"/>
      </object_component>
      <object_component id="oc-4a0">
         <name>.text:TimerIntRegister</name>
         <load_address>0x2000f8a4</load_address>
         <run_address>0x2000f8a4</run_address>
         <size>0x70</size>
         <input_file_ref idref="fl-103"/>
      </object_component>
      <object_component id="oc-5a7">
         <name>.text:split</name>
         <load_address>0x2000f914</load_address>
         <run_address>0x2000f914</run_address>
         <size>0x70</size>
         <input_file_ref idref="fl-df"/>
      </object_component>
      <object_component id="oc-82d">
         <name>.text:_mcpy</name>
         <load_address>0x2000f984</load_address>
         <run_address>0x2000f984</run_address>
         <size>0x6e</size>
         <input_file_ref idref="fl-eb"/>
      </object_component>
      <object_component id="oc-135">
         <name>.text</name>
         <load_address>0x2000f9f2</load_address>
         <run_address>0x2000f9f2</run_address>
         <size>0x6e</size>
         <input_file_ref idref="fl-d1"/>
      </object_component>
      <object_component id="oc-aef">
         <name>.text:_SlDrvCmdSend</name>
         <load_address>0x2000fa60</load_address>
         <run_address>0x2000fa60</run_address>
         <size>0x6c</size>
         <input_file_ref idref="fl-109"/>
      </object_component>
      <object_component id="oc-aa3">
         <name>.text:_sl_NetAppSendTokenValue</name>
         <load_address>0x2000facc</load_address>
         <run_address>0x2000facc</run_address>
         <size>0x6c</size>
         <input_file_ref idref="fl-10a"/>
      </object_component>
      <object_component id="oc-4d0">
         <name>.text:TimerIntUnregister</name>
         <load_address>0x2000fb38</load_address>
         <run_address>0x2000fb38</run_address>
         <size>0x68</size>
         <input_file_ref idref="fl-103"/>
      </object_component>
      <object_component id="oc-15">
         <name>.text:decompress:lzss:__TI_decompress_lzss</name>
         <load_address>0x2000fba0</load_address>
         <run_address>0x2000fba0</run_address>
         <size>0x68</size>
         <input_file_ref idref="fl-dc"/>
      </object_component>
      <object_component id="oc-7e0">
         <name>.text:_SlNonOsSpawn</name>
         <load_address>0x2000fc08</load_address>
         <run_address>0x2000fc08</run_address>
         <size>0x64</size>
         <input_file_ref idref="fl-10c"/>
      </object_component>
      <object_component id="oc-ab3">
         <name>.text:_sl_HandleAsync_Accept</name>
         <load_address>0x2000fc6c</load_address>
         <run_address>0x2000fc6c</run_address>
         <size>0x64</size>
         <input_file_ref idref="fl-10d"/>
      </object_component>
      <object_component id="oc-3bd">
         <name>.text:sl_NetAppMDNSUnRegisterService</name>
         <load_address>0x2000fcd0</load_address>
         <run_address>0x2000fcd0</run_address>
         <size>0x64</size>
         <input_file_ref idref="fl-10a"/>
      </object_component>
      <object_component id="oc-9c5">
         <name>.text:uDMAChannelAttributeDisable</name>
         <load_address>0x2000fd34</load_address>
         <run_address>0x2000fd34</run_address>
         <size>0x64</size>
         <input_file_ref idref="fl-110"/>
      </object_component>
      <object_component id="oc-a66">
         <name>.text:uDMAChannelAttributeEnable</name>
         <load_address>0x2000fd98</load_address>
         <run_address>0x2000fd98</run_address>
         <size>0x64</size>
         <input_file_ref idref="fl-110"/>
      </object_component>
      <object_component id="oc-159">
         <name>.text:__aeabi_cfcmple</name>
         <load_address>0x2000fdfc</load_address>
         <run_address>0x2000fdfc</run_address>
         <size>0x60</size>
         <input_file_ref idref="fl-d3"/>
      </object_component>
      <object_component id="oc-167">
         <name>.text:sl_Close</name>
         <load_address>0x2000fe5c</load_address>
         <run_address>0x2000fe5c</run_address>
         <size>0x60</size>
         <input_file_ref idref="fl-10d"/>
      </object_component>
      <object_component id="oc-3a5">
         <name>.text:sl_WlanProfileDel</name>
         <load_address>0x2000febc</load_address>
         <run_address>0x2000febc</run_address>
         <size>0x60</size>
         <input_file_ref idref="fl-10e"/>
      </object_component>
      <object_component id="oc-38d">
         <name>.text:sl_WlanSetMode</name>
         <load_address>0x2000ff1c</load_address>
         <run_address>0x2000ff1c</run_address>
         <size>0x60</size>
         <input_file_ref idref="fl-10e"/>
      </object_component>
      <object_component id="oc-842">
         <name>.text:frexp</name>
         <load_address>0x2000ff7c</load_address>
         <run_address>0x2000ff7c</run_address>
         <size>0x5c</size>
         <input_file_ref idref="fl-fa"/>
      </object_component>
      <object_component id="oc-8b4">
         <name>.text:IntPendClear</name>
         <load_address>0x2000ffd8</load_address>
         <run_address>0x2000ffd8</run_address>
         <size>0x58</size>
         <input_file_ref idref="fl-fe"/>
      </object_component>
      <object_component id="oc-186">
         <name>.text:PRCMPeripheralReset</name>
         <load_address>0x20010030</load_address>
         <run_address>0x20010030</run_address>
         <size>0x58</size>
         <input_file_ref idref="fl-100"/>
      </object_component>
      <object_component id="oc-607">
         <name>.text:_pconv_f</name>
         <load_address>0x20010088</load_address>
         <run_address>0x20010088</run_address>
         <size>0x56</size>
         <input_file_ref idref="fl-eb"/>
      </object_component>
      <object_component id="oc-49a">
         <name>.text:IntPrioritySet</name>
         <load_address>0x200100e0</load_address>
         <run_address>0x200100e0</run_address>
         <size>0x54</size>
         <input_file_ref idref="fl-fe"/>
      </object_component>
      <object_component id="oc-680">
         <name>.text:_SlDrvRxIrqHandler</name>
         <load_address>0x20010134</load_address>
         <run_address>0x20010134</run_address>
         <size>0x54</size>
         <input_file_ref idref="fl-109"/>
      </object_component>
      <object_component id="oc-821">
         <name>.text:__TI_ltoa</name>
         <load_address>0x20010188</load_address>
         <run_address>0x20010188</run_address>
         <size>0x54</size>
         <input_file_ref idref="fl-f2"/>
      </object_component>
      <object_component id="oc-abf">
         <name>.text:_sl_HandleAsync_Select</name>
         <load_address>0x200101dc</load_address>
         <run_address>0x200101dc</run_address>
         <size>0x54</size>
         <input_file_ref idref="fl-10d"/>
      </object_component>
      <object_component id="oc-827">
         <name>.text:_ecpy</name>
         <load_address>0x20010230</load_address>
         <run_address>0x20010230</run_address>
         <size>0x52</size>
         <input_file_ref idref="fl-eb"/>
      </object_component>
      <object_component id="oc-ac5">
         <name>.text:_sl_HandleAsync_Stop</name>
         <load_address>0x20010284</load_address>
         <run_address>0x20010284</run_address>
         <size>0x50</size>
         <input_file_ref idref="fl-108"/>
      </object_component>
      <object_component id="oc-898">
         <name>.text:SPIIntEnable</name>
         <load_address>0x200102d4</load_address>
         <run_address>0x200102d4</run_address>
         <size>0x4c</size>
         <input_file_ref idref="fl-101"/>
      </object_component>
      <object_component id="oc-9f0">
         <name>.text:SPIIntNumberGet</name>
         <load_address>0x20010320</load_address>
         <run_address>0x20010320</run_address>
         <size>0x4c</size>
         <input_file_ref idref="fl-101"/>
      </object_component>
      <object_component id="oc-656">
         <name>.text:_SlDrvProtectAsyncRespSetting</name>
         <load_address>0x2001036c</load_address>
         <run_address>0x2001036c</run_address>
         <size>0x4c</size>
         <input_file_ref idref="fl-109"/>
      </object_component>
      <object_component id="oc-71e">
         <name>.text:_sl_BuildAddress</name>
         <load_address>0x200103b8</load_address>
         <run_address>0x200103b8</run_address>
         <size>0x4c</size>
         <input_file_ref idref="fl-10d"/>
      </object_component>
      <object_component id="oc-5f5">
         <name>.text:atoi</name>
         <load_address>0x20010404</load_address>
         <run_address>0x20010404</run_address>
         <size>0x4c</size>
         <input_file_ref idref="fl-f4"/>
      </object_component>
      <object_component id="oc-9bf">
         <name>.text:uDMAChannelAssign</name>
         <load_address>0x20010450</load_address>
         <run_address>0x20010450</run_address>
         <size>0x4c</size>
         <input_file_ref idref="fl-110"/>
      </object_component>
      <object_component id="oc-47c">
         <name>.text:GPIOGetIntNumber</name>
         <load_address>0x2001049c</load_address>
         <run_address>0x2001049c</run_address>
         <size>0x48</size>
         <input_file_ref idref="fl-fc"/>
      </object_component>
      <object_component id="oc-9df">
         <name>.text:SPIIntClear</name>
         <load_address>0x200104e4</load_address>
         <run_address>0x200104e4</run_address>
         <size>0x48</size>
         <input_file_ref idref="fl-101"/>
      </object_component>
      <object_component id="oc-6b8">
         <name>.text:_SlDrvBasicCmd</name>
         <load_address>0x2001052c</load_address>
         <run_address>0x2001052c</run_address>
         <size>0x48</size>
         <input_file_ref idref="fl-109"/>
      </object_component>
      <object_component id="oc-fe">
         <name>.text</name>
         <load_address>0x20010574</load_address>
         <run_address>0x20010574</run_address>
         <size>0x48</size>
         <input_file_ref idref="fl-d0"/>
      </object_component>
      <object_component id="oc-9cf">
         <name>.text:SPIDmaMaskGet</name>
         <load_address>0x200105bc</load_address>
         <run_address>0x200105bc</run_address>
         <size>0x44</size>
         <input_file_ref idref="fl-101"/>
      </object_component>
      <object_component id="oc-48e">
         <name>.text:TimerConfigure</name>
         <load_address>0x20010600</load_address>
         <run_address>0x20010600</run_address>
         <size>0x44</size>
         <input_file_ref idref="fl-103"/>
      </object_component>
      <object_component id="oc-ae8">
         <name>.text:_SlDrvHandleHttpServerEvents</name>
         <load_address>0x20010644</load_address>
         <run_address>0x20010644</run_address>
         <size>0x44</size>
         <input_file_ref idref="fl-109"/>
      </object_component>
      <object_component id="oc-66e">
         <name>.text:_SlDrvSyncObjWaitTimeout</name>
         <load_address>0x20010688</load_address>
         <run_address>0x20010688</run_address>
         <size>0x44</size>
         <input_file_ref idref="fl-109"/>
      </object_component>
      <object_component id="oc-209">
         <name>.text:__TI_auto_init_nobinit_nopinit:__TI_auto_init_nobinit_nopinit</name>
         <load_address>0x200106cc</load_address>
         <run_address>0x200106cc</run_address>
         <size>0x44</size>
         <input_file_ref idref="fl-ed"/>
      </object_component>
      <object_component id="oc-a0b">
         <name>.text:cc_SetupTransfer</name>
         <load_address>0x20010710</load_address>
         <run_address>0x20010710</run_address>
         <size>0x44</size>
         <input_file_ref idref="fl-10f"/>
      </object_component>
      <object_component id="oc-3ed">
         <name>.text:sl_Htonl</name>
         <load_address>0x20010754</load_address>
         <run_address>0x20010754</run_address>
         <size>0x42</size>
         <input_file_ref idref="fl-10d"/>
      </object_component>
      <object_component id="oc-46b">
         <name>.text:PinModeSet</name>
         <load_address>0x20010798</load_address>
         <run_address>0x20010798</run_address>
         <size>0x40</size>
         <input_file_ref idref="fl-ff"/>
      </object_component>
      <object_component id="oc-a89">
         <name>.text:_SlDrvHandleNetAppEvents</name>
         <load_address>0x200107d8</load_address>
         <run_address>0x200107d8</run_address>
         <size>0x40</size>
         <input_file_ref idref="fl-109"/>
      </object_component>
      <object_component id="oc-a83">
         <name>.text:_SlDrvHandleWlanEvents</name>
         <load_address>0x20010818</load_address>
         <run_address>0x20010818</run_address>
         <size>0x40</size>
         <input_file_ref idref="fl-109"/>
      </object_component>
      <object_component id="oc-4e0">
         <name>.text:_sl_TruncatePayloadByProtocol</name>
         <load_address>0x20010858</load_address>
         <run_address>0x20010858</run_address>
         <size>0x40</size>
         <input_file_ref idref="fl-10d"/>
      </object_component>
      <object_component id="oc-11f">
         <name>.text:sprintf</name>
         <load_address>0x20010898</load_address>
         <run_address>0x20010898</run_address>
         <size>0x40</size>
         <input_file_ref idref="fl-ca"/>
      </object_component>
      <object_component id="oc-297">
         <name>.text:vsnprintf</name>
         <load_address>0x200108d8</load_address>
         <run_address>0x200108d8</run_address>
         <size>0x40</size>
         <input_file_ref idref="fl-cb"/>
      </object_component>
      <object_component id="oc-662">
         <name>.text:NwpRegisterInterruptHandler</name>
         <load_address>0x20010918</load_address>
         <run_address>0x20010918</run_address>
         <size>0x3e</size>
         <input_file_ref idref="fl-10f"/>
      </object_component>
      <object_component id="oc-83a">
         <name>.text:_fcpy</name>
         <load_address>0x20010956</load_address>
         <run_address>0x20010956</run_address>
         <size>0x3e</size>
         <input_file_ref idref="fl-eb"/>
      </object_component>
      <object_component id="oc-aaa">
         <name>.text:CopyPingResultsToReport</name>
         <load_address>0x20010994</load_address>
         <run_address>0x20010994</run_address>
         <size>0x3c</size>
         <input_file_ref idref="fl-10a"/>
      </object_component>
      <object_component id="oc-17a">
         <name>.text:PRCMPeripheralClkEnable</name>
         <load_address>0x200109d0</load_address>
         <run_address>0x200109d0</run_address>
         <size>0x3c</size>
         <input_file_ref idref="fl-100"/>
      </object_component>
      <object_component id="oc-a59">
         <name>.text:simplelink_timerA2_start</name>
         <load_address>0x20010a0c</load_address>
         <run_address>0x20010a0c</run_address>
         <size>0x3c</size>
         <input_file_ref idref="fl-10f"/>
      </object_component>
      <object_component id="oc-3e7">
         <name>.text:sl_Htons</name>
         <load_address>0x20010a48</load_address>
         <run_address>0x20010a48</run_address>
         <size>0x3c</size>
         <input_file_ref idref="fl-10d"/>
      </object_component>
      <object_component id="oc-a60">
         <name>.text:uDMAChannelControlSet</name>
         <load_address>0x20010a84</load_address>
         <run_address>0x20010a84</run_address>
         <size>0x3c</size>
         <input_file_ref idref="fl-110"/>
      </object_component>
      <object_component id="oc-65c">
         <name>.text:NwpPowerOff</name>
         <load_address>0x20010ac0</load_address>
         <run_address>0x20010ac0</run_address>
         <size>0x38</size>
         <input_file_ref idref="fl-10f"/>
      </object_component>
      <object_component id="oc-13a">
         <name>.text</name>
         <load_address>0x20010af8</load_address>
         <run_address>0x20010af8</run_address>
         <size>0x38</size>
         <input_file_ref idref="fl-d4"/>
      </object_component>
      <object_component id="oc-14a">
         <name>.text</name>
         <load_address>0x20010b30</load_address>
         <run_address>0x20010b30</run_address>
         <size>0x38</size>
         <input_file_ref idref="fl-d5"/>
      </object_component>
      <object_component id="oc-154">
         <name>.text</name>
         <load_address>0x20010b68</load_address>
         <run_address>0x20010b68</run_address>
         <size>0x38</size>
         <input_file_ref idref="fl-d7"/>
      </object_component>
      <object_component id="oc-3ab">
         <name>.text:sl_WlanDisconnect</name>
         <load_address>0x20010ba0</load_address>
         <run_address>0x20010ba0</run_address>
         <size>0x38</size>
         <input_file_ref idref="fl-10e"/>
      </object_component>
      <object_component id="oc-459">
         <name>.text:GPIODirModeSet</name>
         <load_address>0x20010bd8</load_address>
         <run_address>0x20010bd8</run_address>
         <size>0x36</size>
         <input_file_ref idref="fl-fc"/>
      </object_component>
      <object_component id="oc-87a">
         <name>.text:PRCMPeripheralStatusGet</name>
         <load_address>0x20010c10</load_address>
         <run_address>0x20010c10</run_address>
         <size>0x34</size>
         <input_file_ref idref="fl-100"/>
      </object_component>
      <object_component id="oc-892">
         <name>.text:SPIFIFOLevelSet</name>
         <load_address>0x20010c44</load_address>
         <run_address>0x20010c44</run_address>
         <size>0x34</size>
         <input_file_ref idref="fl-101"/>
      </object_component>
      <object_component id="oc-453">
         <name>.text:PinTypeGPIO</name>
         <load_address>0x20010c78</load_address>
         <run_address>0x20010c78</run_address>
         <size>0x30</size>
         <input_file_ref idref="fl-ff"/>
      </object_component>
      <object_component id="oc-570">
         <name>.text:UARTDisable</name>
         <load_address>0x20010ca8</load_address>
         <run_address>0x20010ca8</run_address>
         <size>0x30</size>
         <input_file_ref idref="fl-104"/>
      </object_component>
      <object_component id="oc-57e">
         <name>.text:_outs</name>
         <load_address>0x20010cd8</load_address>
         <run_address>0x20010cd8</run_address>
         <size>0x30</size>
         <input_file_ref idref="fl-cb"/>
      </object_component>
      <object_component id="oc-e9">
         <name>.text</name>
         <load_address>0x20010d08</load_address>
         <run_address>0x20010d08</run_address>
         <size>0x2e</size>
         <input_file_ref idref="fl-d6"/>
      </object_component>
      <object_component id="oc-427">
         <name>.text:I2CMasterErr</name>
         <load_address>0x20010d36</load_address>
         <run_address>0x20010d36</run_address>
         <size>0x2c</size>
         <input_file_ref idref="fl-fd"/>
      </object_component>
      <object_component id="oc-668">
         <name>.text:NwpPowerOn</name>
         <load_address>0x20010d64</load_address>
         <run_address>0x20010d64</run_address>
         <size>0x2c</size>
         <input_file_ref idref="fl-10f"/>
      </object_component>
      <object_component id="oc-24c">
         <name>.text:PRCMSysResetCauseGet</name>
         <load_address>0x20010d90</load_address>
         <run_address>0x20010d90</run_address>
         <size>0x2c</size>
         <input_file_ref idref="fl-100"/>
      </object_component>
      <object_component id="oc-53b">
         <name>.text:_SlDrvObjGlobalLockWaitForever</name>
         <load_address>0x20010dbc</load_address>
         <run_address>0x20010dbc</run_address>
         <size>0x2c</size>
         <input_file_ref idref="fl-109"/>
      </object_component>
      <object_component id="oc-6f9">
         <name>.text:_SlDrvProtectionObjLockWaitForever</name>
         <load_address>0x20010de8</load_address>
         <run_address>0x20010de8</run_address>
         <size>0x2c</size>
         <input_file_ref idref="fl-109"/>
      </object_component>
      <object_component id="oc-4b8">
         <name>.text:TimerLoadSet</name>
         <load_address>0x20010e14</load_address>
         <run_address>0x20010e14</run_address>
         <size>0x2a</size>
         <input_file_ref idref="fl-103"/>
      </object_component>
      <object_component id="oc-494">
         <name>.text:TimerPrescaleSet</name>
         <load_address>0x20010e3e</load_address>
         <run_address>0x20010e3e</run_address>
         <size>0x2a</size>
         <input_file_ref idref="fl-103"/>
      </object_component>
      <object_component id="oc-25e">
         <name>.text:PRCMPeripheralClkDisable</name>
         <load_address>0x20010e68</load_address>
         <run_address>0x20010e68</run_address>
         <size>0x28</size>
         <input_file_ref idref="fl-100"/>
      </object_component>
      <object_component id="oc-541">
         <name>.text:_SlDrvGlobalObjUnLock</name>
         <load_address>0x20010e90</load_address>
         <run_address>0x20010e90</run_address>
         <size>0x28</size>
         <input_file_ref idref="fl-109"/>
      </object_component>
      <object_component id="oc-6ff">
         <name>.text:_SlDrvProtectionObjUnLock</name>
         <load_address>0x20010eb8</load_address>
         <run_address>0x20010eb8</run_address>
         <size>0x28</size>
         <input_file_ref idref="fl-109"/>
      </object_component>
      <object_component id="oc-705">
         <name>.text:_SlDrvSyncObjWaitForever</name>
         <load_address>0x20010ee0</load_address>
         <run_address>0x20010ee0</run_address>
         <size>0x28</size>
         <input_file_ref idref="fl-109"/>
      </object_component>
      <object_component id="oc-5ae">
         <name>.text:free_list_insert</name>
         <load_address>0x20010f08</load_address>
         <run_address>0x20010f08</run_address>
         <size>0x28</size>
         <input_file_ref idref="fl-df"/>
      </object_component>
      <object_component id="oc-2a9">
         <name>.text:memmove</name>
         <load_address>0x20010f30</load_address>
         <run_address>0x20010f30</run_address>
         <size>0x28</size>
         <input_file_ref idref="fl-de"/>
      </object_component>
      <object_component id="oc-77c">
         <name>.text:_SlDrvObjLockWaitForever</name>
         <load_address>0x20010f58</load_address>
         <run_address>0x20010f58</run_address>
         <size>0x26</size>
         <input_file_ref idref="fl-109"/>
      </object_component>
      <object_component id="oc-b06">
         <name>.text</name>
         <load_address>0x20010f7e</load_address>
         <run_address>0x20010f7e</run_address>
         <size>0x26</size>
         <input_file_ref idref="fl-7"/>
      </object_component>
      <object_component id="oc-8a4">
         <name>.text:DmaSpiSwIntHandler</name>
         <load_address>0x20010fa4</load_address>
         <run_address>0x20010fa4</run_address>
         <size>0x24</size>
         <input_file_ref idref="fl-10f"/>
      </object_component>
      <object_component id="oc-76c">
         <name>.text:IntUnregister</name>
         <load_address>0x20010fc8</load_address>
         <run_address>0x20010fc8</run_address>
         <size>0x24</size>
         <input_file_ref idref="fl-fe"/>
      </object_component>
      <object_component id="oc-576">
         <name>.text:UARTEnable</name>
         <load_address>0x20010fec</load_address>
         <run_address>0x20010fec</run_address>
         <size>0x24</size>
         <input_file_ref idref="fl-104"/>
      </object_component>
      <object_component id="oc-5b">
         <name>.text:_c_int00_noargs:_c_int00_noargs</name>
         <load_address>0x20011010</load_address>
         <run_address>0x20011010</run_address>
         <size>0x24</size>
         <input_file_ref idref="fl-e5"/>
      </object_component>
      <object_component id="oc-1aa">
         <name>.text:GPIOIntStatus</name>
         <load_address>0x20011034</load_address>
         <run_address>0x20011034</run_address>
         <size>0x22</size>
         <input_file_ref idref="fl-fc"/>
      </object_component>
      <object_component id="oc-42d">
         <name>.text:I2CMasterSlaveAddrSet</name>
         <load_address>0x20011056</load_address>
         <run_address>0x20011056</run_address>
         <size>0x22</size>
         <input_file_ref idref="fl-fd"/>
      </object_component>
      <object_component id="oc-180">
         <name>.text:SPIReset</name>
         <load_address>0x20011078</load_address>
         <run_address>0x20011078</run_address>
         <size>0x22</size>
         <input_file_ref idref="fl-101"/>
      </object_component>
      <object_component id="oc-95f">
         <name>.text:SPIWordCountSet</name>
         <load_address>0x2001109a</load_address>
         <run_address>0x2001109a</run_address>
         <size>0x22</size>
         <input_file_ref idref="fl-101"/>
      </object_component>
      <object_component id="oc-2fa">
         <name>.text:GPIOPinWrite</name>
         <load_address>0x200110bc</load_address>
         <run_address>0x200110bc</run_address>
         <size>0x20</size>
         <input_file_ref idref="fl-fc"/>
      </object_component>
      <object_component id="oc-482">
         <name>.text:IntRegister</name>
         <load_address>0x200110dc</load_address>
         <run_address>0x200110dc</run_address>
         <size>0x20</size>
         <input_file_ref idref="fl-fe"/>
      </object_component>
      <object_component id="oc-696">
         <name>.text:NwpPrePowerOffTimout0</name>
         <load_address>0x200110fc</load_address>
         <run_address>0x200110fc</run_address>
         <size>0x20</size>
         <input_file_ref idref="fl-10f"/>
      </object_component>
      <object_component id="oc-306">
         <name>.text:SPIDataGet</name>
         <load_address>0x2001111c</load_address>
         <run_address>0x2001111c</run_address>
         <size>0x20</size>
         <input_file_ref idref="fl-101"/>
      </object_component>
      <object_component id="oc-a01">
         <name>.text:TimerGetCurrentTimestamp</name>
         <load_address>0x2001113c</load_address>
         <run_address>0x2001113c</run_address>
         <size>0x20</size>
         <input_file_ref idref="fl-10f"/>
      </object_component>
      <object_component id="oc-788">
         <name>.text:_SlDrvObjUnLock</name>
         <load_address>0x2001115c</load_address>
         <run_address>0x2001115c</run_address>
         <size>0x20</size>
         <input_file_ref idref="fl-109"/>
      </object_component>
      <object_component id="oc-8c9">
         <name>.text:_SlDrvSyncObjSignal</name>
         <load_address>0x2001117c</load_address>
         <run_address>0x2001117c</run_address>
         <size>0x20</size>
         <input_file_ref idref="fl-109"/>
      </object_component>
      <object_component id="oc-19e">
         <name>.text:GPIOIntRegister</name>
         <load_address>0x2001119c</load_address>
         <run_address>0x2001119c</run_address>
         <size>0x1e</size>
         <input_file_ref idref="fl-fc"/>
      </object_component>
      <object_component id="oc-421">
         <name>.text:I2CMasterIntStatusEx</name>
         <load_address>0x200111ba</load_address>
         <run_address>0x200111ba</run_address>
         <size>0x1e</size>
         <input_file_ref idref="fl-fd"/>
      </object_component>
      <object_component id="oc-300">
         <name>.text:SPIDataPut</name>
         <load_address>0x200111d8</load_address>
         <run_address>0x200111d8</run_address>
         <size>0x1e</size>
         <input_file_ref idref="fl-101"/>
      </object_component>
      <object_component id="oc-4c4">
         <name>.text:TimerDisable</name>
         <load_address>0x200111f6</load_address>
         <run_address>0x200111f6</run_address>
         <size>0x1e</size>
         <input_file_ref idref="fl-103"/>
      </object_component>
      <object_component id="oc-4be">
         <name>.text:TimerEnable</name>
         <load_address>0x20011214</load_address>
         <run_address>0x20011214</run_address>
         <size>0x1e</size>
         <input_file_ref idref="fl-103"/>
      </object_component>
      <object_component id="oc-4ac">
         <name>.text:TimerIntStatus</name>
         <load_address>0x20011232</load_address>
         <run_address>0x20011232</run_address>
         <size>0x1e</size>
         <input_file_ref idref="fl-103"/>
      </object_component>
      <object_component id="oc-291">
         <name>.text:UARTCharPut</name>
         <load_address>0x20011250</load_address>
         <run_address>0x20011250</run_address>
         <size>0x1e</size>
         <input_file_ref idref="fl-104"/>
      </object_component>
      <object_component id="oc-880">
         <name>.text:cc_UDMAChannelSelect</name>
         <load_address>0x2001126e</load_address>
         <run_address>0x2001126e</run_address>
         <size>0x1e</size>
         <input_file_ref idref="fl-10f"/>
      </object_component>
      <object_component id="oc-1e0">
         <name>.text:SysTickIntRegister</name>
         <load_address>0x2001128c</load_address>
         <run_address>0x2001128c</run_address>
         <size>0x1c</size>
         <input_file_ref idref="fl-102"/>
      </object_component>
      <object_component id="oc-4d6">
         <name>.text:TimerValueGet</name>
         <load_address>0x200112a8</load_address>
         <run_address>0x200112a8</run_address>
         <size>0x1c</size>
         <input_file_ref idref="fl-103"/>
      </object_component>
      <object_component id="oc-2a3">
         <name>.text:UARTCharGetNonBlocking</name>
         <load_address>0x200112c4</load_address>
         <run_address>0x200112c4</run_address>
         <size>0x1c</size>
         <input_file_ref idref="fl-104"/>
      </object_component>
      <object_component id="oc-938">
         <name>.text:_SlDrvStartMeasureTimeout</name>
         <load_address>0x200112e0</load_address>
         <run_address>0x200112e0</run_address>
         <size>0x1c</size>
         <input_file_ref idref="fl-109"/>
      </object_component>
      <object_component id="oc-49">
         <name>.text:decompress:ZI:__TI_zero_init_nomemset:__TI_zero_init_nomemset</name>
         <load_address>0x200112fc</load_address>
         <run_address>0x200112fc</run_address>
         <size>0x1c</size>
         <input_file_ref idref="fl-da"/>
      </object_component>
      <object_component id="oc-5a1">
         <name>.text:free_list_remove</name>
         <load_address>0x20011318</load_address>
         <run_address>0x20011318</run_address>
         <size>0x1c</size>
         <input_file_ref idref="fl-df"/>
      </object_component>
      <object_component id="oc-619">
         <name>.text:memccpy</name>
         <load_address>0x20011334</load_address>
         <run_address>0x20011334</run_address>
         <size>0x1c</size>
         <input_file_ref idref="fl-f6"/>
      </object_component>
      <object_component id="oc-a72">
[...]
         <value>0x20011233</value>
         <object_component_ref idref="oc-4ac"/>
      </symbol>
      <symbol id="sm-1009">
         <name>TimerIntDisable</name>
         <value>0x200114e5</value>
         <object_component_ref idref="oc-4ca"/>
      </symbol>
      <symbol id="sm-100a">
         <name>TimerValueGet</name>
         <value>0x200112a9</value>
         <object_component_ref idref="oc-4d6"/>
      </symbol>
      <symbol id="sm-100b">
         <name>TimerPrescaleSet</name>
         <value>0x20010e3f</value>
         <object_component_ref idref="oc-494"/>
      </symbol>
      <symbol id="sm-100c">
         <name>TimerIntEnable</name>
         <value>0x200114fd</value>
         <object_component_ref idref="oc-4a6"/>
      </symbol>
      <symbol id="sm-100d">
         <name>TimerConfigure</name>
         <value>0x20010601</value>
         <object_component_ref idref="oc-48e"/>
      </symbol>
      <symbol id="sm-100e">
         <name>TimerIntClear</name>
         <value>0x200116c9</value>
         <object_component_ref idref="oc-4b2"/>
      </symbol>
      <symbol id="sm-104a">
         <name>UARTConfigSetExpClk</name>
         <value>0x2000f7b9</value>
         <object_component_ref idref="oc-28b"/>
      </symbol>
      <symbol id="sm-104b">
         <name>UARTDisable</name>
         <value>0x20010ca9</value>
         <object_component_ref idref="oc-570"/>
      </symbol>
      <symbol id="sm-104c">
         <name>UARTCharsAvail</name>
         <value>0x20011515</value>
         <object_component_ref idref="oc-29d"/>
      </symbol>
      <symbol id="sm-104d">
         <name>UARTCharGetNonBlocking</name>
         <value>0x200112c5</value>
         <object_component_ref idref="oc-2a3"/>
      </symbol>
      <symbol id="sm-104e">
         <name>UARTCharPut</name>
         <value>0x20011251</value>
         <object_component_ref idref="oc-291"/>
      </symbol>
      <symbol id="sm-104f">
         <name>UARTEnable</name>
         <value>0x20010fed</value>
         <object_component_ref idref="oc-576"/>
      </symbol>
      <symbol id="sm-1053">
         <name>UtilsDelay</name>
         <value>0x20011799</value>
         <object_component_ref idref="oc-3dc"/>
      </symbol>
      <symbol id="sm-105d">
         <name>CPUcpsie</name>
         <value>0x2001163f</value>
         <object_component_ref idref="oc-23c"/>
      </symbol>
      <symbol id="sm-1119">
         <name>_sl_HandleAsync_InitComplete</name>
         <value>0x2000f10d</value>
         <object_component_ref idref="oc-ad7"/>
      </symbol>
      <symbol id="sm-111a">
         <name>_SlDrvDeviceEventHandler</name>
         <value>0x2000e8f9</value>
         <object_component_ref idref="oc-a7d"/>
      </symbol>
      <symbol id="sm-111b">
         <name>_sl_HandleAsync_Stop</name>
         <value>0x20010285</value>
         <object_component_ref idref="oc-ac5"/>
      </symbol>
      <symbol id="sm-111c">
         <name>sl_DevSet</name>
         <value>0x2000e995</value>
         <object_component_ref idref="oc-dd"/>
      </symbol>
      <symbol id="sm-111d">
         <name>sl_Stop</name>
         <value>0x2000d6c5</value>
         <object_component_ref idref="oc-393"/>
      </symbol>
      <symbol id="sm-111e">
         <name>sl_Start</name>
         <value>0x2000d995</value>
         <object_component_ref idref="oc-381"/>
      </symbol>
      <symbol id="sm-111f">
         <name>sl_DevGet</name>
         <value>0x2000e175</value>
         <object_component_ref idref="oc-399"/>
      </symbol>
      <symbol id="sm-140d">
         <name>RxIrqCnt</name>
         <value>0x2001ff88</value>
      </symbol>
      <symbol id="sm-140e">
         <name>g_bDeviceRestartIsRequired</name>
         <value>0x2001ff89</value>
      </symbol>
      <symbol id="sm-140f">
         <name>_SlDrvProtectionObjUnLock</name>
         <value>0x20010eb9</value>
         <object_component_ref idref="oc-6ff"/>
      </symbol>
      <symbol id="sm-1410">
         <name>_SlDrvBasicCmd</name>
         <value>0x2001052d</value>
         <object_component_ref idref="oc-6b8"/>
      </symbol>
      <symbol id="sm-1411">
         <name>_SlDrvObjUnLock</name>
         <value>0x2001115d</value>
         <object_component_ref idref="oc-788"/>
      </symbol>
      <symbol id="sm-1412">
         <name>_SlDrvObjLockWaitForever</name>
         <value>0x20010f59</value>
         <object_component_ref idref="oc-77c"/>
      </symbol>
      <symbol id="sm-1413">
         <name>_SlDrvMsgReadSpawnCtx</name>
         <value>0x2000db69</value>
         <object_component_ref idref="oc-7e7"/>
      </symbol>
      <symbol id="sm-1414">
         <name>_SlDrvDispatchHttpServerEvents</name>
         <value>0x200116fd</value>
         <object_component_ref idref="oc-a9d"/>
      </symbol>
      <symbol id="sm-1415">
         <name>_SlDrvHandleNetAppEvents</name>
         <value>0x200107d9</value>
         <object_component_ref idref="oc-a89"/>
      </symbol>
      <symbol id="sm-1416">
         <name>_SlDriverHandleError</name>
         <value>0x2000e679</value>
         <object_component_ref idref="oc-7da"/>
      </symbol>
      <symbol id="sm-1417">
         <name>_SlDrvDriverCBDeinit</name>
         <value>0x2000ce55</value>
         <object_component_ref idref="oc-6a2"/>
      </symbol>
      <symbol id="sm-1418">
         <name>_SlDrvStartMeasureTimeout</name>
         <value>0x200112e1</value>
         <object_component_ref idref="oc-938"/>
      </symbol>
      <symbol id="sm-1419">
         <name>_SlDrvResetCmdExt</name>
         <value>0x2001171b</value>
         <object_component_ref idref="oc-265"/>
      </symbol>
      <symbol id="sm-141a">
         <name>_SlDrvIsTimeoutExpired</name>
         <value>0x2000f081</value>
         <object_component_ref idref="oc-93e"/>
      </symbol>
      <symbol id="sm-141b">
         <name>_SlDrvProtectAsyncRespSetting</name>
         <value>0x2001036d</value>
         <object_component_ref idref="oc-656"/>
      </symbol>
      <symbol id="sm-141c">
         <name>_SlDrvReleasePoolObj</name>
         <value>0x2000b285</value>
         <object_component_ref idref="oc-674"/>
      </symbol>
      <symbol id="sm-141d">
         <name>_SlDrvHandleWlanEvents</name>
         <value>0x20010819</value>
         <object_component_ref idref="oc-a83"/>
      </symbol>
      <symbol id="sm-141e">
         <name>OpcodeTranslateTable</name>
         <value>0x20012a50</value>
         <object_component_ref idref="oc-987"/>
      </symbol>
      <symbol id="sm-141f">
         <name>pPingCallBackFunc</name>
         <value>0x2001fd20</value>
         <object_component_ref idref="oc-274"/>
      </symbol>
      <symbol id="sm-1420">
         <name>_SlDrvDriverCBInit</name>
         <value>0x2000b7d9</value>
         <object_component_ref idref="oc-64a"/>
      </symbol>
      <symbol id="sm-1421">
         <name>g_pCB</name>
         <value>0x2001fd1c</value>
         <object_component_ref idref="oc-274"/>
      </symbol>
      <symbol id="sm-1422">
         <name>_SlDrvProtectionObjLockWaitForever</name>
         <value>0x20010de9</value>
         <object_component_ref idref="oc-6f9"/>
      </symbol>
      <symbol id="sm-1423">
         <name>_SlDrvCmdOp</name>
         <value>0x2000e305</value>
         <object_component_ref idref="oc-26b"/>
      </symbol>
      <symbol id="sm-1424">
         <name>_SlDrvSyncObjWaitTimeout</name>
         <value>0x20010689</value>
         <object_component_ref idref="oc-66e"/>
      </symbol>
      <symbol id="sm-1425">
         <name>_SlDrvGlobalObjUnLock</name>
         <value>0x20010e91</value>
         <object_component_ref idref="oc-541"/>
      </symbol>
      <symbol id="sm-1426">
         <name>_SlDrvMemZero</name>
         <value>0x20011613</value>
         <object_component_ref idref="oc-534"/>
      </symbol>
      <symbol id="sm-1427">
         <name>_SlDrvWaitForPoolObj</name>
         <value>0x2000bcc1</value>
         <object_component_ref idref="oc-6f3"/>
      </symbol>
      <symbol id="sm-1428">
         <name>_SlDrvSyncObjSignal</name>
         <value>0x2001117d</value>
         <object_component_ref idref="oc-8c9"/>
      </symbol>
      <symbol id="sm-1429">
         <name>_SlDrvDataReadOp</name>
         <value>0x2000b0a1</value>
         <object_component_ref idref="oc-4f1"/>
      </symbol>
      <symbol id="sm-142a">
         <name>_SlDrvDataWriteOp</name>
         <value>0x2000c58d</value>
         <object_component_ref idref="oc-4e6"/>
      </symbol>
      <symbol id="sm-142b">
         <name>_SlDrvRxIrqHandler</name>
         <value>0x20010135</value>
         <object_component_ref idref="oc-680"/>
      </symbol>
      <symbol id="sm-142c">
         <name>_SlDrvHandleHttpServerEvents</name>
         <value>0x20010645</value>
         <object_component_ref idref="oc-ae8"/>
      </symbol>
      <symbol id="sm-142d">
         <name>_SlDrvSyncObjWaitForever</name>
         <value>0x20010ee1</value>
         <object_component_ref idref="oc-705"/>
      </symbol>
      <symbol id="sm-142e">
         <name>g_SlDeviceStatus</name>
         <value>0x2001fd18</value>
         <object_component_ref idref="oc-274"/>
      </symbol>
      <symbol id="sm-142f">
         <name>_SlDrvCmdSend</name>
         <value>0x2000fa61</value>
         <object_component_ref idref="oc-aef"/>
      </symbol>
      <symbol id="sm-1430">
         <name>_SlActionLookupTable</name>
         <value>0x20012a8c</value>
         <object_component_ref idref="oc-a38"/>
      </symbol>
      <symbol id="sm-14d8">
         <name>sl_NetAppMDNSUnRegisterService</name>
         <value>0x2000fcd1</value>
         <object_component_ref idref="oc-3bd"/>
      </symbol>
      <symbol id="sm-14d9">
         <name>_SlNetAppSendTokenValueCmdCtrl</name>
         <value>0x20012c58</value>
         <object_component_ref idref="oc-af5"/>
      </symbol>
      <symbol id="sm-14da">
         <name>sl_NetAppDnsGetHostByName</name>
         <value>0x2000c969</value>
         <object_component_ref idref="oc-3e1"/>
      </symbol>
      <symbol id="sm-14db">
         <name>_sl_HandleAsync_DnsGetHostByName</name>
         <value>0x2000edb9</value>
         <object_component_ref idref="oc-a91"/>
      </symbol>
      <symbol id="sm-14dc">
         <name>_sl_HandleAsync_PingResponse</name>
         <value>0x2000ee49</value>
         <object_component_ref idref="oc-a24"/>
      </symbol>
      <symbol id="sm-14dd">
         <name>_SlDrvNetAppEventHandler</name>
         <value>0x2000d1d5</value>
         <object_component_ref idref="oc-a1e"/>
      </symbol>
      <symbol id="sm-14de">
         <name>_sl_HandleAsync_DnsGetHostByService</name>
         <value>0x2000e0a9</value>
         <object_component_ref idref="oc-a97"/>
      </symbol>
      <symbol id="sm-14df">
         <name>_sl_NetAppSendTokenValue</name>
         <value>0x2000facd</value>
         <object_component_ref idref="oc-aa3"/>
      </symbol>
      <symbol id="sm-14e0">
         <name>sl_NetAppMDNSRegisterUnregisterService</name>
         <value>0x2000de19</value>
         <object_component_ref idref="oc-6cd"/>
      </symbol>
      <symbol id="sm-1502">
         <name>sl_NetCfgSet</name>
         <value>0x2000ea2d</value>
         <object_component_ref idref="oc-3b1"/>
      </symbol>
      <symbol id="sm-154a">
         <name>_SlNonOsSemSet</name>
         <value>0x2001152d</value>
         <object_component_ref idref="oc-7bd"/>
      </symbol>
      <symbol id="sm-154b">
         <name>_SlNonOsSpawn</name>
         <value>0x2000fc09</value>
         <object_component_ref idref="oc-7e0"/>
      </symbol>
      <symbol id="sm-154c">
         <name>_SlNonOsSemGet</name>
         <value>0x2000e479</value>
         <object_component_ref idref="oc-782"/>
      </symbol>
      <symbol id="sm-154d">
         <name>_SlNonOsMainLoopTask</name>
         <value>0x2000f831</value>
         <object_component_ref idref="oc-387"/>
      </symbol>
      <symbol id="sm-154e">
         <name>g__SlNonOsCB</name>
         <value>0x2001fc98</value>
         <object_component_ref idref="oc-687"/>
      </symbol>
      <symbol id="sm-164f">
         <name>sl_Recv</name>
         <value>0x2000e7bd</value>
         <object_component_ref idref="oc-1ce"/>
      </symbol>
      <symbol id="sm-1650">
         <name>sl_Send</name>
         <value>0x2000cd21</value>
         <object_component_ref idref="oc-1c8"/>
      </symbol>
      <symbol id="sm-1651">
         <name>_sl_HandleAsync_Connect</name>
         <value>0x2000f545</value>
         <object_component_ref idref="oc-ab9"/>
      </symbol>
      <symbol id="sm-1652">
         <name>sl_Htonl</name>
         <value>0x20010755</value>
         <object_component_ref idref="oc-3ed"/>
      </symbol>
      <symbol id="sm-1653">
         <name>sl_Htons</name>
         <value>0x20010a49</value>
         <object_component_ref idref="oc-3e7"/>
      </symbol>
      <symbol id="sm-1654">
         <name>sl_Connect</name>
         <value>0x2000be51</value>
         <object_component_ref idref="oc-3ff"/>
      </symbol>
      <symbol id="sm-1655">
         <name>sl_Socket</name>
         <value>0x2000f199</value>
         <object_component_ref idref="oc-3f3"/>
      </symbol>
      <symbol id="sm-1656">
         <name>_sl_HandleAsync_Select</name>
         <value>0x200101dd</value>
         <object_component_ref idref="oc-abf"/>
      </symbol>
      <symbol id="sm-1657">
         <name>sl_Close</name>
         <value>0x2000fe5d</value>
         <object_component_ref idref="oc-167"/>
      </symbol>
      <symbol id="sm-1658">
         <name>_sl_HandleAsync_Accept</name>
         <value>0x2000fc6d</value>
         <object_component_ref idref="oc-ab3"/>
      </symbol>
      <symbol id="sm-1659">
         <name>sl_SetSockOpt</name>
         <value>0x2000eac5</value>
         <object_component_ref idref="oc-3f9"/>
      </symbol>
      <symbol id="sm-1713">
         <name>sl_WlanDisconnect</name>
         <value>0x20010ba1</value>
         <object_component_ref idref="oc-3ab"/>
      </symbol>
      <symbol id="sm-1714">
         <name>sl_WlanPolicySet</name>
         <value>0x2000eed9</value>
         <object_component_ref idref="oc-39f"/>
      </symbol>
      <symbol id="sm-1715">
         <name>sl_WlanProfileDel</name>
         <value>0x2000febd</value>
         <object_component_ref idref="oc-3a5"/>
      </symbol>
      <symbol id="sm-1716">
         <name>sl_WlanRxFilterSet</name>
         <value>0x2000f43d</value>
         <object_component_ref idref="oc-3c6"/>
      </symbol>
      <symbol id="sm-1717">
         <name>sl_WlanConnect</name>
         <value>0x2000a6f5</value>
         <object_component_ref idref="oc-3d0"/>
      </symbol>
      <symbol id="sm-1718">
         <name>sl_WlanSet</name>
         <value>0x2000eb5d</value>
         <object_component_ref idref="oc-3b7"/>
      </symbol>
      <symbol id="sm-1719">
         <name>sl_WlanSetMode</name>
         <value>0x2000ff1d</value>
         <object_component_ref idref="oc-38d"/>
      </symbol>
      <symbol id="sm-1839">
         <name>g_ucDinDout</name>
         <value>0x2001fecc</value>
      </symbol>
      <symbol id="sm-183a">
         <name>g_cDummy</name>
         <value>0x2001ff8a</value>
      </symbol>
      <symbol id="sm-183b">
         <name>NwpMaskInterrupt</name>
         <value>0x20011745</value>
         <object_component_ref idref="oc-8ad"/>
      </symbol>
      <symbol id="sm-183c">
         <name>NwpPrePowerOffTimout0</name>
         <value>0x200110fd</value>
         <object_component_ref idref="oc-696"/>
      </symbol>
      <symbol id="sm-183d">
         <name>NwpRegisterInterruptHandler</name>
         <value>0x20010919</value>
         <object_component_ref idref="oc-662"/>
      </symbol>
      <symbol id="sm-183e">
         <name>g_pHostIntHdl</name>
         <value>0x2001fd44</value>
         <object_component_ref idref="oc-89e"/>
      </symbol>
      <symbol id="sm-183f">
         <name>simplelink_timerA2_start</name>
         <value>0x20010a0d</value>
         <object_component_ref idref="oc-a59"/>
      </symbol>
      <symbol id="sm-1840">
         <name>NwpUnMaskInterrupt</name>
         <value>0x20011751</value>
         <object_component_ref idref="oc-8bb"/>
      </symbol>
      <symbol id="sm-1841">
         <name>NwpPowerOff</name>
         <value>0x20010ac1</value>
         <object_component_ref idref="oc-65c"/>
      </symbol>
      <symbol id="sm-1842">
         <name>TimerGetCurrentTimestamp</name>
         <value>0x2001113d</value>
         <object_component_ref idref="oc-a01"/>
      </symbol>
      <symbol id="sm-1843">
         <name>spi_Read</name>
         <value>0x2000d7b5</value>
         <object_component_ref idref="oc-97a"/>
      </symbol>
      <symbol id="sm-1844">
         <name>DmaSpiSwIntHandler</name>
         <value>0x20010fa5</value>
         <object_component_ref idref="oc-8a4"/>
      </symbol>
      <symbol id="sm-1845">
         <name>NwpPowerOn</name>
         <value>0x20010d65</value>
         <object_component_ref idref="oc-668"/>
      </symbol>
      <symbol id="sm-1846">
         <name>spi_Close</name>
         <value>0x2000f741</value>
         <object_component_ref idref="oc-69c"/>
      </symbol>
      <symbol id="sm-1847">
         <name>spi_Write</name>
         <value>0x2000ebf5</value>
         <object_component_ref idref="oc-7c4"/>
      </symbol>
      <symbol id="sm-1848">
         <name>spi_Open</name>
         <value>0x2000c6dd</value>
         <object_component_ref idref="oc-650"/>
      </symbol>
      <symbol id="sm-1849">
         <name>g_ucDMAEnabled</name>
         <value>0x2001fd48</value>
         <object_component_ref idref="oc-89e"/>
      </symbol>
      <symbol id="sm-184a">
         <name>g_SpiFd</name>
         <value>0x2001fd40</value>
         <object_component_ref idref="oc-89e"/>
      </symbol>
      <symbol id="sm-18a1">
         <name>uDMAChannelControlSet</name>
         <value>0x20010a85</value>
         <object_component_ref idref="oc-a60"/>
      </symbol>
      <symbol id="sm-18a2">
         <name>uDMAChannelAttributeEnable</name>
         <value>0x2000fd99</value>
         <object_component_ref idref="oc-a66"/>
      </symbol>
      <symbol id="sm-18a3">
         <name>uDMAChannelTransferSet</name>
         <value>0x2000d8a5</value>
         <object_component_ref idref="oc-a6c"/>
      </symbol>
      <symbol id="sm-18a4">
         <name>uDMAChannelAssign</name>
         <value>0x20010451</value>
         <object_component_ref idref="oc-9bf"/>
      </symbol>
      <symbol id="sm-18a5">
         <name>uDMAChannelAttributeDisable</name>
         <value>0x2000fd35</value>
         <object_component_ref idref="oc-9c5"/>
      </symbol>
      <symbol id="sm-18a6">
         <name>uDMAChannelEnable</name>
         <value>0x20011351</value>
         <object_component_ref idref="oc-a72"/>
      </symbol>
      <symbol id="sm-18a7">
         <name>__TI_static_base__</name>
         <value>0x20012c98</value>
      </symbol>
      <symbol id="sm-18aa">
         <name>__mpu_init</name>
         <value>0x0</value>
      </symbol>
      <symbol id="sm-18ab">
         <name>_system_post_cinit</name>
         <value>0x0</value>
      </symbol>
   </symbol_table>
   <title>Link successful</title>
</link_info>
