******************************************************************************
                  TI ARM Linker PC v20.2.7                     
******************************************************************************
>> Linked Tue Mar  3 21:16:12 2026

OUTPUT FILE NAME:   <EEC 172 Final Project.out>
ENTRY POINT SYMBOL: "_c_int00_noargs"  address: 2000e921


MEMORY CONFIGURATION

         name            origin    length      used     unused   attr    fill
----------------------  --------  ---------  --------  --------  ----  --------
  SRAM_CODE             20004000   00013000  0000bb52  000074ae  RW X
  SRAM_DATA             20017000   00019000  0000939e  0000fc62  RW X


SEGMENT ALLOCATION MAP

run origin  load origin   length   init length attrs members
----------  ----------- ---------- ----------- ----- -------
20004000    20004000    0000bb58   0000bb58    r-x
  20004000    20004000    00000400   00000400    r-- .intvecs
  20004400    20004400    0000abd6   0000abd6    r-x .text
  2000efd8    2000efd8    00000aec   00000aec    r-- .const
  2000fac8    2000fac8    00000090   00000090    r-- .cinit
20017000    20017000    000083a0   00000000    rw-
  20017000    20017000    00008000   00000000    rw- .sysmem
  2001f000    2001f000    0000026a   00000000    rw- .bss
  2001f26c    2001f26c    00000134   00000000    rw- .data
2002f000    2002f000    00001000   00000000    rw-
  2002f000    2002f000    00001000   00000000    rw- .stack


SECTION ALLOCATION MAP

 output                                  attributes/
section   page    origin      length       input sections
--------  ----  ----------  ----------   ----------------
.intvecs   0    20004000    00000400     
                  20004000    00000400     startup_ccs.obj (.intvecs)

.init_array 
*          0    20004000    00000000     UNINITIALIZED

.text      0    20004400    0000abd6     
                  20004400    0000110c     main.obj (.text)
                  2000550c    00000f04     network_utils.obj (.text)
                  20006410    00000a80     Adafruit_GFX.obj (.text)
                  20006e90    00000a4e     rtsv7M4_T_le_eabi.lib : _printfi.c.obj (.text:__TI_printfi)
                  200078de    00000002     driverlib.a : interrupt.obj (.text:IntDefaultHandler)
                  200078e0    00000590     simplelink.a : driver.obj (.text:_SlDrvMsgRead)
                  20007e70    000004a2     Adafruit_OLED.obj (.text)
                  20008312    00000002     rtsv7M4_T_le_eabi.lib : _lock.c.obj (.text:_nop)
                  20008314    00000398     gpio_if.obj (.text)
                  200086ac    00000280     simplelink.a : wlan.obj (.text:sl_WlanConnect)
                  2000892c    0000027c     uart_if.obj (.text)
                  20008ba8    00000268     rtsv7M4_T_le_eabi.lib : _printfi.c.obj (.text:_pconv_a)
                  20008e10    00000248     simplelink.a : driver.obj (.text:_SlDrvRxHdrRead)
                  20009058    000001e4                  : driver.obj (.text:_SlDrvDataReadOp)
                  2000923c    000001d0                  : driver.obj (.text:_SlDrvReleasePoolObj)
                  2000940c    000001cc     rtsv7M4_T_le_eabi.lib : _printfi.c.obj (.text:_pconv_g)
                  200095d8    000001b6                           : fd_add_t2.asm.obj (.text)
                  2000978e    00000002                           : div0.asm.obj (.text)
                  20009790    000001b4     simplelink.a : driver.obj (.text:_SlDrvDriverCBInit)
                  20009944    0000019c                  : driver.obj (.text:_SlDrvMsgWrite)
                  20009ae0    00000198     timer_if.obj (.text)
                  20009c78    00000190     simplelink.a : driver.obj (.text:_SlDrvWaitForPoolObj)
                  20009e08    0000018c                  : socket.obj (.text:sl_Connect)
                  20009f94    00000178     driverlib.a : prcm.obj (.text:PRCMCC3200MCUInit)
                  2000a10c    00000170     simplelink.a : driver.obj (.text:_SlFindAndSetActiveObj)
                  2000a27c    00000150                  : driver.obj (.text:_SlDrvDataWriteOp)
                  2000a3cc    00000148                  : cc_pal.obj (.text:spi_Open)
                  2000a514    00000144                  : driver.obj (.text:_SlDrvMsgReadCmdCtx)
                  2000a658    00000144                  : netapp.obj (.text:sl_NetAppDnsGetHostByName)
                  2000a79c    0000013c     rtsv7M4_T_le_eabi.lib : _printfi.c.obj (.text:_pconv_e)
                  2000a8d8    00000136                           : fd_div_t2.asm.obj (.text)
                  2000aa0e    00000002     --HOLE-- [fill = 0]
                  2000aa10    00000134     simplelink.a : socket.obj (.text:sl_Send)
                  2000ab44    00000130                  : driver.obj (.text:_SlDrvDriverCBDeinit)
                  2000ac74    00000130     pinmux.obj (.text)
                  2000ada4    00000120     rtsv7M4_T_le_eabi.lib : _printfi.c.obj (.text:fcvt)
                  2000aec4    00000104     simplelink.a : netapp.obj (.text:_SlDrvNetAppEventHandler)
                  2000afc8    00000100     rtsv7M4_T_le_eabi.lib : memory.c.obj (.text:aligned_alloc)
                  2000b0c8    000000fc                           : fd_mul_t2.asm.obj (.text)
                  2000b1c4    000000f0     simplelink.a : device.obj (.text:sl_Stop)
                  2000b2b4    000000f0                  : cc_pal.obj (.text:spi_Read)
                  2000b3a4    000000f0     driverlib.a : udma.obj (.text:uDMAChannelTransferSet)
                  2000b494    000000ec     simplelink.a : device.obj (.text:sl_Start)
                  2000b580    000000e8                  : driver.obj (.text:_SlAsyncEventGenericHandler)
                  2000b668    000000e8                  : driver.obj (.text:_SlDrvMsgReadSpawnCtx)
                  2000b750    000000e4     rtsv7M4_T_le_eabi.lib : memory.c.obj (.text:free)
                  2000b834    000000e4                           : memory.c.obj (.text:realloc)
                  2000b918    000000e4     simplelink.a : netapp.obj (.text:sl_NetAppMDNSRegisterUnregisterService)
                  2000b9fc    000000dc                  : driver.obj (.text:_SlDrvClassifyRxMsg)
                  2000bad8    000000d0     rtsv7M4_T_le_eabi.lib : s_scalbn.c.obj (.text:scalbn)
                  2000bba8    000000cc     simplelink.a : netapp.obj (.text:_sl_HandleAsync_DnsGetHostByService)
                  2000bc74    000000cc                  : device.obj (.text:sl_DevGet)
                  2000bd40    000000c4                  : driver.obj (.text:_SlRemoveFromList)
                  2000be04    000000c0                  : driver.obj (.text:_SlDrvCmdOp)
                  2000bec4    000000b1     rtsv7M4_T_le_eabi.lib : _printfi.c.obj (.text:_ltostr)
                  2000bf75    00000003     --HOLE-- [fill = 0]
                  2000bf78    000000b0     simplelink.a : nonos.obj (.text:_SlNonOsSemGet)
                  2000c028    000000a8     driverlib.a : interrupt.obj (.text:IntDisable)
                  2000c0d0    000000a8                 : interrupt.obj (.text:IntEnable)
                  2000c178    000000a4     simplelink.a : driver.obj (.text:_SlDriverHandleError)
                  2000c21c    000000a0     driverlib.a : spi.obj (.text:SPIConfigSetExpClk)
                  2000c2bc    000000a0     simplelink.a : socket.obj (.text:sl_Recv)
                  2000c35c    0000009c     rtsv7M4_T_le_eabi.lib : memcpy_t2.asm.obj (.text)
                  2000c3f8    0000009a     simplelink.a : device.obj (.text:_SlDrvDeviceEventHandler)
                  2000c492    00000002     --HOLE-- [fill = 0]
                  2000c494    00000098                  : device.obj (.text:sl_DevSet)
                  2000c52c    00000098                  : netcfg.obj (.text:sl_NetCfgSet)
                  2000c5c4    00000098                  : socket.obj (.text:sl_SetSockOpt)
                  2000c65c    00000098                  : wlan.obj (.text:sl_WlanSet)
                  2000c6f4    00000098                  : cc_pal.obj (.text:spi_Write)
                  2000c78c    00000096     rtsv7M4_T_le_eabi.lib : ull_div_t2.asm.obj (.text)
                  2000c822    00000002     --HOLE-- [fill = 0]
                  2000c824    00000094     driverlib.a : prcm.obj (.text:PRCMPeripheralClockGet)
                  2000c8b8    00000090     simplelink.a : netapp.obj (.text:_sl_HandleAsync_DnsGetHostByName)
                  2000c948    00000090                  : netapp.obj (.text:_sl_HandleAsync_PingResponse)
                  2000c9d8    00000090                  : wlan.obj (.text:sl_WlanPolicySet)
                  2000ca68    0000008c                  : cc_pal.obj (.text:SetupDMAReceive)
                  2000caf4    0000008c                  : cc_pal.obj (.text:SetupDMASend)
                  2000cb80    0000008c                  : driver.obj (.text:_SlDrvIsTimeoutExpired)
                  2000cc0c    0000008c                  : device.obj (.text:_sl_HandleAsync_InitComplete)
                  2000cc98    0000008c                  : socket.obj (.text:sl_Socket)
                  2000cd24    00000088     driverlib.a : pin.obj (.text:PinConfigSet)
                  2000cdac    00000086     rtsv7M4_T_le_eabi.lib : fd_cmp_t2.asm.obj (.text:__aeabi_cdcmple)
                  2000ce32    00000086                           : fd_cmp_t2.asm.obj (.text:__aeabi_cdrcmple)
                  2000ceb8    00000084     simplelink.a : wlan.obj (.text:sl_WlanRxFilterSet)
                  2000cf3c    00000082     driverlib.a : gpio.obj (.text:GPIOIntTypeSet)
                  2000cfbe    00000002     --HOLE-- [fill = 0]
                  2000cfc0    00000080     simplelink.a : socket.obj (.text:_sl_HandleAsync_Connect)
                  2000d040    00000080                  : cc_pal.obj (.text:spi_Read_CPU)
                  2000d0c0    00000080                  : cc_pal.obj (.text:spi_Write_CPU)
                  2000d140    0000007a     rtsv7M4_T_le_eabi.lib : memset_t2.asm.obj (.text)
                  2000d1ba    00000002     --HOLE-- [fill = 0]
                  2000d1bc    00000078     simplelink.a : cc_pal.obj (.text:spi_Close)
                  2000d234    00000076     driverlib.a : uart.obj (.text:UARTConfigSetExpClk)
                  2000d2aa    00000002     --HOLE-- [fill = 0]
                  2000d2ac    00000074     simplelink.a : nonos.obj (.text:_SlNonOsMainLoopTask)
                  2000d320    00000070     driverlib.a : timer.obj (.text:TimerIntRegister)
                  2000d390    00000070     rtsv7M4_T_le_eabi.lib : memory.c.obj (.text:split)
                  2000d400    0000006e                           : _printfi.c.obj (.text:_mcpy)
                  2000d46e    00000002     --HOLE-- [fill = 0]
                  2000d470    0000006c     simplelink.a : driver.obj (.text:_SlDrvCmdSend)
                  2000d4dc    0000006c                  : netapp.obj (.text:_sl_NetAppSendTokenValue)
                  2000d548    00000068     driverlib.a : timer.obj (.text:TimerIntUnregister)
                  2000d5b0    00000068     rtsv7M4_T_le_eabi.lib : copy_decompress_lzss.c.obj (.text:decompress:lzss:__TI_decompress_lzss)
                  2000d618    00000064     simplelink.a : nonos.obj (.text:_SlNonOsSpawn)
                  2000d67c    00000064                  : socket.obj (.text:_sl_HandleAsync_Accept)
                  2000d6e0    00000064                  : netapp.obj (.text:sl_NetAppMDNSUnRegisterService)
                  2000d744    00000064     driverlib.a : udma.obj (.text:uDMAChannelAttributeDisable)
                  2000d7a8    00000064                 : udma.obj (.text:uDMAChannelAttributeEnable)
                  2000d80c    00000060     simplelink.a : socket.obj (.text:sl_Close)
                  2000d86c    00000060                  : wlan.obj (.text:sl_WlanProfileDel)
                  2000d8cc    00000060                  : wlan.obj (.text:sl_WlanSetMode)
                  2000d92c    0000005c     rtsv7M4_T_le_eabi.lib : s_frexp.c.obj (.text:frexp)
                  2000d988    00000058     driverlib.a : interrupt.obj (.text:IntPendClear)
                  2000d9e0    00000058                 : prcm.obj (.text:PRCMPeripheralReset)
                  2000da38    00000056     rtsv7M4_T_le_eabi.lib : _printfi.c.obj (.text:_pconv_f)
                  2000da8e    00000002     --HOLE-- [fill = 0]
                  2000da90    00000054     driverlib.a : interrupt.obj (.text:IntPrioritySet)
                  2000dae4    00000054     simplelink.a : driver.obj (.text:_SlDrvRxIrqHandler)
                  2000db38    00000054     rtsv7M4_T_le_eabi.lib : _ltoa.c.obj (.text:__TI_ltoa)
                  2000db8c    00000054     simplelink.a : socket.obj (.text:_sl_HandleAsync_Select)
                  2000dbe0    00000052     rtsv7M4_T_le_eabi.lib : _printfi.c.obj (.text:_ecpy)
                  2000dc32    00000002     --HOLE-- [fill = 0]
                  2000dc34    00000050     simplelink.a : device.obj (.text:_sl_HandleAsync_Stop)
                  2000dc84    0000004c     driverlib.a : spi.obj (.text:SPIIntEnable)
                  2000dcd0    0000004c                 : spi.obj (.text:SPIIntNumberGet)
                  2000dd1c    0000004c     simplelink.a : driver.obj (.text:_SlDrvProtectAsyncRespSetting)
                  2000dd68    0000004c                  : socket.obj (.text:_sl_BuildAddress)
                  2000ddb4    0000004c     rtsv7M4_T_le_eabi.lib : atoi.c.obj (.text:atoi)
                  2000de00    0000004c     driverlib.a : udma.obj (.text:uDMAChannelAssign)
                  2000de4c    00000048                 : gpio.obj (.text:GPIOGetIntNumber)
                  2000de94    00000048                 : spi.obj (.text:SPIIntClear)
                  2000dedc    00000048     simplelink.a : driver.obj (.text:_SlDrvBasicCmd)
                  2000df24    00000048     rtsv7M4_T_le_eabi.lib : fd_toi_t2.asm.obj (.text)
                  2000df6c    00000044     driverlib.a : spi.obj (.text:SPIDmaMaskGet)
                  2000dfb0    00000044                 : timer.obj (.text:TimerConfigure)
                  2000dff4    00000044     simplelink.a : driver.obj (.text:_SlDrvHandleHttpServerEvents)
                  2000e038    00000044                  : driver.obj (.text:_SlDrvSyncObjWaitTimeout)
                  2000e07c    00000044     rtsv7M4_T_le_eabi.lib : autoinit.c.obj (.text:__TI_auto_init_nobinit_nopinit:__TI_auto_init_nobinit_nopinit)
                  2000e0c0    00000044     simplelink.a : cc_pal.obj (.text:cc_SetupTransfer)
                  2000e104    00000042                  : socket.obj (.text:sl_Htonl)
                  2000e146    00000002     --HOLE-- [fill = 0]
                  2000e148    00000040     driverlib.a : pin.obj (.text:PinModeSet)
                  2000e188    00000040     simplelink.a : driver.obj (.text:_SlDrvHandleNetAppEvents)
                  2000e1c8    00000040                  : driver.obj (.text:_SlDrvHandleWlanEvents)
                  2000e208    00000040                  : socket.obj (.text:_sl_TruncatePayloadByProtocol)
                  2000e248    00000040     rtsv7M4_T_le_eabi.lib : sprintf.c.obj (.text:sprintf)
                  2000e288    00000040                           : vsnprintf.c.obj (.text:vsnprintf)
                  2000e2c8    0000003e     simplelink.a : cc_pal.obj (.text:NwpRegisterInterruptHandler)
                  2000e306    0000003e     rtsv7M4_T_le_eabi.lib : _printfi.c.obj (.text:_fcpy)
                  2000e344    0000003c     simplelink.a : netapp.obj (.text:CopyPingResultsToReport)
                  2000e380    0000003c     driverlib.a : prcm.obj (.text:PRCMPeripheralClkEnable)
                  2000e3bc    0000003c     simplelink.a : cc_pal.obj (.text:simplelink_timerA2_start)
                  2000e3f8    0000003c                  : socket.obj (.text:sl_Htons)
                  2000e434    0000003c     driverlib.a : udma.obj (.text:uDMAChannelControlSet)
                  2000e470    00000038     simplelink.a : cc_pal.obj (.text:NwpPowerOff)
                  2000e4a8    00000038                  : wlan.obj (.text:sl_WlanDisconnect)
                  2000e4e0    00000036     driverlib.a : gpio.obj (.text:GPIODirModeSet)
                  2000e516    00000002     --HOLE-- [fill = 0]
                  2000e518    00000034                 : prcm.obj (.text:PRCMPeripheralStatusGet)
                  2000e54c    00000034                 : spi.obj (.text:SPIFIFOLevelSet)
                  2000e580    00000034     rtsv7M4_T_le_eabi.lib : strstr.c.obj (.text:strstr)
                  2000e5b4    00000030     driverlib.a : pin.obj (.text:PinTypeGPIO)
                  2000e5e4    00000030                 : uart.obj (.text:UARTDisable)
                  2000e614    00000030     rtsv7M4_T_le_eabi.lib : vsnprintf.c.obj (.text:_outs)
                  2000e644    0000002e                           : i_tofd_t2.asm.obj (.text)
                  2000e672    00000002     --HOLE-- [fill = 0]
                  2000e674    0000002c     simplelink.a : cc_pal.obj (.text:NwpPowerOn)
                  2000e6a0    0000002c     driverlib.a : prcm.obj (.text:PRCMSysResetCauseGet)
                  2000e6cc    0000002c     simplelink.a : driver.obj (.text:_SlDrvObjGlobalLockWaitForever)
                  2000e6f8    0000002c                  : driver.obj (.text:_SlDrvProtectionObjLockWaitForever)
                  2000e724    0000002a     driverlib.a : timer.obj (.text:TimerLoadSet)
                  2000e74e    0000002a                 : timer.obj (.text:TimerPrescaleSet)
                  2000e778    00000028                 : prcm.obj (.text:PRCMPeripheralClkDisable)
                  2000e7a0    00000028     simplelink.a : driver.obj (.text:_SlDrvGlobalObjUnLock)
                  2000e7c8    00000028                  : driver.obj (.text:_SlDrvProtectionObjUnLock)
                  2000e7f0    00000028                  : driver.obj (.text:_SlDrvSyncObjWaitForever)
                  2000e818    00000028     rtsv7M4_T_le_eabi.lib : memory.c.obj (.text:free_list_insert)
                  2000e840    00000028                           : memmov.c.obj (.text:memmove)
                  2000e868    00000026     simplelink.a : driver.obj (.text:_SlDrvObjLockWaitForever)
                  2000e88e    00000026     network_common.obj (.text)
                  2000e8b4    00000024     simplelink.a : cc_pal.obj (.text:DmaSpiSwIntHandler)
                  2000e8d8    00000024     driverlib.a : interrupt.obj (.text:IntUnregister)
                  2000e8fc    00000024                 : uart.obj (.text:UARTEnable)
                  2000e920    00000024     rtsv7M4_T_le_eabi.lib : boot_cortex_m.c.obj (.text:_c_int00_noargs:_c_int00_noargs)
                  2000e944    00000022     driverlib.a : gpio.obj (.text:GPIOIntStatus)
                  2000e966    00000022                 : spi.obj (.text:SPIReset)
                  2000e988    00000022                 : spi.obj (.text:SPIWordCountSet)
                  2000e9aa    00000020                 : gpio.obj (.text:GPIOPinWrite)
                  2000e9ca    00000002     --HOLE-- [fill = 0]
                  2000e9cc    00000020                 : interrupt.obj (.text:IntRegister)
                  2000e9ec    00000020     simplelink.a : cc_pal.obj (.text:NwpPrePowerOffTimout0)
                  2000ea0c    00000020     driverlib.a : spi.obj (.text:SPIDataGet)
                  2000ea2c    00000020     simplelink.a : cc_pal.obj (.text:TimerGetCurrentTimestamp)
                  2000ea4c    00000020                  : driver.obj (.text:_SlDrvObjUnLock)
                  2000ea6c    00000020                  : driver.obj (.text:_SlDrvSyncObjSignal)
                  2000ea8c    0000001e     driverlib.a : gpio.obj (.text:GPIOIntRegister)
                  2000eaaa    0000001e                 : spi.obj (.text:SPIDataPut)
                  2000eac8    0000001e                 : timer.obj (.text:TimerDisable)
                  2000eae6    0000001e                 : timer.obj (.text:TimerEnable)
                  2000eb04    0000001e                 : timer.obj (.text:TimerIntStatus)
                  2000eb22    0000001e                 : uart.obj (.text:UARTCharPut)
                  2000eb40    0000001e     simplelink.a : cc_pal.obj (.text:cc_UDMAChannelSelect)
                  2000eb5e    00000002     --HOLE-- [fill = 0]
                  2000eb60    0000001c     driverlib.a : systick.obj (.text:SysTickIntRegister)
                  2000eb7c    0000001c                 : timer.obj (.text:TimerValueGet)
                  2000eb98    0000001c                 : uart.obj (.text:UARTCharGetNonBlocking)
                  2000ebb4    0000001c     simplelink.a : driver.obj (.text:_SlDrvStartMeasureTimeout)
                  2000ebd0    0000001c     rtsv7M4_T_le_eabi.lib : copy_zero_init.c.obj (.text:decompress:ZI:__TI_zero_init_nomemset:__TI_zero_init_nomemset)
                  2000ebec    0000001c                           : memory.c.obj (.text:free_list_remove)
                  2000ec08    0000001c                           : memccpy.c.obj (.text:memccpy)
                  2000ec24    0000001c     driverlib.a : udma.obj (.text:uDMAChannelEnable)
                  2000ec40    0000001a                 : gpio.obj (.text:GPIOIntEnable)
                  2000ec5a    0000001a                 : pin.obj (.text:PinTypeSPI)
                  2000ec74    0000001a                 : pin.obj (.text:PinTypeUART)
                  2000ec8e    0000001a                 : spi.obj (.text:SPIDmaDisable)
                  2000eca8    0000001a                 : spi.obj (.text:SPIDmaEnable)
                  2000ecc2    0000001a                 : spi.obj (.text:SPIFIFODisable)
                  2000ecdc    0000001a                 : spi.obj (.text:SPIFIFOEnable)
                  2000ecf6    0000001a                 : spi.obj (.text:SPIIntUnregister)
                  2000ed10    00000018                 : gpio.obj (.text:GPIOPinRead)
                  2000ed28    00000018                 : spi.obj (.text:SPICSDisable)
                  2000ed40    00000018                 : spi.obj (.text:SPICSEnable)
                  2000ed58    00000018                 : spi.obj (.text:SPIDisable)
                  2000ed70    00000018                 : spi.obj (.text:SPIEnable)
                  2000ed88    00000018                 : systick.obj (.text:SysTickPeriodSet)
                  2000eda0    00000018                 : timer.obj (.text:TimerIntDisable)
                  2000edb8    00000018                 : timer.obj (.text:TimerIntEnable)
                  2000edd0    00000018                 : uart.obj (.text:UARTCharsAvail)
                  2000ede8    00000018     simplelink.a : nonos.obj (.text:_SlNonOsSemSet)
                  2000ee00    00000018     rtsv7M4_T_le_eabi.lib : vsnprintf.c.obj (.text:_outc)
                  2000ee18    00000018                           : sprintf.c.obj (.text:_outs)
                  2000ee30    00000018     simplelink.a : device.obj (.text:_sl_GetStartResponseConvert)
                  2000ee48    00000016     driverlib.a : prcm.obj (.text:PRCMHIBRegRead)
                  2000ee5e    00000016                 : prcm.obj (.text:PRCMHIBRegWrite)
                  2000ee74    00000016     simplelink.a : driver.obj (.text:_SlDrvMemZero)
                  2000ee8a    00000016     rtsv7M4_T_le_eabi.lib : strchr.c.obj (.text:strchr)
                  2000eea0    00000014     driverlib.a : cpu.obj (.text:CPUcpsie)
                  2000eeb4    00000014                 : gpio.obj (.text:GPIOIntClear)
                  2000eec8    00000014                 : interrupt.obj (.text:IntVTableBaseSet)
                  2000eedc    00000014     rtsv7M4_T_le_eabi.lib : strcpy.c.obj (.text:strcpy)
                  2000eef0    00000014                           : strlen.c.obj (.text:strlen)
                  2000ef04    00000012     driverlib.a : timer.obj (.text:TimerIntClear)
                  2000ef16    00000012     rtsv7M4_T_le_eabi.lib : wcslen.c.obj (.text:wcslen)
                  2000ef28    00000010     driverlib.a : systick.obj (.text:SysTickEnable)
                  2000ef38    00000010     simplelink.a : driver.obj (.text:_SlDrvDispatchHttpServerEvents)
                  2000ef48    0000000e                  : driver.obj (.text:_SlDrvResetCmdExt)
                  2000ef56    0000000e     rtsv7M4_T_le_eabi.lib : copy_decompress_none.c.obj (.text:decompress:none:__TI_decompress_none)
                  2000ef64    0000000e     startup_ccs.obj (.text)
                  2000ef72    00000002     --HOLE-- [fill = 0]
                  2000ef74    0000000c     simplelink.a : cc_pal.obj (.text:NwpMaskInterrupt)
                  2000ef80    0000000c                  : cc_pal.obj (.text:NwpUnMaskInterrupt)
                  2000ef8c    0000000c     driverlib.a : systick.obj (.text:SysTickValueGet)
                  2000ef98    0000000c     rtsv7M4_T_le_eabi.lib : s_copysign.c.obj (.text:copysign)
                  2000efa4    0000000a     driverlib.a : interrupt.obj (.text:IntMasterEnable)
                  2000efae    0000000a     rtsv7M4_T_le_eabi.lib : sprintf.c.obj (.text:_outc)
                  2000efb8    00000008                           : errno.c.obj (.text:__aeabi_errno_addr)
                  2000efc0    00000008                           : memory.c.obj (.text:malloc)
                  2000efc8    00000006     driverlib.a : utils.obj (.text:UtilsDelay)
                  2000efce    00000004     rtsv7M4_T_le_eabi.lib : pre_init.c.obj (.text:_system_pre_init)
                  2000efd2    00000004                           : exit.c.obj (.text:abort:abort)

.const     0    2000efd8    00000aec     
                  2000efd8    000004fb     Adafruit_GFX.obj (.const:.string:font)
                  2000f4d3    00000101     rtsv7M4_T_le_eabi.lib : ctype.c.obj (.const:.string:_ctypes_)
                  2000f5d4    00000100     driverlib.a : pin.obj (.const:g_ulPinToPadMap)
                  2000f6d4    000000d4                 : interrupt.obj (.const:g_pulRegs)
                  2000f7a8    000000a8                 : prcm.obj (.const:PRCM_PeriphRegsList)
                  2000f850    0000003c     simplelink.a : driver.obj (.const:OpcodeTranslateTable)
                  2000f88c    00000038                  : driver.obj (.const:_SlActionLookupTable)
                  2000f8c4    0000002e     main.obj (.const:.string)
                  2000f8f2    00000002     --HOLE-- [fill = 0]
                  2000f8f4    0000002c     network_utils.obj (.const:$P$T1$2)
                  2000f920    00000024     driverlib.a : spi.obj (.const:g_ppulSPIIntMap)
                  2000f944    00000022     network_utils.obj (.const:.string:$P$T0$1)
                  2000f966    00000002     --HOLE-- [fill = 0]
                  2000f968    00000020     simplelink.a : driver.obj (.const:RxMsgClassLUT)
                  2000f988    00000018     driverlib.a : interrupt.obj (.const:g_pulDisRegs)
                  2000f9a0    00000018                 : interrupt.obj (.const:g_pulEnRegs)
                  2000f9b8    00000018                 : interrupt.obj (.const:g_pulUnpendRegs)
                  2000f9d0    00000018                 : spi.obj (.const:g_ulSPIDmaMaskMap)
                  2000f9e8    00000014     simplelink.a : driver.obj (.const:$P$T0$1)
                  2000f9fc    00000014                  : nonos.obj (.const:$P$T0$1)
                  2000fa10    00000014     network_utils.obj (.const:$P$T2$3)
                  2000fa24    00000010     simplelink.a : socket.obj (.const:.string:_SlPayloadByProtocolLUT)
                  2000fa34    0000000c     network_utils.obj (.const:$P$T4$5)
                  2000fa40    0000000c     network_utils.obj (.const:.string:$P$T3$4)
                  2000fa4c    00000009     main.obj (.const:.string:$P$T0$1)
                  2000fa55    00000008     simplelink.a : device.obj (.const:StartResponseLUT)
                  2000fa5d    00000003     --HOLE-- [fill = 0]
                  2000fa60    00000008                  : driver.obj (.const:g_H2NCnysPattern)
                  2000fa68    00000008                  : driver.obj (.const:g_H2NSyncPattern)
                  2000fa70    00000004                  : wlan.obj (.const:$P$T0$1)
                  2000fa74    00000004                  : socket.obj (.const:$P$T2$3)
                  2000fa78    00000004                  : device.obj (.const:_SlDeviceGetCmdCtrl)
                  2000fa7c    00000004                  : device.obj (.const:_SlDeviceSetCmdCtrl)
                  2000fa80    00000004                  : netapp.obj (.const:_SlGetHostByNameCtrl)
                  2000fa84    00000004                  : netapp.obj (.const:_SlNetAppSendTokenValueCmdCtrl)
                  2000fa88    00000004                  : netcfg.obj (.const:_SlNetCfgSetCmdCtrl)
                  2000fa8c    00000004                  : wlan.obj (.const:_SlPolicySetCmdCtrl)
                  2000fa90    00000004                  : wlan.obj (.const:_SlProfileDelCmdCtrl)
                  2000fa94    00000004                  : socket.obj (.const:_SlRecvCmdCtrl)
                  2000fa98    00000004                  : netapp.obj (.const:_SlRegisterServiceCtrl)
                  2000fa9c    00000004                  : wlan.obj (.const:_SlRxFilterSetCmdCtrl)
                  2000faa0    00000004                  : socket.obj (.const:_SlSendCmdCtrl)
                  2000faa4    00000004                  : socket.obj (.const:_SlSetSockOptCmdCtrl)
                  2000faa8    00000004                  : socket.obj (.const:_SlSockCloseCmdCtrl)
                  2000faac    00000004                  : socket.obj (.const:_SlSockSocketCmdCtrl)
                  2000fab0    00000004                  : device.obj (.const:_SlStopCmdCtrl)
                  2000fab4    00000004                  : wlan.obj (.const:_SlWlanCfgSetCmdCtrl)
                  2000fab8    00000004                  : wlan.obj (.const:_SlWlanSetModeCmdCtrl)
                  2000fabc    00000004                  : driver.obj (.const:httpServer_callbacks)
                  2000fac0    00000004                  : driver.obj (.const:netApp_callbacks)

.cinit     0    2000fac8    00000090     
                  2000fac8    0000006b     (.cinit..data.load) [load image, compression = lzss]
                  2000fb33    00000001     --HOLE-- [fill = 0]
                  2000fb34    0000000c     (__TI_handler_table)
                  2000fb40    00000008     (.cinit..bss.load) [load image, compression = zero_init]
                  2000fb48    00000010     (__TI_cinit_table)

.sysmem    0    20017000    00008000     UNINITIALIZED
                  20017000    00000010     rtsv7M4_T_le_eabi.lib : memory.c.obj (.sysmem)
                  20017010    00007ff0     --HOLE--

.bss       0    2001f000    0000026a     UNINITIALIZED
                  2001f000    00000168     simplelink.a : driver.obj (.bss:g_StatMem)
                  2001f168    00000050     (.common:g_ucDinDout)
                  2001f1b8    00000040     (.common:composeBuffer)
                  2001f1f8    0000002c     (.common:g_time)
                  2001f224    00000024     (.common:g_ucConnectionSSID)
                  2001f248    00000008     (.common:g_app_config)
                  2001f250    00000008     (.common:g_ucConnectionBSSID)
                  2001f258    00000004     uart_if.obj (.bss)
                  2001f25c    00000004     (.common:g_Host)
                  2001f260    00000004     (.common:g_port)
                  2001f264    00000001     (.common:RxIrqCnt)
                  2001f265    00000001     (.common:g_bDeviceRestartIsRequired)
                  2001f266    00000001     (.common:g_cDummy)
                  2001f267    00000001     (.common:g_ucLED1Pin)
                  2001f268    00000001     (.common:g_ucLED2Pin)
                  2001f269    00000001     (.common:g_ucLED3Pin)

.data      0    2001f26c    00000134     UNINITIALIZED
                  2001f26c    0000003c     simplelink.a : nonos.obj (.data:g__SlNonOsCB)
                  2001f2a8    00000035     main.obj (.data)
                  2001f2dd    00000003     --HOLE--
                  2001f2e0    00000028     main.obj (.data:multi_tap_chars)
                  2001f308    00000015     Adafruit_GFX.obj (.data)
                  2001f31d    00000003     --HOLE--
                  2001f320    00000014     gpio_if.obj (.data:ulReg)
                  2001f334    00000010     main.obj (.data:current_altitude)
                  2001f344    00000010     main.obj (.data:current_callsign)
                  2001f354    0000000d     simplelink.a : driver.obj (.data)
                  2001f361    00000003     --HOLE--
                  2001f364    0000000c     gpio_if.obj (.data)
                  2001f370    0000000c     network_utils.obj (.data)
                  2001f37c    00000009     simplelink.a : cc_pal.obj (.data)
                  2001f385    00000003     --HOLE--
                  2001f388    00000008     rtsv7M4_T_le_eabi.lib : _lock.c.obj (.data:$O1$$)
                  2001f390    00000008                           : memory.c.obj (.data:$O1$$)
                  2001f398    00000004                           : errno.c.obj (.data)
                  2001f39c    00000004     simplelink.a : driver.obj (.data:wlan_callbacks)

.stack     0    2002f000    00001000     UNINITIALIZED
                  2002f000    00000004     rtsv7M4_T_le_eabi.lib : boot_cortex_m.c.obj (.stack)
                  2002f004    00000ffc     --HOLE--

__llvm_prf_cnts 
*          0    20017000    00000000     UNINITIALIZED

MODULE SUMMARY

       Module                       code    ro data   rw data
       ------                       ----    -------   -------
    .\
       main.obj                     4364    55        189    
       Adafruit_GFX.obj             2688    1275      21     
       Adafruit_OLED.obj            1186    0         0      
       startup_ccs.obj              14      1024      0      
       gpio_if.obj                  920     0         35     
       uart_if.obj                  636     0         4      
       timer_if.obj                 408     0         0      
       pinmux.obj                   304     0         0      
       network_common.obj           38      0         0      
    +--+----------------------------+-------+---------+---------+
       Total:                       10558   2354      249    
                                                             
    .\utils\
       network_utils.obj            3844    122       116    
    +--+----------------------------+-------+---------+---------+
       Total:                       3844    122       116    
                                                             
    C:/ti/CC3200SDK_1.5.0/cc3200-sdk/driverlib/ccs/Release/driverlib.a
       prcm.obj                     852     168       0      
       spi.obj                      860     60        0      
       interrupt.obj                608     284       0      
       udma.obj                     604     0         0      
       pin.obj                      300     256       0      
       timer.obj                    552     0         0      
       gpio.obj                     422     0         0      
       uart.obj                     284     0         0      
       systick.obj                  80      0         0      
       cpu.obj                      20      0         0      
       utils.obj                    6       0         0      
    +--+----------------------------+-------+---------+---------+
       Total:                       4588    768       0      
                                                             
    C:/ti/CC3200SDK_1.5.0/cc3200-sdk/simplelink/ccs/NON_OS/simplelink.a
       driver.obj                   7906    192       379    
       cc_pal.obj                   1820    0         90     
       socket.obj                   1830    40        0      
       netapp.obj                   1572    12        0      
       wlan.obj                     1316    24        0      
       device.obj                   1230    20        0      
       nonos.obj                    416     20        60     
       netcfg.obj                   152     4         0      
    +--+----------------------------+-------+---------+---------+
       Total:                       16242   312       529    
                                                             
    C:\ti\ccs1250\ccs\tools\compiler\ti-cgt-arm_20.2.7.LTS\lib\rtsv7M4_T_le_eabi.lib
       _printfi.c.obj               4835    0         0      
       memory.c.obj                 900     0         8      
       fd_add_t2.asm.obj            438     0         0      
       fd_div_t2.asm.obj            310     0         0      
       fd_cmp_t2.asm.obj            268     0         0      
       ctype.c.obj                  0       257       0      
       fd_mul_t2.asm.obj            252     0         0      
       s_scalbn.c.obj               208     0         0      
       memcpy_t2.asm.obj            156     0         0      
       ull_div_t2.asm.obj           150     0         0      
       vsnprintf.c.obj              136     0         0      
       memset_t2.asm.obj            122     0         0      
       copy_decompress_lzss.c.obj   104     0         0      
       sprintf.c.obj                98      0         0      
       s_frexp.c.obj                92      0         0      
       _ltoa.c.obj                  84      0         0      
       atoi.c.obj                   76      0         0      
       fd_toi_t2.asm.obj            72      0         0      
       autoinit.c.obj               68      0         0      
       strstr.c.obj                 52      0         0      
       i_tofd_t2.asm.obj            46      0         0      
       memmov.c.obj                 40      0         0      
       boot_cortex_m.c.obj          36      0         0      
       copy_zero_init.c.obj         28      0         0      
       memccpy.c.obj                28      0         0      
       strchr.c.obj                 22      0         0      
       strcpy.c.obj                 20      0         0      
       strlen.c.obj                 20      0         0      
       wcslen.c.obj                 18      0         0      
       copy_decompress_none.c.obj   14      0         0      
       errno.c.obj                  8       0         4      
       s_copysign.c.obj             12      0         0      
       _lock.c.obj                  2       0         8      
       exit.c.obj                   4       0         0      
       pre_init.c.obj               4       0         0      
       div0.asm.obj                 2       0         0      
    +--+----------------------------+-------+---------+---------+
       Total:                       8725    257       20     
                                                             
       Heap:                        0       0         32768  
       Stack:                       0       0         4096   
       Linker Generated:            0       143       0      
    +--+----------------------------+-------+---------+---------+
       Grand Total:                 43957   3956      37778  


LINKER GENERATED COPY TABLES

__TI_cinit_table @ 2000fb48 records: 2, size/record: 8, table size: 16
	.data: load addr=2000fac8, load size=0000006b bytes, run addr=2001f26c, run size=00000134 bytes, compression=lzss
	.bss: load addr=2000fb40, load size=00000008 bytes, run addr=2001f000, run size=0000026a bytes, compression=zero_init


LINKER GENERATED HANDLER TABLE

__TI_handler_table @ 2000fb34 records: 3, size/record: 4, table size: 12
	index: 0, handler: __TI_decompress_lzss
	index: 1, handler: __TI_decompress_none
	index: 2, handler: __TI_zero_init


GLOBAL SYMBOLS: SORTED ALPHABETICALLY BY Name 

address   name                                  
-------   ----                                  
20007ef9  Adafruit_Init                         
2000efd3  C$$EXIT                               
2000eea1  CPUcpsie                              
2000896d  ClearTerm                             
2000806f  Color565                              
200053d9  DeleteChar                            
2000e8b5  DmaSpiSwIntHandler                    
20008977  Error                                 
2000e4e1  GPIODirModeSet                        
2000eeb5  GPIOIntClear                          
2000ec41  GPIOIntEnable                         
2000516d  GPIOIntHandler                        
2000ea8d  GPIOIntRegister                       
2000e945  GPIOIntStatus                         
2000cf3d  GPIOIntTypeSet                        
2000ed11  GPIOPinRead                           
2000e9ab  GPIOPinWrite                          
200085d5  GPIO_IF_ConfigureNIntEnable           
20008661  GPIO_IF_Get                           
2000858f  GPIO_IF_GetPortNPin                   
20008351  GPIO_IF_LedConfigure                  
20008443  GPIO_IF_LedOff                        
2000838f  GPIO_IF_LedOn                         
200084f7  GPIO_IF_LedStatus                     
20008561  GPIO_IF_LedToggle                     
2000861d  GPIO_IF_Set                           
200089af  GetCmd                                
2000892d  InitTerm                              
2000c029  IntDisable                            
2000c0d1  IntEnable                             
2000efa5  IntMasterEnable                       
2000d989  IntPendClear                          
2000da91  IntPrioritySet                        
2000e9cd  IntRegister                           
2000e8d9  IntUnregister                         
2000eec9  IntVTableBaseSet                      
2000894b  Message                               
2000ef75  NwpMaskInterrupt                      
2000e471  NwpPowerOff                           
2000e675  NwpPowerOn                            
2000e9ed  NwpPrePowerOffTimout0                 
2000e2c9  NwpRegisterInterruptHandler           
2000ef81  NwpUnMaskInterrupt                    
2000f850  OpcodeTranslateTable                  
20006dbb  Outstr                                
20009f95  PRCMCC3200MCUInit                     
2000ee49  PRCMHIBRegRead                        
2000ee5f  PRCMHIBRegWrite                       
2000e779  PRCMPeripheralClkDisable              
2000e381  PRCMPeripheralClkEnable               
2000c825  PRCMPeripheralClockGet                
2000d9e1  PRCMPeripheralReset                   
2000e519  PRCMPeripheralStatusGet               
2000e6a1  PRCMSysResetCauseGet                  
2000cd25  PinConfigSet                          
2000e149  PinModeSet                            
2000ac75  PinMuxConfig                          
2000e5b5  PinTypeGPIO                           
2000ec5b  PinTypeSPI                            
2000ec75  PinTypeUART                           
20004f43  PostFlightData                        
20005459  PostIRMessage                         
20005279  ProcessButton                         
20008aed  Report                                
2000ef65  ResetISR                              
2001f264  RxIrqCnt                              
2000ed29  SPICSDisable                          
2000ed41  SPICSEnable                           
2000c21d  SPIConfigSetExpClk                    
2000ea0d  SPIDataGet                            
2000eaab  SPIDataPut                            
2000ed59  SPIDisable                            
2000ec8f  SPIDmaDisable                         
2000eca9  SPIDmaEnable                          
2000ed71  SPIEnable                             
2000ecc3  SPIFIFODisable                        
2000ecdd  SPIFIFOEnable                         
2000e54d  SPIFIFOLevelSet                       
2000de95  SPIIntClear                           
2000dc85  SPIIntEnable                          
2000ecf7  SPIIntUnregister                      
2000e967  SPIReset                              
2000e989  SPIWordCountSet                       
200056e1  SimpleLinkGeneralEventHandler         
200056bd  SimpleLinkHttpServerCallback          
2000561b  SimpleLinkNetAppEventHandler          
20005701  SimpleLinkSockEventHandler            
2000550d  SimpleLinkWlanEventHandler            
2000ef29  SysTickEnable                         
200050c9  SysTickInit                           
2000eb61  SysTickIntRegister                    
2000ed89  SysTickPeriodSet                      
200050b9  SysTickReset                          
2000ef8d  SysTickValueGet                       
200050e5  TickDifference                        
2000dfb1  TimerConfigure                        
2000eac9  TimerDisable                          
2000eae7  TimerEnable                           
2000ea2d  TimerGetCurrentTimestamp              
2000ef05  TimerIntClear                         
2000eda1  TimerIntDisable                       
2000edb9  TimerIntEnable                        
2000d321  TimerIntRegister                      
2000eb05  TimerIntStatus                        
2000d549  TimerIntUnregister                    
2000e725  TimerLoadSet                          
2000e74f  TimerPrescaleSet                      
200051fd  TimerTickHandler                      
2000eb7d  TimerValueGet                         
20009c27  Timer_IF_DeInit                       
20009c59  Timer_IF_GetCount                     
20009b61  Timer_IF_Init                         
20009b93  Timer_IF_IntSetup                     
20009bdf  Timer_IF_InterruptClear               
20009c41  Timer_IF_ReLoad                       
20009bf7  Timer_IF_Start                        
20009c17  Timer_IF_Stop                         
20008a55  TrimSpace                             
2000eb99  UARTCharGetNonBlocking                
2000eb23  UARTCharPut                           
2000edd1  UARTCharsAvail                        
2000d235  UARTConfigSetExpClk                   
2000e5e5  UARTDisable                           
2000e8fd  UARTEnable                            
2000efc9  UtilsDelay                            
2000f88c  _SlActionLookupTable                  
2000c179  _SlDriverHandleError                  
2000dedd  _SlDrvBasicCmd                        
2000be05  _SlDrvCmdOp                           
2000d471  _SlDrvCmdSend                         
20009059  _SlDrvDataReadOp                      
2000a27d  _SlDrvDataWriteOp                     
2000c3f9  _SlDrvDeviceEventHandler              
2000ef39  _SlDrvDispatchHttpServerEvents        
2000ab45  _SlDrvDriverCBDeinit                  
20009791  _SlDrvDriverCBInit                    
2000e7a1  _SlDrvGlobalObjUnLock                 
2000dff5  _SlDrvHandleHttpServerEvents          
2000e189  _SlDrvHandleNetAppEvents              
2000e1c9  _SlDrvHandleWlanEvents                
2000cb81  _SlDrvIsTimeoutExpired                
2000ee75  _SlDrvMemZero                         
2000b669  _SlDrvMsgReadSpawnCtx                 
2000aec5  _SlDrvNetAppEventHandler              
2000e869  _SlDrvObjLockWaitForever              
2000ea4d  _SlDrvObjUnLock                       
2000dd1d  _SlDrvProtectAsyncRespSetting         
2000e6f9  _SlDrvProtectionObjLockWaitForever    
2000e7c9  _SlDrvProtectionObjUnLock             
2000923d  _SlDrvReleasePoolObj                  
2000ef49  _SlDrvResetCmdExt                     
2000dae5  _SlDrvRxIrqHandler                    
2000ebb5  _SlDrvStartMeasureTimeout             
2000ea6d  _SlDrvSyncObjSignal                   
2000e7f1  _SlDrvSyncObjWaitForever              
2000e039  _SlDrvSyncObjWaitTimeout              
20009c79  _SlDrvWaitForPoolObj                  
2000fa84  _SlNetAppSendTokenValueCmdCtrl        
2000d2ad  _SlNonOsMainLoopTask                  
2000bf79  _SlNonOsSemGet                        
2000ede9  _SlNonOsSemSet                        
2000d619  _SlNonOsSpawn                         
20030000  __STACK_END                           
00001000  __STACK_SIZE                          
00008000  __SYSMEM_SIZE                         
2000fb48  __TI_CINIT_Base                       
2000fb58  __TI_CINIT_Limit                      
2000fb34  __TI_Handler_Table_Base               
2000fb40  __TI_Handler_Table_Limit              
2000e07d  __TI_auto_init_nobinit_nopinit        
2000d5b1  __TI_decompress_lzss                  
2000ef57  __TI_decompress_none                  
2000db39  __TI_ltoa                             
ffffffff  __TI_pprof_out_hndl                   
20006e91  __TI_printfi                          
ffffffff  __TI_prof_data_size                   
ffffffff  __TI_prof_data_start                  
2000fac8  __TI_static_base__                    
2000ebd1  __TI_zero_init_nomemset               
2000cdad  __aeabi_cdcmpeq                       
2000cdad  __aeabi_cdcmple                       
2000ce33  __aeabi_cdrcmple                      
2000df25  __aeabi_d2iz                          
200095e3  __aeabi_dadd                          
2000a8d9  __aeabi_ddiv                          
2000b0c9  __aeabi_dmul                          
200095d9  __aeabi_dsub                          
2000efb9  __aeabi_errno_addr                    
2000e645  __aeabi_i2d                           
2000978f  __aeabi_idiv0                         
2000978f  __aeabi_ldiv0                         
2000d141  __aeabi_memclr                        
2000d141  __aeabi_memclr4                       
2000d141  __aeabi_memclr8                       
2000c35d  __aeabi_memcpy                        
2000c35d  __aeabi_memcpy4                       
2000c35d  __aeabi_memcpy8                       
2000d143  __aeabi_memset                        
2000d143  __aeabi_memset4                       
2000d143  __aeabi_memset8                       
2000c78d  __aeabi_uldivmod                      
ffffffff  __binit__                             
ffffffff  __c_args__                            
UNDEFED   __mpu_init                            
2002f000  __stack                               
20017000  __start___llvm_prf_cnts               
20017000  __stop___llvm_prf_cnts                
2000e921  _c_int00_noargs                       
2000f4d3  _ctypes_                              
2001f388  _lock                                 
20008313  _nop                                  
2000d67d  _sl_HandleAsync_Accept                
2000cfc1  _sl_HandleAsync_Connect               
2000c8b9  _sl_HandleAsync_DnsGetHostByName      
2000bba9  _sl_HandleAsync_DnsGetHostByService   
2000cc0d  _sl_HandleAsync_InitComplete          
2000c949  _sl_HandleAsync_PingResponse          
2000db8d  _sl_HandleAsync_Select                
2000dc35  _sl_HandleAsync_Stop                  
2000d4dd  _sl_NetAppSendTokenValue              
20017000  _sys_memory                           
UNDEFED   _system_post_cinit                    
2000efcf  _system_pre_init                      
2001f38c  _unlock                               
2000efd3  abort                                 
2000afc9  aligned_alloc                         
2000ddb5  atoi                                  
ffffffff  binit                                 
2001f2b8  bit_count                             
2001f2c8  charIndex                             
2001f1b8  composeBuffer                         
2001f2d0  composeLength                         
200060e1  connectToAccessPoint                  
2000ef99  copysign                              
2000ef99  copysignl                             
2001f334  current_altitude                      
2001f344  current_callsign                      
2001f2d4  cursorXBottom                         
2001f2d8  cursorYBottom                         
2001f308  cursor_x                              
2001f30c  cursor_y                              
2001f2b4  data                                  
2001f2ac  delta                                 
20006c6f  drawChar                              
20006411  drawCircle                            
20006545  drawCircleHelper                      
2000821d  drawFastHLine                         
20008181  drawFastVLine                         
2000678b  drawLine                              
200082b9  drawPixel                             
20006877  drawRect                              
200068c5  drawRoundRect                         
20006a2d  drawTriangle                          
2001f398  errno                                 
20006663  fillCircle                            
2000669d  fillCircleHelper                      
200080c7  fillRect                              
200069b3  fillRoundRect                         
200080b1  fillScreen                            
20006a6f  fillTriangle                          
2000b751  free                                  
2000d92d  frexp                                 
2000d92d  frexpl                                
2001f25c  g_Host                                
2001f354  g_SlDeviceStatus                      
2001f37c  g_SpiFd                               
2001f26c  g__SlNonOsCB                          
2001f248  g_app_config                          
2001f265  g_bDeviceRestartIsRequired            
2001f266  g_cDummy                              
2001f358  g_pCB                                 
2001f380  g_pHostIntHdl                         
20004000  g_pfnVectors                          
2001f260  g_port                                
2001f1f8  g_time                                
2001f250  g_ucConnectionBSSID                   
2001f224  g_ucConnectionSSID                    
2001f384  g_ucDMAEnabled                        
2001f168  g_ucDinDout                           
2001f267  g_ucLED1Pin                           
2001f268  g_ucLED2Pin                           
2001f269  g_ucLED3Pin                           
2001f364  g_uiLED1Port                          
2001f368  g_uiLED2Port                          
2001f36c  g_uiLED3Port                          
2001f378  g_ulGatewayIP                         
2001f374  g_ulPingPacketsRecv                   
2001f370  g_ulStatus                            
2000802b  goTo                                  
20006e6f  height                                
200082f7  invert                                
2001f2c4  lastButton                            
2001f2cc  lastPressTime                         
2000bad9  ldexp                                 
2000bad9  ldexpl                                
2000448d  main                                  
2000efc1  malloc                                
2000afc9  memalign                              
2000ec09  memccpy                               
2000c35d  memcpy                                
2000e841  memmove                               
2000d149  memset                                
2001f2b0  message_buffer                        
2001f2bc  message_ready                         
2001f2e0  multi_tap_chars                       
2001f2dc  new_flight_data                       
2001f35c  pPingCallBackFunc                     
2000b835  realloc                               
20005115  record_bit                            
2000bad9  scalbn                                
2000bad9  scalbnl                               
20006e07  setCursor                             
20006e3f  setTextColor                          
20006e1f  setTextSize                           
20006e57  setTextWrap                           
2000e3bd  simplelink_timerA2_start              
2000d80d  sl_Close                              
20009e09  sl_Connect                            
2000bc75  sl_DevGet                             
2000c495  sl_DevSet                             
2000e105  sl_Htonl                              
2000e3f9  sl_Htons                              
2000a659  sl_NetAppDnsGetHostByName             
2000b919  sl_NetAppMDNSRegisterUnregisterService
2000d6e1  sl_NetAppMDNSUnRegisterService        
2000c52d  sl_NetCfgSet                          
2000e88f  sl_Provisioning_HttpServerEventHdl    
2000e89d  sl_Provisioning_NetAppEventHdl        
2000e8a9  sl_Provisioning_WlanEventHdl          
2000c2bd  sl_Recv                               
2000aa11  sl_Send                               
2000c5c5  sl_SetSockOpt                         
2000cc99  sl_Socket                             
2000b495  sl_Start                              
2000b1c5  sl_Stop                               
200086ad  sl_WlanConnect                        
2000e4a9  sl_WlanDisconnect                     
2000c9d9  sl_WlanPolicySet                      
2000d86d  sl_WlanProfileDel                     
2000ceb9  sl_WlanRxFilterSet                    
2000c65d  sl_WlanSet                            
2000d8cd  sl_WlanSetMode                        
2000d1bd  spi_Close                             
2000a3cd  spi_Open                              
2000b2b5  spi_Read                              
2000c6f5  spi_Write                             
2000e249  sprintf                               
2000ee8b  strchr                                
2000eedd  strcpy                                
2000eef1  strlen                                
2000e581  strstr                                
2001f318  textbgcolor                           
2001f314  textcolor                             
2001f310  textsize                              
2001f2c0  tickCount                             
2001f2a8  ticks                                 
20005ee9  tls_connect                           
2000de01  uDMAChannelAssign                     
2000d745  uDMAChannelAttributeDisable           
2000d7a9  uDMAChannelAttributeEnable            
2000e435  uDMAChannelControlSet                 
2000ec25  uDMAChannelEnable                     
2000b3a5  uDMAChannelTransferSet                
2000e289  vsnprintf                             
2000ef17  wcslen                                
20006e6b  width                                 
2001f31c  wrap                                  
20007e71  writeCommand                          
20007eb5  writeData                             


GLOBAL SYMBOLS: SORTED BY Symbol Address 

address   name                                  
-------   ----                                  
00001000  __STACK_SIZE                          
00008000  __SYSMEM_SIZE                         
20004000  g_pfnVectors                          
2000448d  main                                  
20004f43  PostFlightData                        
200050b9  SysTickReset                          
200050c9  SysTickInit                           
200050e5  TickDifference                        
20005115  record_bit                            
2000516d  GPIOIntHandler                        
200051fd  TimerTickHandler                      
20005279  ProcessButton                         
200053d9  DeleteChar                            
20005459  PostIRMessage                         
2000550d  SimpleLinkWlanEventHandler            
2000561b  SimpleLinkNetAppEventHandler          
200056bd  SimpleLinkHttpServerCallback          
200056e1  SimpleLinkGeneralEventHandler         
20005701  SimpleLinkSockEventHandler            
20005ee9  tls_connect                           
200060e1  connectToAccessPoint                  
20006411  drawCircle                            
20006545  drawCircleHelper                      
20006663  fillCircle                            
2000669d  fillCircleHelper                      
2000678b  drawLine                              
20006877  drawRect                              
200068c5  drawRoundRect                         
200069b3  fillRoundRect                         
20006a2d  drawTriangle                          
20006a6f  fillTriangle                          
20006c6f  drawChar                              
20006dbb  Outstr                                
20006e07  setCursor                             
20006e1f  setTextSize                           
20006e3f  setTextColor                          
20006e57  setTextWrap                           
20006e6b  width                                 
20006e6f  height                                
20006e91  __TI_printfi                          
20007e71  writeCommand                          
20007eb5  writeData                             
20007ef9  Adafruit_Init                         
2000802b  goTo                                  
2000806f  Color565                              
200080b1  fillScreen                            
200080c7  fillRect                              
20008181  drawFastVLine                         
2000821d  drawFastHLine                         
200082b9  drawPixel                             
200082f7  invert                                
20008313  _nop                                  
20008351  GPIO_IF_LedConfigure                  
2000838f  GPIO_IF_LedOn                         
20008443  GPIO_IF_LedOff                        
200084f7  GPIO_IF_LedStatus                     
20008561  GPIO_IF_LedToggle                     
2000858f  GPIO_IF_GetPortNPin                   
200085d5  GPIO_IF_ConfigureNIntEnable           
2000861d  GPIO_IF_Set                           
20008661  GPIO_IF_Get                           
200086ad  sl_WlanConnect                        
2000892d  InitTerm                              
2000894b  Message                               
2000896d  ClearTerm                             
20008977  Error                                 
200089af  GetCmd                                
20008a55  TrimSpace                             
20008aed  Report                                
20009059  _SlDrvDataReadOp                      
2000923d  _SlDrvReleasePoolObj                  
200095d9  __aeabi_dsub                          
200095e3  __aeabi_dadd                          
2000978f  __aeabi_idiv0                         
2000978f  __aeabi_ldiv0                         
20009791  _SlDrvDriverCBInit                    
20009b61  Timer_IF_Init                         
20009b93  Timer_IF_IntSetup                     
20009bdf  Timer_IF_InterruptClear               
20009bf7  Timer_IF_Start                        
20009c17  Timer_IF_Stop                         
20009c27  Timer_IF_DeInit                       
20009c41  Timer_IF_ReLoad                       
20009c59  Timer_IF_GetCount                     
20009c79  _SlDrvWaitForPoolObj                  
20009e09  sl_Connect                            
20009f95  PRCMCC3200MCUInit                     
2000a27d  _SlDrvDataWriteOp                     
2000a3cd  spi_Open                              
2000a659  sl_NetAppDnsGetHostByName             
2000a8d9  __aeabi_ddiv                          
2000aa11  sl_Send                               
2000ab45  _SlDrvDriverCBDeinit                  
2000ac75  PinMuxConfig                          
2000aec5  _SlDrvNetAppEventHandler              
2000afc9  aligned_alloc                         
2000afc9  memalign                              
2000b0c9  __aeabi_dmul                          
2000b1c5  sl_Stop                               
2000b2b5  spi_Read                              
2000b3a5  uDMAChannelTransferSet                
2000b495  sl_Start                              
2000b669  _SlDrvMsgReadSpawnCtx                 
2000b751  free                                  
2000b835  realloc                               
2000b919  sl_NetAppMDNSRegisterUnregisterService
2000bad9  ldexp                                 
2000bad9  ldexpl                                
2000bad9  scalbn                                
2000bad9  scalbnl                               
2000bba9  _sl_HandleAsync_DnsGetHostByService   
2000bc75  sl_DevGet                             
2000be05  _SlDrvCmdOp                           
2000bf79  _SlNonOsSemGet                        
2000c029  IntDisable                            
2000c0d1  IntEnable                             
2000c179  _SlDriverHandleError                  
2000c21d  SPIConfigSetExpClk                    
2000c2bd  sl_Recv                               
2000c35d  __aeabi_memcpy                        
2000c35d  __aeabi_memcpy4                       
2000c35d  __aeabi_memcpy8                       
2000c35d  memcpy                                
2000c3f9  _SlDrvDeviceEventHandler              
2000c495  sl_DevSet                             
2000c52d  sl_NetCfgSet                          
2000c5c5  sl_SetSockOpt                         
2000c65d  sl_WlanSet                            
2000c6f5  spi_Write                             
2000c78d  __aeabi_uldivmod                      
2000c825  PRCMPeripheralClockGet                
2000c8b9  _sl_HandleAsync_DnsGetHostByName      
2000c949  _sl_HandleAsync_PingResponse          
2000c9d9  sl_WlanPolicySet                      
2000cb81  _SlDrvIsTimeoutExpired                
2000cc0d  _sl_HandleAsync_InitComplete          
2000cc99  sl_Socket                             
2000cd25  PinConfigSet                          
2000cdad  __aeabi_cdcmpeq                       
2000cdad  __aeabi_cdcmple                       
2000ce33  __aeabi_cdrcmple                      
2000ceb9  sl_WlanRxFilterSet                    
2000cf3d  GPIOIntTypeSet                        
2000cfc1  _sl_HandleAsync_Connect               
2000d141  __aeabi_memclr                        
2000d141  __aeabi_memclr4                       
2000d141  __aeabi_memclr8                       
2000d143  __aeabi_memset                        
2000d143  __aeabi_memset4                       
2000d143  __aeabi_memset8                       
2000d149  memset                                
2000d1bd  spi_Close                             
2000d235  UARTConfigSetExpClk                   
2000d2ad  _SlNonOsMainLoopTask                  
2000d321  TimerIntRegister                      
2000d471  _SlDrvCmdSend                         
2000d4dd  _sl_NetAppSendTokenValue              
2000d549  TimerIntUnregister                    
2000d5b1  __TI_decompress_lzss                  
2000d619  _SlNonOsSpawn                         
2000d67d  _sl_HandleAsync_Accept                
2000d6e1  sl_NetAppMDNSUnRegisterService        
2000d745  uDMAChannelAttributeDisable           
2000d7a9  uDMAChannelAttributeEnable            
2000d80d  sl_Close                              
2000d86d  sl_WlanProfileDel                     
2000d8cd  sl_WlanSetMode                        
2000d92d  frexp                                 
2000d92d  frexpl                                
2000d989  IntPendClear                          
2000d9e1  PRCMPeripheralReset                   
2000da91  IntPrioritySet                        
2000dae5  _SlDrvRxIrqHandler                    
2000db39  __TI_ltoa                             
2000db8d  _sl_HandleAsync_Select                
2000dc35  _sl_HandleAsync_Stop                  
2000dc85  SPIIntEnable                          
2000dd1d  _SlDrvProtectAsyncRespSetting         
2000ddb5  atoi                                  
2000de01  uDMAChannelAssign                     
2000de95  SPIIntClear                           
2000dedd  _SlDrvBasicCmd                        
2000df25  __aeabi_d2iz                          
2000dfb1  TimerConfigure                        
2000dff5  _SlDrvHandleHttpServerEvents          
2000e039  _SlDrvSyncObjWaitTimeout              
2000e07d  __TI_auto_init_nobinit_nopinit        
2000e105  sl_Htonl                              
2000e149  PinModeSet                            
2000e189  _SlDrvHandleNetAppEvents              
2000e1c9  _SlDrvHandleWlanEvents                
2000e249  sprintf                               
2000e289  vsnprintf                             
2000e2c9  NwpRegisterInterruptHandler           
2000e381  PRCMPeripheralClkEnable               
2000e3bd  simplelink_timerA2_start              
2000e3f9  sl_Htons                              
2000e435  uDMAChannelControlSet                 
2000e471  NwpPowerOff                           
2000e4a9  sl_WlanDisconnect                     
2000e4e1  GPIODirModeSet                        
2000e519  PRCMPeripheralStatusGet               
2000e54d  SPIFIFOLevelSet                       
2000e581  strstr                                
2000e5b5  PinTypeGPIO                           
2000e5e5  UARTDisable                           
2000e645  __aeabi_i2d                           
2000e675  NwpPowerOn                            
2000e6a1  PRCMSysResetCauseGet                  
2000e6f9  _SlDrvProtectionObjLockWaitForever    
2000e725  TimerLoadSet                          
2000e74f  TimerPrescaleSet                      
2000e779  PRCMPeripheralClkDisable              
2000e7a1  _SlDrvGlobalObjUnLock                 
2000e7c9  _SlDrvProtectionObjUnLock             
2000e7f1  _SlDrvSyncObjWaitForever              
2000e841  memmove                               
2000e869  _SlDrvObjLockWaitForever              
2000e88f  sl_Provisioning_HttpServerEventHdl    
2000e89d  sl_Provisioning_NetAppEventHdl        
2000e8a9  sl_Provisioning_WlanEventHdl          
2000e8b5  DmaSpiSwIntHandler                    
2000e8d9  IntUnregister                         
2000e8fd  UARTEnable                            
2000e921  _c_int00_noargs                       
2000e945  GPIOIntStatus                         
2000e967  SPIReset                              
2000e989  SPIWordCountSet                       
2000e9ab  GPIOPinWrite                          
2000e9cd  IntRegister                           
2000e9ed  NwpPrePowerOffTimout0                 
2000ea0d  SPIDataGet                            
2000ea2d  TimerGetCurrentTimestamp              
2000ea4d  _SlDrvObjUnLock                       
2000ea6d  _SlDrvSyncObjSignal                   
2000ea8d  GPIOIntRegister                       
2000eaab  SPIDataPut                            
2000eac9  TimerDisable                          
2000eae7  TimerEnable                           
2000eb05  TimerIntStatus                        
2000eb23  UARTCharPut                           
2000eb61  SysTickIntRegister                    
2000eb7d  TimerValueGet                         
2000eb99  UARTCharGetNonBlocking                
2000ebb5  _SlDrvStartMeasureTimeout             
2000ebd1  __TI_zero_init_nomemset               
2000ec09  memccpy                               
2000ec25  uDMAChannelEnable                     
2000ec41  GPIOIntEnable                         
2000ec5b  PinTypeSPI                            
2000ec75  PinTypeUART                           
2000ec8f  SPIDmaDisable                         
2000eca9  SPIDmaEnable                          
2000ecc3  SPIFIFODisable                        
2000ecdd  SPIFIFOEnable                         
2000ecf7  SPIIntUnregister                      
2000ed11  GPIOPinRead                           
2000ed29  SPICSDisable                          
2000ed41  SPICSEnable                           
2000ed59  SPIDisable                            
2000ed71  SPIEnable                             
2000ed89  SysTickPeriodSet                      
2000eda1  TimerIntDisable                       
2000edb9  TimerIntEnable                        
2000edd1  UARTCharsAvail                        
2000ede9  _SlNonOsSemSet                        
2000ee49  PRCMHIBRegRead                        
2000ee5f  PRCMHIBRegWrite                       
2000ee75  _SlDrvMemZero                         
2000ee8b  strchr                                
2000eea1  CPUcpsie                              
2000eeb5  GPIOIntClear                          
2000eec9  IntVTableBaseSet                      
2000eedd  strcpy                                
2000eef1  strlen                                
2000ef05  TimerIntClear                         
2000ef17  wcslen                                
2000ef29  SysTickEnable                         
2000ef39  _SlDrvDispatchHttpServerEvents        
2000ef49  _SlDrvResetCmdExt                     
2000ef57  __TI_decompress_none                  
2000ef65  ResetISR                              
2000ef75  NwpMaskInterrupt                      
2000ef81  NwpUnMaskInterrupt                    
2000ef8d  SysTickValueGet                       
2000ef99  copysign                              
2000ef99  copysignl                             
2000efa5  IntMasterEnable                       
2000efb9  __aeabi_errno_addr                    
2000efc1  malloc                                
2000efc9  UtilsDelay                            
2000efcf  _system_pre_init                      
2000efd3  C$$EXIT                               
2000efd3  abort                                 
2000f4d3  _ctypes_                              
2000f850  OpcodeTranslateTable                  
2000f88c  _SlActionLookupTable                  
2000fa84  _SlNetAppSendTokenValueCmdCtrl        
2000fac8  __TI_static_base__                    
2000fb34  __TI_Handler_Table_Base               
2000fb40  __TI_Handler_Table_Limit              
2000fb48  __TI_CINIT_Base                       
2000fb58  __TI_CINIT_Limit                      
20017000  __start___llvm_prf_cnts               
20017000  __stop___llvm_prf_cnts                
20017000  _sys_memory                           
2001f168  g_ucDinDout                           
2001f1b8  composeBuffer                         
2001f1f8  g_time                                
2001f224  g_ucConnectionSSID                    
2001f248  g_app_config                          
2001f250  g_ucConnectionBSSID                   
2001f25c  g_Host                                
2001f260  g_port                                
2001f264  RxIrqCnt                              
2001f265  g_bDeviceRestartIsRequired            
2001f266  g_cDummy                              
2001f267  g_ucLED1Pin                           
2001f268  g_ucLED2Pin                           
2001f269  g_ucLED3Pin                           
2001f26c  g__SlNonOsCB                          
2001f2a8  ticks                                 
2001f2ac  delta                                 
2001f2b0  message_buffer                        
2001f2b4  data                                  
2001f2b8  bit_count                             
2001f2bc  message_ready                         
2001f2c0  tickCount                             
2001f2c4  lastButton                            
2001f2c8  charIndex                             
2001f2cc  lastPressTime                         
2001f2d0  composeLength                         
2001f2d4  cursorXBottom                         
2001f2d8  cursorYBottom                         
2001f2dc  new_flight_data                       
2001f2e0  multi_tap_chars                       
2001f308  cursor_x                              
2001f30c  cursor_y                              
2001f310  textsize                              
2001f314  textcolor                             
2001f318  textbgcolor                           
2001f31c  wrap                                  
2001f334  current_altitude                      
2001f344  current_callsign                      
2001f354  g_SlDeviceStatus                      
2001f358  g_pCB                                 
2001f35c  pPingCallBackFunc                     
2001f364  g_uiLED1Port                          
2001f368  g_uiLED2Port                          
2001f36c  g_uiLED3Port                          
2001f370  g_ulStatus                            
2001f374  g_ulPingPacketsRecv                   
2001f378  g_ulGatewayIP                         
2001f37c  g_SpiFd                               
2001f380  g_pHostIntHdl                         
2001f384  g_ucDMAEnabled                        
2001f388  _lock                                 
2001f38c  _unlock                               
2001f398  errno                                 
2002f000  __stack                               
20030000  __STACK_END                           
ffffffff  __TI_pprof_out_hndl                   
ffffffff  __TI_prof_data_size                   
ffffffff  __TI_prof_data_start                  
ffffffff  __binit__                             
ffffffff  __c_args__                            
ffffffff  binit                                 
UNDEFED   __mpu_init                            
UNDEFED   _system_post_cinit                    

[369 symbols]
